Component: ARM Compiler 6.16 Tool: armlink [5dfeaa00]

==============================================================================

Section Cross References

    adc.o(.text.ADC_Init) refers to adc.o(.text.__NVIC_ClearPendingIRQ) for __NVIC_ClearPendingIRQ
    adc.o(.text.ADC_Init) refers to adc.o(.text.__NVIC_EnableIRQ) for __NVIC_EnableIRQ
    adc.o(.ARM.exidx.text.ADC_Init) refers to adc.o(.text.ADC_Init) for [Anonymous Symbol]
    adc.o(.ARM.exidx.text.__NVIC_ClearPendingIRQ) refers to adc.o(.text.__NVIC_ClearPendingIRQ) for [Anonymous Symbol]
    adc.o(.ARM.exidx.text.__NVIC_EnableIRQ) refers to adc.o(.text.__NVIC_EnableIRQ) for [Anonymous Symbol]
    i2c.o(.ARM.exidx.text.I2C_Init) refers to i2c.o(.text.I2C_Init) for [Anonymous Symbol]
    i2c.o(.text.I2C_Ping) refers to i2c.o(.text.i2c_enable) for i2c_enable
    i2c.o(.text.I2C_Ping) refers to i2c.o(.text.i2c_tran) for i2c_tran
    i2c.o(.text.I2C_Ping) refers to i2c.o(.text.i2c_m_start) for i2c_m_start
    i2c.o(.text.I2C_Ping) refers to i2c.o(.text.i2c_send) for i2c_send
    i2c.o(.text.I2C_Ping) refers to i2c.o(.text.i2c_wait) for i2c_wait
    i2c.o(.text.I2C_Ping) refers to i2c.o(.text.i2c_m_stop) for i2c_m_stop
    i2c.o(.text.I2C_Ping) refers to i2c.o(.text.i2c_disable) for i2c_disable
    i2c.o(.text.I2C_Ping) refers to i2c.o(.bss.error) for [Anonymous Symbol]
    i2c.o(.ARM.exidx.text.I2C_Ping) refers to i2c.o(.text.I2C_Ping) for [Anonymous Symbol]
    i2c.o(.ARM.exidx.text.i2c_enable) refers to i2c.o(.text.i2c_enable) for [Anonymous Symbol]
    i2c.o(.ARM.exidx.text.i2c_tran) refers to i2c.o(.text.i2c_tran) for [Anonymous Symbol]
    i2c.o(.ARM.exidx.text.i2c_m_start) refers to i2c.o(.text.i2c_m_start) for [Anonymous Symbol]
    i2c.o(.ARM.exidx.text.i2c_send) refers to i2c.o(.text.i2c_send) for [Anonymous Symbol]
    i2c.o(.text.i2c_wait) refers to i2c.o(.text.i2c_clr_IICIF) for i2c_clr_IICIF
    i2c.o(.text.i2c_wait) refers to i2c.o(.bss.error) for [Anonymous Symbol]
    i2c.o(.ARM.exidx.text.i2c_wait) refers to i2c.o(.text.i2c_wait) for [Anonymous Symbol]
    i2c.o(.ARM.exidx.text.i2c_m_stop) refers to i2c.o(.text.i2c_m_stop) for [Anonymous Symbol]
    i2c.o(.ARM.exidx.text.i2c_disable) refers to i2c.o(.text.i2c_disable) for [Anonymous Symbol]
    i2c.o(.text.I2C_Write) refers to i2c.o(.text.i2c_enable) for i2c_enable
    i2c.o(.text.I2C_Write) refers to i2c.o(.text.i2c_tran) for i2c_tran
    i2c.o(.text.I2C_Write) refers to i2c.o(.text.i2c_m_start) for i2c_m_start
    i2c.o(.text.I2C_Write) refers to i2c.o(.text.i2c_send) for i2c_send
    i2c.o(.text.I2C_Write) refers to i2c.o(.text.i2c_wait) for i2c_wait
    i2c.o(.text.I2C_Write) refers to i2c.o(.text.i2c_m_stop) for i2c_m_stop
    i2c.o(.text.I2C_Write) refers to i2c.o(.text.i2c_disable) for i2c_disable
    i2c.o(.text.I2C_Write) refers to i2c.o(.bss.error) for [Anonymous Symbol]
    i2c.o(.ARM.exidx.text.I2C_Write) refers to i2c.o(.text.I2C_Write) for [Anonymous Symbol]
    i2c.o(.text.I2C_Read) refers to i2c.o(.text.i2c_enable) for i2c_enable
    i2c.o(.text.I2C_Read) refers to i2c.o(.text.i2c_tran) for i2c_tran
    i2c.o(.text.I2C_Read) refers to i2c.o(.text.i2c_m_start) for i2c_m_start
    i2c.o(.text.I2C_Read) refers to i2c.o(.text.i2c_send) for i2c_send
    i2c.o(.text.I2C_Read) refers to i2c.o(.text.i2c_wait) for i2c_wait
    i2c.o(.text.I2C_Read) refers to i2c.o(.text.i2c_rec) for i2c_rec
    i2c.o(.text.I2C_Read) refers to i2c.o(.text.i2c_nack) for i2c_nack
    i2c.o(.text.I2C_Read) refers to i2c.o(.text.i2c_recv) for i2c_recv
    i2c.o(.text.I2C_Read) refers to i2c.o(.text.i2c_m_stop) for i2c_m_stop
    i2c.o(.text.I2C_Read) refers to i2c.o(.text.i2c_disable) for i2c_disable
    i2c.o(.text.I2C_Read) refers to i2c.o(.bss.error) for [Anonymous Symbol]
    i2c.o(.text.I2C_Read) refers to i2c.o(.bss.dummy) for dummy
    i2c.o(.ARM.exidx.text.I2C_Read) refers to i2c.o(.text.I2C_Read) for [Anonymous Symbol]
    i2c.o(.ARM.exidx.text.i2c_rec) refers to i2c.o(.text.i2c_rec) for [Anonymous Symbol]
    i2c.o(.ARM.exidx.text.i2c_nack) refers to i2c.o(.text.i2c_nack) for [Anonymous Symbol]
    i2c.o(.ARM.exidx.text.i2c_recv) refers to i2c.o(.text.i2c_recv) for [Anonymous Symbol]
    i2c.o(.text.I2C_WriteReg) refers to i2c.o(.text.i2c_enable) for i2c_enable
    i2c.o(.text.I2C_WriteReg) refers to i2c.o(.text.i2c_tran) for i2c_tran
    i2c.o(.text.I2C_WriteReg) refers to i2c.o(.text.i2c_m_start) for i2c_m_start
    i2c.o(.text.I2C_WriteReg) refers to i2c.o(.text.i2c_send) for i2c_send
    i2c.o(.text.I2C_WriteReg) refers to i2c.o(.text.i2c_wait) for i2c_wait
    i2c.o(.text.I2C_WriteReg) refers to i2c.o(.text.i2c_m_stop) for i2c_m_stop
    i2c.o(.text.I2C_WriteReg) refers to i2c.o(.text.i2c_disable) for i2c_disable
    i2c.o(.text.I2C_WriteReg) refers to i2c.o(.bss.error) for [Anonymous Symbol]
    i2c.o(.ARM.exidx.text.I2C_WriteReg) refers to i2c.o(.text.I2C_WriteReg) for [Anonymous Symbol]
[...]
    system_mkl05z4.o(.text.SystemCoreClockUpdate) refers to system_mkl05z4.o(.data.SystemCoreClock) for SystemCoreClock
    system_mkl05z4.o(.ARM.exidx.text.SystemCoreClockUpdate) refers to system_mkl05z4.o(.text.SystemCoreClockUpdate) for [Anonymous Symbol]
    __2sprintf.o(.text) refers to _printf_char_common.o(.text) for _printf_char_common
    __2sprintf.o(.text) refers to _sputc.o(.text) for _sputc
    noretval__2sprintf.o(.text) refers to _printf_char_common.o(.text) for _printf_char_common
    noretval__2sprintf.o(.text) refers to _sputc.o(.text) for _sputc
    __printf.o(.text) refers to _printf_percent.o(.ARM.Collect$$_printf_percent$$00000000) for _printf_percent
    __printf_flags.o(.text) refers to _printf_percent.o(.ARM.Collect$$_printf_percent$$00000000) for _printf_percent
    __printf_flags.o(.text) refers to __printf_flags.o(.constdata) for .constdata
    __printf_ss.o(.text) refers to _printf_percent.o(.ARM.Collect$$_printf_percent$$00000000) for _printf_percent
    __printf_flags_ss.o(.text) refers to _printf_percent.o(.ARM.Collect$$_printf_percent$$00000000) for _printf_percent
    __printf_flags_ss.o(.text) refers to __printf_flags_ss.o(.constdata) for .constdata
    __printf_wp.o(.text) refers to __printf_wp.o(i._is_digit) for _is_digit
    __printf_wp.o(.text) refers to _printf_percent.o(.ARM.Collect$$_printf_percent$$00000000) for _printf_percent
    __printf_flags_wp.o(.text) refers to __printf_wp.o(i._is_digit) for _is_digit
    __printf_flags_wp.o(.text) refers to _printf_percent.o(.ARM.Collect$$_printf_percent$$00000000) for _printf_percent
    __printf_flags_wp.o(.text) refers to __printf_flags_wp.o(.constdata) for .constdata
    __printf_ss_wp.o(.text) refers to __printf_wp.o(i._is_digit) for _is_digit
    __printf_ss_wp.o(.text) refers to _printf_percent.o(.ARM.Collect$$_printf_percent$$00000000) for _printf_percent
    __printf_flags_ss_wp.o(.text) refers to __printf_wp.o(i._is_digit) for _is_digit
    __printf_flags_ss_wp.o(.text) refers to _printf_percent.o(.ARM.Collect$$_printf_percent$$00000000) for _printf_percent
    __printf_flags_ss_wp.o(.text) refers to __printf_flags_ss_wp.o(.constdata) for .constdata
    _printf_f.o(.ARM.Collect$$_printf_percent$$00000003) refers (Weak) to printf1.o(x$fpl$printf1) for _printf_fp_dec
    _printf_percent.o(.ARM.Collect$$_printf_percent$$00000000) refers (Special) to _printf_percent_end.o(.ARM.Collect$$_printf_percent$$00000017) for _printf_percent_end
    __main.o(!!!main) refers to __rtentry.o(.ARM.Collect$$rtentry$$00000000) for __rt_entry
    f2d.o(.text) refers (Special) to usenofp.o(x$fpl$usenofp) for __I$use$fp
    fflti.o(.text) refers (Special) to usenofp.o(x$fpl$usenofp) for __I$use$fp
    fmul.o(x$fpl$fmul) refers (Special) to usenofp.o(x$fpl$usenofp) for __I$use$fp
    printf1.o(x$fpl$printf1) refers to _printf_fp_dec.o(.text) for _printf_fp_dec_real
    __rtentry.o(.ARM.Collect$$rtentry$$00000000) refers (Special) to __rtentry2.o(.ARM.Collect$$rtentry$$0000000A) for __rt_entry_li
    __rtentry.o(.ARM.Collect$$rtentry$$00000000) refers (Special) to __rtentry2.o(.ARM.Collect$$rtentry$$0000000D) for __rt_entry_main
    __rtentry.o(.ARM.Collect$$rtentry$$00000000) refers (Special) to __rtentry2.o(.ARM.Collect$$rtentry$$0000000C) for __rt_entry_postli_1
    __rtentry.o(.ARM.Collect$$rtentry$$00000000) refers (Special) to __rtentry2.o(.ARM.Collect$$rtentry$$00000009) for __rt_entry_postsh_1
    __rtentry.o(.ARM.Collect$$rtentry$$00000000) refers (Special) to __rtentry2.o(.ARM.Collect$$rtentry$$00000002) for __rt_entry_presh_1
    __rtentry.o(.ARM.Collect$$rtentry$$00000000) refers (Special) to __rtentry4.o(.ARM.Collect$$rtentry$$00000004) for __rt_entry_sh
    aeabi_idiv0_sigfpe.o(.text) refers to rt_div0.o(.text) for __rt_div0
    _printf_fp_dec.o(.text) refers (Special) to usenofp.o(x$fpl$usenofp) for __I$use$fp
    _printf_fp_dec.o(.text) refers (Special) to lc_numeric_c.o(locale$$code) for _get_lc_numeric
    _printf_fp_dec.o(.text) refers to bigflt0.o(.text) for _btod_etento
    _printf_fp_dec.o(.text) refers to btod.o(.text) for _btod_d2e
    _printf_fp_dec.o(.text) refers to lludiv10.o(.text) for _ll_udiv10
    _printf_fp_dec.o(.text) refers to fpclassify.o(i.__ARM_fpclassify) for __ARM_fpclassify
    _printf_fp_dec.o(.text) refers to _printf_fp_infnan.o(.text) for _printf_fp_infnan
    _printf_fp_dec.o(.text) refers to rtudiv10.o(.text) for __rt_udiv10
    _printf_fp_dec.o(.text) refers to rt_locale_intlibspace.o(.text) for __rt_locale
    _printf_fp_dec_accurate.o(.text) refers (Special) to usenofp.o(x$fpl$usenofp) for __I$use$fp
    _printf_fp_dec_accurate.o(.text) refers (Special) to lc_numeric_c.o(locale$$code) for _get_lc_numeric
    _printf_fp_dec_accurate.o(.text) refers to btod_accurate.o(.text) for _btod_main
    _printf_fp_dec_accurate.o(.text) refers to fpclassify.o(i.__ARM_fpclassify) for __ARM_fpclassify
    _printf_fp_dec_accurate.o(.text) refers to _printf_fp_infnan.o(.text) for _printf_fp_infnan
    _printf_fp_dec_accurate.o(.text) refers to rtudiv10.o(.text) for __rt_udiv10
    _printf_fp_dec_accurate.o(.text) refers to rt_locale_intlibspace.o(.text) for __rt_locale
    _printf_char_common.o(.text) refers to __printf_wp.o(.text) for __printf
    __rtentry2.o(.ARM.Collect$$rtentry$$00000008) refers to boardinit2.o(.text) for _platform_post_stackheap_init
    __rtentry2.o(.ARM.Collect$$rtentry$$0000000A) refers to libinit.o(.ARM.Collect$$libinit$$00000000) for __rt_lib_init
    __rtentry2.o(.ARM.Collect$$rtentry$$0000000B) refers to boardinit3.o(.text) for _platform_post_lib_init
    __rtentry2.o(.ARM.Collect$$rtentry$$0000000D) refers to main.o(.text) for main
    __rtentry2.o(.ARM.Collect$$rtentry$$0000000D) refers to exit.o(.text) for exit
    __rtentry2.o(.ARM.exidx) refers to __rtentry2.o(.ARM.Collect$$rtentry$$00000001) for .ARM.Collect$$rtentry$$00000001
    __rtentry2.o(.ARM.exidx) refers to __rtentry2.o(.ARM.Collect$$rtentry$$00000008) for .ARM.Collect$$rtentry$$00000008
    __rtentry2.o(.ARM.exidx) refers to __rtentry2.o(.ARM.Collect$$rtentry$$0000000A) for .ARM.Collect$$rtentry$$0000000A
    __rtentry2.o(.ARM.exidx) refers to __rtentry2.o(.ARM.Collect$$rtentry$$0000000B) for .ARM.Collect$$rtentry$$0000000B
    __rtentry2.o(.ARM.exidx) refers to __rtentry2.o(.ARM.Collect$$rtentry$$0000000D) for .ARM.Collect$$rtentry$$0000000D
    __rtentry4.o(.ARM.Collect$$rtentry$$00000004) refers to sys_stackheap_outer.o(.text) for __user_setup_stackheap
    __rtentry4.o(.ARM.exidx) refers to __rtentry4.o(.ARM.Collect$$rtentry$$00000004) for .ARM.Collect$$rtentry$$00000004
    rt_div0.o(.text) refers to defsig_fpe_outer.o(.text) for __rt_SIGFPE
    rt_locale.o(.text) refers to rt_locale.o(.bss) for __rt_locale_data
    rt_locale_intlibspace.o(.text) refers to libspace.o(.bss) for __libspace_start
    bigflt0.o(.text) refers (Special) to usenofp.o(x$fpl$usenofp) for __I$use$fp
    bigflt0.o(.text) refers to aeabi_sdivfast.o(.text) for __aeabi_idivmod
    bigflt0.o(.text) refers to btod.o(.text) for _btod_emul
    bigflt0.o(.text) refers to bigflt0.o(.constdata) for .constdata
    bigflt0.o(.constdata) refers (Special) to usenofp.o(x$fpl$usenofp) for __I$use$fp
    btod.o(.text) refers to btod.o(i.__ARM_common_ll_muluu) for __ARM_common_ll_muluu
    btod_accurate.o(.text) refers to btod_accurate_common.o(.text) for _btod_common
    lc_numeric_c.o(locale$$data) refers (Special) to libinit2.o(.ARM.Collect$$libinit$$00000016) for __rt_lib_init_lc_numeric_2
    lc_numeric_c.o(locale$$code) refers (Special) to libinit2.o(.ARM.Collect$$libinit$$00000016) for __rt_lib_init_lc_numeric_2
    lc_numeric_c.o(locale$$code) refers to strcmpv6m.o(.text) for strcmp
    lc_numeric_c.o(locale$$code) refers to lc_numeric_c.o(locale$$data) for __lcnum_c_name
    ieee_status.o(.text) refers (Special) to usenofp.o(x$fpl$usenofp) for __I$use$fp
    fpclassify.o(i.__ARM_fpclassify) refers (Special) to usenofp.o(x$fpl$usenofp) for __I$use$fp
    libspace.o(.text) refers to libspace.o(.bss) for __libspace_start
    sys_stackheap_outer.o(.text) refers to libspace.o(.text) for __user_perproc_libspace
    sys_stackheap_outer.o(.text) refers to startup_mkl05z4.o(.text) for __user_initial_stackheap
    sys_stackheap_outer.o(__vectab_stack_and_reset_area) refers to tempstk.o(.text) for __temporary_stack_top
    sys_stackheap_outer.o(__vectab_stack_and_reset_area) refers to __main.o(!!!main) for __main
    btod_accurate_common.o(.text) refers to aeabi_sdivfast.o(.text) for __aeabi_uidivmod
    btod_accurate_common.o(.text) refers to llushr.o(.text) for __aeabi_llsr
    exit.o(.text) refers to rtexit.o(.ARM.Collect$$rtexit$$00000000) for __rt_exit
    defsig_fpe_outer.o(.text) refers to defsig_fpe_inner.o(.text) for __rt_SIGFPE_inner
    defsig_fpe_outer.o(.text) refers to defsig_exit.o(.text) for __sig_exit
    defsig_fpe_formal.o(.text) refers to rt_raise.o(.text) for __rt_raise
    libinit.o(.ARM.Collect$$libinit$$00000000) refers (Special) to libinit2.o(.ARM.Collect$$libinit$$0000002E) for __rt_lib_init_alloca_1
    libinit.o(.ARM.Collect$$libinit$$00000000) refers (Special) to libinit2.o(.ARM.Collect$$libinit$$0000002C) for __rt_lib_init_argv_1
    libinit.o(.ARM.Collect$$libinit$$00000000) refers (Special) to libinit2.o(.ARM.Collect$$libinit$$0000001B) for __rt_lib_init_atexit_1
    libinit.o(.ARM.Collect$$libinit$$00000000) refers (Special) to libinit2.o(.ARM.Collect$$libinit$$00000021) for __rt_lib_init_clock_1
    libinit.o(.ARM.Collect$$libinit$$00000000) refers (Special) to libinit2.o(.ARM.Collect$$libinit$$00000032) for __rt_lib_init_cpp_1
    libinit.o(.ARM.Collect$$libinit$$00000000) refers (Special) to libinit2.o(.ARM.Collect$$libinit$$00000030) for __rt_lib_init_exceptions_1
    libinit.o(.ARM.Collect$$libinit$$00000000) refers (Special) to libinit2.o(.ARM.Collect$$libinit$$00000002) for __rt_lib_init_fp_1
    libinit.o(.ARM.Collect$$libinit$$00000000) refers (Special) to libinit2.o(.ARM.Collect$$libinit$$0000001F) for __rt_lib_init_fp_trap_1
    libinit.o(.ARM.Collect$$libinit$$00000000) refers (Special) to libinit2.o(.ARM.Collect$$libinit$$00000023) for __rt_lib_init_getenv_1
    libinit.o(.ARM.Collect$$libinit$$00000000) refers (Special) to libinit2.o(.ARM.Collect$$libinit$$0000000A) for __rt_lib_init_heap_1
    libinit.o(.ARM.Collect$$libinit$$00000000) refers (Special) to libinit2.o(.ARM.Collect$$libinit$$00000011) for __rt_lib_init_lc_collate_1
    libinit.o(.ARM.Collect$$libinit$$00000000) refers (Special) to libinit2.o(.ARM.Collect$$libinit$$00000013) for __rt_lib_init_lc_ctype_1
    libinit.o(.ARM.Collect$$libinit$$00000000) refers (Special) to libinit2.o(.ARM.Collect$$libinit$$00000015) for __rt_lib_init_lc_monetary_1
    libinit.o(.ARM.Collect$$libinit$$00000000) refers (Special) to libinit2.o(.ARM.Collect$$libinit$$00000017) for __rt_lib_init_lc_numeric_1
    libinit.o(.ARM.Collect$$libinit$$00000000) refers (Special) to libinit2.o(.ARM.Collect$$libinit$$00000019) for __rt_lib_init_lc_time_1
    libinit.o(.ARM.Collect$$libinit$$00000000) refers (Special) to libinit2.o(.ARM.Collect$$libinit$$00000004) for __rt_lib_init_preinit_1
    libinit.o(.ARM.Collect$$libinit$$00000000) refers (Special) to libinit2.o(.ARM.Collect$$libinit$$0000000E) for __rt_lib_init_rand_1
    libinit.o(.ARM.Collect$$libinit$$00000000) refers (Special) to libinit2.o(.ARM.Collect$$libinit$$00000033) for __rt_lib_init_return
    libinit.o(.ARM.Collect$$libinit$$00000000) refers (Special) to libinit2.o(.ARM.Collect$$libinit$$0000001D) for __rt_lib_init_signal_1
    libinit.o(.ARM.Collect$$libinit$$00000000) refers (Special) to libinit2.o(.ARM.Collect$$libinit$$00000025) for __rt_lib_init_stdio_1
    libinit.o(.ARM.Collect$$libinit$$00000000) refers (Special) to libinit2.o(.ARM.Collect$$libinit$$0000000C) for __rt_lib_init_user_alloc_1
    libinit2.o(.ARM.Collect$$libinit$$0000000F) refers (Weak) to rt_locale_intlibspace.o(.text) for __rt_locale
    libinit2.o(.ARM.Collect$$libinit$$00000010) refers to libinit2.o(.ARM.Collect$$libinit$$0000000F) for .ARM.Collect$$libinit$$0000000F
    libinit2.o(.ARM.Collect$$libinit$$00000012) refers to libinit2.o(.ARM.Collect$$libinit$$0000000F) for .ARM.Collect$$libinit$$0000000F
    libinit2.o(.ARM.Collect$$libinit$$00000014) refers to libinit2.o(.ARM.Collect$$libinit$$0000000F) for .ARM.Collect$$libinit$$0000000F
    libinit2.o(.ARM.Collect$$libinit$$00000016) refers to libinit2.o(.ARM.Collect$$libinit$$0000000F) for .ARM.Collect$$libinit$$0000000F
    libinit2.o(.ARM.Collect$$libinit$$00000016) refers (Weak) to lc_numeric_c.o(locale$$code) for _get_lc_numeric
    libinit2.o(.ARM.Collect$$libinit$$00000018) refers to libinit2.o(.ARM.Collect$$libinit$$0000000F) for .ARM.Collect$$libinit$$0000000F
    libinit2.o(.ARM.Collect$$libinit$$00000026) refers to argv_veneer.o(.text) for __ARM_argv_veneer
    libinit2.o(.ARM.Collect$$libinit$$00000027) refers to argv_veneer.o(.text) for __ARM_argv_veneer
    rtexit.o(.ARM.Collect$$rtexit$$00000000) refers (Special) to rtexit2.o(.ARM.Collect$$rtexit$$00000004) for __rt_exit_exit
    rtexit.o(.ARM.Collect$$rtexit$$00000000) refers (Special) to rtexit2.o(.ARM.Collect$$rtexit$$00000003) for __rt_exit_ls
    rtexit.o(.ARM.Collect$$rtexit$$00000000) refers (Special) to rtexit2.o(.ARM.Collect$$rtexit$$00000002) for __rt_exit_prels_1
    rtexit.o(.ARM.exidx) refers (Special) to rtexit2.o(.ARM.Collect$$rtexit$$00000004) for __rt_exit_exit
    rtexit.o(.ARM.exidx) refers (Special) to rtexit2.o(.ARM.Collect$$rtexit$$00000003) for __rt_exit_ls
    rtexit.o(.ARM.exidx) refers (Special) to rtexit2.o(.ARM.Collect$$rtexit$$00000002) for __rt_exit_prels_1
    rtexit.o(.ARM.exidx) refers to rtexit.o(.ARM.Collect$$rtexit$$00000000) for .ARM.Collect$$rtexit$$00000000
    rt_raise.o(.text) refers to __raise.o(.text) for __raise
    rt_raise.o(.text) refers to sys_exit.o(.text) for _sys_exit
    defsig_exit.o(.text) refers to sys_exit.o(.text) for _sys_exit
    defsig_fpe_inner.o(.text) refers to defsig_general.o(.text) for __default_signal_display
    sys_exit.o(.text) refers (Special) to use_no_semi.o(.text) for __I$use$semihosting
    sys_exit.o(.text) refers (Special) to indicate_semi.o(.text) for __semihosting_library_function
    sys_exit_hlt.o(.text) refers (Special) to use_no_semi.o(.text) for __I$use$semihosting
    sys_exit_hlt.o(.text) refers (Special) to indicate_semi.o(.text) for __semihosting_library_function
    rtexit2.o(.ARM.Collect$$rtexit$$00000003) refers to libshutdown.o(.ARM.Collect$$libshutdown$$00000000) for __rt_lib_shutdown
    rtexit2.o(.ARM.Collect$$rtexit$$00000004) refers to sys_exit.o(.text) for _sys_exit
    rtexit2.o(.ARM.exidx) refers to rtexit2.o(.ARM.Collect$$rtexit$$00000001) for .ARM.Collect$$rtexit$$00000001
    rtexit2.o(.ARM.exidx) refers to rtexit2.o(.ARM.Collect$$rtexit$$00000003) for .ARM.Collect$$rtexit$$00000003
    rtexit2.o(.ARM.exidx) refers to rtexit2.o(.ARM.Collect$$rtexit$$00000004) for .ARM.Collect$$rtexit$$00000004
    __raise.o(.text) refers to defsig.o(CL$$defsig) for __default_signal_handler
    defsig_general.o(.text) refers to sys_wrch.o(.text) for _ttywrch
    _get_argv_nomalloc.o(.text) refers (Special) to hrguard.o(.text) for __heap_region$guard
    _get_argv_nomalloc.o(.text) refers to defsig_rtmem_outer.o(.text) for __rt_SIGRTMEM
    _get_argv_nomalloc.o(.text) refers to sys_command.o(.text) for _sys_command_string
    sys_wrch.o(.text) refers (Special) to use_no_semi.o(.text) for __I$use$semihosting
    sys_wrch.o(.text) refers (Special) to indicate_semi.o(.text) for __semihosting_library_function
    sys_command.o(.text) refers (Special) to use_no_semi.o(.text) for __I$use$semihosting
    sys_command.o(.text) refers (Special) to indicate_semi.o(.text) for __semihosting_library_function
    sys_wrch_hlt.o(.text) refers (Special) to use_no_semi.o(.text) for __I$use$semihosting
    sys_wrch_hlt.o(.text) refers (Special) to indicate_semi.o(.text) for __semihosting_library_function
    sys_command_hlt.o(.text) refers (Special) to use_no_semi.o(.text) for __I$use$semihosting
    sys_command_hlt.o(.text) refers (Special) to indicate_semi.o(.text) for __semihosting_library_function
    defsig_rtmem_outer.o(.text) refers to defsig_rtmem_inner.o(.text) for __rt_SIGRTMEM_inner
    defsig_rtmem_outer.o(.text) refers to defsig_exit.o(.text) for __sig_exit
    defsig_rtmem_formal.o(.text) refers to rt_raise.o(.text) for __rt_raise
    defsig.o(CL$$defsig) refers to defsig_fpe_inner.o(.text) for __rt_SIGFPE_inner
    defsig.o(CL$$defsig) refers to defsig_rtmem_inner.o(.text) for __rt_SIGRTMEM_inner
    libshutdown.o(.ARM.Collect$$libshutdown$$00000000) refers (Special) to libshutdown2.o(.ARM.Collect$$libshutdown$$00000002) for __rt_lib_shutdown_cpp_1
    libshutdown.o(.ARM.Collect$$libshutdown$$00000000) refers (Special) to libshutdown2.o(.ARM.Collect$$libshutdown$$00000007) for __rt_lib_shutdown_fp_trap_1
    libshutdown.o(.ARM.Collect$$libshutdown$$00000000) refers (Special) to libshutdown2.o(.ARM.Collect$$libshutdown$$0000000F) for __rt_lib_shutdown_heap_1
    libshutdown.o(.ARM.Collect$$libshutdown$$00000000) refers (Special) to libshutdown2.o(.ARM.Collect$$libshutdown$$00000010) for __rt_lib_shutdown_return
    libshutdown.o(.ARM.Collect$$libshutdown$$00000000) refers (Special) to libshutdown2.o(.ARM.Collect$$libshutdown$$0000000A) for __rt_lib_shutdown_signal_1
    libshutdown.o(.ARM.Collect$$libshutdown$$00000000) refers (Special) to libshutdown2.o(.ARM.Collect$$libshutdown$$00000004) for __rt_lib_shutdown_stdio_1
    libshutdown.o(.ARM.Collect$$libshutdown$$00000000) refers (Special) to libshutdown2.o(.ARM.Collect$$libshutdown$$0000000C) for __rt_lib_shutdown_user_alloc_1
    defsig_abrt_inner.o(.text) refers to defsig_general.o(.text) for __default_signal_display
    defsig_rtred_inner.o(.text) refers to defsig_general.o(.text) for __default_signal_display
    defsig_rtmem_inner.o(.text) refers to defsig_general.o(.text) for __default_signal_display
    defsig_stak_inner.o(.text) refers to defsig_general.o(.text) for __default_signal_display
    defsig_pvfn_inner.o(.text) refers to defsig_general.o(.text) for __default_signal_display
    defsig_cppl_inner.o(.text) refers to defsig_general.o(.text) for __default_signal_display
    defsig_segv_inner.o(.text) refers to defsig_general.o(.text) for __default_signal_display
    defsig_other.o(.text) refers to defsig_general.o(.text) for __default_signal_display


==============================================================================

Removing Unused input sections from the image.

    Removing adc.o(.text), (0 bytes).
    Removing adc.o(.ARM.exidx.text.ADC_Init), (8 bytes).
    Removing adc.o(.ARM.exidx.text.__NVIC_ClearPendingIRQ), (8 bytes).
    Removing adc.o(.ARM.exidx.text.__NVIC_EnableIRQ), (8 bytes).
    Removing i2c.o(.text), (0 bytes).
    Removing i2c.o(.ARM.exidx.text.I2C_Init), (8 bytes).
    Removing i2c.o(.text.I2C_Ping), (52 bytes).
    Removing i2c.o(.ARM.exidx.text.I2C_Ping), (8 bytes).
    Removing i2c.o(.ARM.exidx.text.i2c_enable), (8 bytes).
    Removing i2c.o(.ARM.exidx.text.i2c_tran), (8 bytes).
    Removing i2c.o(.ARM.exidx.text.i2c_m_start), (8 bytes).
    Removing i2c.o(.ARM.exidx.text.i2c_send), (8 bytes).
    Removing i2c.o(.ARM.exidx.text.i2c_wait), (8 bytes).
    Removing i2c.o(.ARM.exidx.text.i2c_m_stop), (8 bytes).
    Removing i2c.o(.ARM.exidx.text.i2c_disable), (8 bytes).
    Removing i2c.o(.ARM.exidx.text.I2C_Write), (8 bytes).
    Removing i2c.o(.ARM.exidx.text.I2C_Read), (8 bytes).
    Removing i2c.o(.ARM.exidx.text.i2c_rec), (8 bytes).
    Removing i2c.o(.ARM.exidx.text.i2c_nack), (8 bytes).
    Removing i2c.o(.ARM.exidx.text.i2c_recv), (8 bytes).
    Removing i2c.o(.text.I2C_WriteReg), (80 bytes).
    Removing i2c.o(.ARM.exidx.text.I2C_WriteReg), (8 bytes).
    Removing i2c.o(.text.I2C_ReadReg), (120 bytes).
    Removing i2c.o(.ARM.exidx.text.I2C_ReadReg), (8 bytes).
    Removing i2c.o(.ARM.exidx.text.i2c_clr_IICIF), (8 bytes).
    Removing i2c.o(.text.i2c_m_rstart), (24 bytes).
    Removing i2c.o(.ARM.exidx.text.i2c_m_rstart), (8 bytes).
    Removing i2c.o(.text.I2C_ReadRegBlock), (176 bytes).
    Removing i2c.o(.ARM.exidx.text.I2C_ReadRegBlock), (8 bytes).
    Removing i2c.o(.text.i2c_ack), (16 bytes).
    Removing i2c.o(.ARM.exidx.text.i2c_ack), (8 bytes).
    Removing lcd1602.o(.text), (0 bytes).
    Removing lcd1602.o(.ARM.exidx.text.LCD1602_Init), (8 bytes).
    Removing lcd1602.o(.ARM.exidx.text.LCD1602_CheckAddress), (8 bytes).
    Removing lcd1602.o(.ARM.exidx.text.LCD1602_Write8), (8 bytes).
    Removing lcd1602.o(.text.LCD1602_Blink_On), (12 bytes).
    Removing lcd1602.o(.ARM.exidx.text.LCD1602_Blink_On), (8 bytes).
    Removing lcd1602.o(.text.LCD1602_Blink_Off), (12 bytes).
    Removing lcd1602.o(.ARM.exidx.text.LCD1602_Blink_Off), (8 bytes).
    Removing lcd1602.o(.text.LCD1602_Blink_Off_Cursor_On), (12 bytes).
    Removing lcd1602.o(.ARM.exidx.text.LCD1602_Blink_Off_Cursor_On), (8 bytes).
    Removing lcd1602.o(.ARM.exidx.text.LCD1602_SetCursor), (8 bytes).
    Removing lcd1602.o(.text.LCD1602_ClearAll), (12 bytes).
    Removing lcd1602.o(.ARM.exidx.text.LCD1602_ClearAll), (8 bytes).
    Removing lcd1602.o(.ARM.exidx.text.LCD1602_Print), (8 bytes).
    Removing lcd1602.o(.text.LCD1602_PrintNum), (44 bytes).
    Removing lcd1602.o(.ARM.exidx.text.LCD1602_PrintNum), (8 bytes).
    Removing lcd1602.o(.text.itoa), (118 bytes).
    Removing lcd1602.o(.ARM.exidx.text.itoa), (8 bytes).
    Removing lcd1602.o(.ARM.exidx.text.LCD1602_Backlight), (8 bytes).
    Removing lcd1602.o(.ARM.exidx.text.PCF8574_Write), (8 bytes).
    Removing lcd1602.o(.ARM.exidx.text.LCD1602_Write4), (8 bytes).
    Removing lcd1602.o(.ARM.exidx.text.LCD1602_BF_AC), (8 bytes).
    Removing lcd1602.o(.text.LCD1602_PL_CH), (196 bytes).
    Removing lcd1602.o(.ARM.exidx.text.LCD1602_PL_CH), (8 bytes).
    Removing lcd1602.o(.text.LCD1602_PrintPL), (136 bytes).
    Removing lcd1602.o(.ARM.exidx.text.LCD1602_PrintPL), (8 bytes).
    Removing lcd1602.o(.data.PL_CH_a_), (8 bytes).
    Removing lcd1602.o(.data.PL_CH_c_), (8 bytes).
    Removing lcd1602.o(.data.PL_CH_e_), (8 bytes).
    Removing lcd1602.o(.data.PL_CH_l_), (8 bytes).
    Removing lcd1602.o(.data.PL_CH_n_), (8 bytes).
    Removing lcd1602.o(.data.PL_CH_o_), (8 bytes).
    Removing lcd1602.o(.data.PL_CH_s_), (8 bytes).
    Removing lcd1602.o(.data.PL_CH_z_), (8 bytes).
    Removing lcd1602.o(.data.PL_CH_z__), (8 bytes).
    Removing main.o(.ARM.exidx), (16 bytes).
    Removing main.o(.ARM.use_no_argv), (4 bytes).
    Removing system_mkl05z4.o(.text), (0 bytes).
    Removing system_mkl05z4.o(.ARM.exidx.text.SystemInit), (8 bytes).
    Removing system_mkl05z4.o(.text.SystemCoreClockUpdate), (184 bytes).
    Removing system_mkl05z4.o(.ARM.exidx.text.SystemCoreClockUpdate), (8 bytes).
    Removing system_mkl05z4.o(.data.SystemCoreClock), (4 bytes).

73 unused section(s) (total 1626 bytes) removed from the image.

==============================================================================

Image Symbol Table

    Local Symbols

    Symbol Name                              Value     Ov Type        Size  Object(Section)

    ../clib/angel/boardlib.s                 0x00000000   Number         0  boardinit1.o ABSOLUTE
    ../clib/angel/boardlib.s                 0x00000000   Number         0  boardinit2.o ABSOLUTE
    ../clib/angel/boardlib.s                 0x00000000   Number         0  boardinit3.o ABSOLUTE
    ../clib/angel/boardlib.s                 0x00000000   Number         0  boardshut.o ABSOLUTE
    ../clib/angel/handlers.s                 0x00000000   Number         0  __scatter_copy.o ABSOLUTE
    ../clib/angel/handlers.s                 0x00000000   Number         0  __scatter_zi.o ABSOLUTE
    ../clib/angel/kernel.s                   0x00000000   Number         0  __rtentry.o ABSOLUTE
    ../clib/angel/kernel.s                   0x00000000   Number         0  __rtentry2.o ABSOLUTE
    ../clib/angel/kernel.s                   0x00000000   Number         0  __rtentry4.o ABSOLUTE
    ../clib/angel/kernel.s                   0x00000000   Number         0  rtexit.o ABSOLUTE
    ../clib/angel/kernel.s                   0x00000000   Number         0  rtexit2.o ABSOLUTE
    ../clib/angel/rt.s                       0x00000000   Number         0  aeabi_idiv0.o ABSOLUTE
    ../clib/angel/rt.s                       0x00000000   Number         0  aeabi_idiv0_sigfpe.o ABSOLUTE
    ../clib/angel/rt.s                       0x00000000   Number         0  rt_div0.o ABSOLUTE
    ../clib/angel/rt.s                       0x00000000   Number         0  rt_locale.o ABSOLUTE
    ../clib/angel/rt.s                       0x00000000   Number         0  rt_locale_intlibspace.o ABSOLUTE
    ../clib/angel/rt.s                       0x00000000   Number         0  rt_raise.o ABSOLUTE
    ../clib/angel/scatterp.s                 0x00000000   Number         0  __scatter.o ABSOLUTE
    ../clib/angel/startup.s                  0x00000000   Number         0  __main.o ABSOLUTE
    ../clib/angel/sys.s                      0x00000000   Number         0  libspace.o ABSOLUTE
    ../clib/angel/sys.s                      0x00000000   Number         0  sys_stackheap_outer.o ABSOLUTE
    ../clib/angel/sys.s                      0x00000000   Number         0  tempstk.o ABSOLUTE
    ../clib/angel/sys.s                      0x00000000   Number         0  use_no_semi.o ABSOLUTE
    ../clib/angel/sys.s                      0x00000000   Number         0  indicate_semi.o ABSOLUTE
    ../clib/angel/sysapp.c                   0x00000000   Number         0  sys_exit.o ABSOLUTE
    ../clib/angel/sysapp.c                   0x00000000   Number         0  sys_exit_hlt.o ABSOLUTE
    ../clib/angel/sysapp.c                   0x00000000   Number         0  sys_wrch.o ABSOLUTE
    ../clib/angel/sysapp.c                   0x00000000   Number         0  sys_command.o ABSOLUTE
    ../clib/angel/sysapp.c                   0x00000000   Number         0  sys_wrch_hlt.o ABSOLUTE
    ../clib/angel/sysapp.c                   0x00000000   Number         0  sys_command_hlt.o ABSOLUTE
    ../clib/armsys.c                         0x00000000   Number         0  argv_veneer.o ABSOLUTE
    ../clib/armsys.c                         0x00000000   Number         0  _get_argv_nomalloc.o ABSOLUTE
    ../clib/armsys.c                         0x00000000   Number         0  no_argv.o ABSOLUTE
    ../clib/bigflt.c                         0x00000000   Number         0  bigflt0.o ABSOLUTE
    ../clib/btod.c                           0x00000000   Number         0  btod.o ABSOLUTE
    ../clib/btod_accurate.c                  0x00000000   Number         0  btod_accurate.o ABSOLUTE
    ../clib/btod_accurate.c                  0x00000000   Number         0  btod_accurate_common.o ABSOLUTE
    ../clib/division.c                       0x00000000   Number         0  lludiv10.o ABSOLUTE
    ../clib/division.c                       0x00000000   Number         0  rtudiv10.o ABSOLUTE
    ../clib/division.s                       0x00000000   Number         0  aeabi_sdivfast.o ABSOLUTE
    ../clib/division.s                       0x00000000   Number         0  aeabi_sdivfast_div0.o ABSOLUTE
    ../clib/heapalloc.c                      0x00000000   Number         0  hrguard.o ABSOLUTE
    ../clib/heapaux.c                        0x00000000   Number         0  heapauxi.o ABSOLUTE
    ../clib/libinit.s                        0x00000000   Number         0  libinit.o ABSOLUTE
    ../clib/libinit.s                        0x00000000   Number         0  libinit2.o ABSOLUTE
    ../clib/libinit.s                        0x00000000   Number         0  libshutdown.o ABSOLUTE
    ../clib/libinit.s                        0x00000000   Number         0  libshutdown2.o ABSOLUTE
    ../clib/locale.s                         0x00000000   Number         0  lc_numeric_c.o ABSOLUTE
    ../clib/longlong.c                       0x00000000   Number         0  llushr.o ABSOLUTE
    ../clib/memcpset.s                       0x00000000   Number         0  strcmpv6m.o ABSOLUTE
    ../clib/misc.s                           0x00000000   Number         0  printf_stubs.o ABSOLUTE
    ../clib/printf.c                         0x00000000   Number         0  __2sprintf.o ABSOLUTE
    ../clib/printf.c                         0x00000000   Number         0  noretval__2sprintf.o ABSOLUTE
    ../clib/printf.c                         0x00000000   Number         0  __printf.o ABSOLUTE
    ../clib/printf.c                         0x00000000   Number         0  __printf_flags.o ABSOLUTE
    ../clib/printf.c                         0x00000000   Number         0  __printf_ss.o ABSOLUTE
    ../clib/printf.c                         0x00000000   Number         0  __printf_flags_ss.o ABSOLUTE
    ../clib/printf.c                         0x00000000   Number         0  __printf_wp.o ABSOLUTE
    ../clib/printf.c                         0x00000000   Number         0  __printf_flags_wp.o ABSOLUTE
    ../clib/printf.c                         0x00000000   Number         0  __printf_ss_wp.o ABSOLUTE
    ../clib/printf.c                         0x00000000   Number         0  __printf_flags_ss_wp.o ABSOLUTE
    ../clib/printf.c                         0x00000000   Number         0  _printf_fp_dec.o ABSOLUTE
    ../clib/printf.c                         0x00000000   Number         0  _printf_fp_dec_accurate.o ABSOLUTE
    ../clib/printf.c                         0x00000000   Number         0  _printf_char_common.o ABSOLUTE
    ../clib/printf.c                         0x00000000   Number         0  _sputc.o ABSOLUTE
    ../clib/printf.c                         0x00000000   Number         0  _printf_fp_infnan.o ABSOLUTE
    ../clib/printf.c                         0x00000000   Number         0  __printf_nopercent.o ABSOLUTE
    ../clib/printf_percent.s                 0x00000000   Number         0  _printf_f.o ABSOLUTE
    ../clib/printf_percent.s                 0x00000000   Number         0  _printf_percent.o ABSOLUTE
    ../clib/printf_percent.s                 0x00000000   Number         0  _printf_percent_end.o ABSOLUTE
    ../clib/signal.c                         0x00000000   Number         0  defsig_fpe_outer.o ABSOLUTE
    ../clib/signal.c                         0x00000000   Number         0  defsig_fpe_formal.o ABSOLUTE
    ../clib/signal.c                         0x00000000   Number         0  defsig_exit.o ABSOLUTE
    ../clib/signal.c                         0x00000000   Number         0  defsig_fpe_inner.o ABSOLUTE
    ../clib/signal.c                         0x00000000   Number         0  __raise.o ABSOLUTE
    ../clib/signal.c                         0x00000000   Number         0  defsig_general.o ABSOLUTE
    ../clib/signal.c                         0x00000000   Number         0  defsig_rtmem_outer.o ABSOLUTE
    ../clib/signal.c                         0x00000000   Number         0  defsig_rtmem_formal.o ABSOLUTE
    ../clib/signal.c                         0x00000000   Number         0  defsig_abrt_inner.o ABSOLUTE
    ../clib/signal.c                         0x00000000   Number         0  defsig_rtred_inner.o ABSOLUTE
    ../clib/signal.c                         0x00000000   Number         0  defsig_rtmem_inner.o ABSOLUTE
    ../clib/signal.c                         0x00000000   Number         0  defsig_stak_inner.o ABSOLUTE
    ../clib/signal.c                         0x00000000   Number         0  defsig_pvfn_inner.o ABSOLUTE
    ../clib/signal.c                         0x00000000   Number         0  defsig_cppl_inner.o ABSOLUTE
    ../clib/signal.c                         0x00000000   Number         0  defsig_segv_inner.o ABSOLUTE
    ../clib/signal.c                         0x00000000   Number         0  defsig_other.o ABSOLUTE
    ../clib/signal.s                         0x00000000   Number         0  defsig.o ABSOLUTE
    ../clib/stdlib.c                         0x00000000   Number         0  exit.o ABSOLUTE
    ../fplib/cfplib/f2d.c                    0x00000000   Number         0  f2d.o ABSOLUTE
    ../fplib/cfplib/fflt.c                   0x00000000   Number         0  fflti.o ABSOLUTE
    ../fplib/cfplib/fpinit.c                 0x00000000   Number         0  fpinit.o ABSOLUTE
    ../fplib/cfplib/ieee_status.c            0x00000000   Number         0  ieee_status.o ABSOLUTE
    ../fplib/fmul6m.s                        0x00000000   Number         0  fmul.o ABSOLUTE
    ../fplib/printf1.s                       0x00000000   Number         0  printf1.o ABSOLUTE
    ../fplib/usenofp.s                       0x00000000   Number         0  usenofp.o ABSOLUTE
    ../mathlib/fpclassify.c                  0x00000000   Number         0  fpclassify.o ABSOLUTE
    ADC.c                                    0x00000000   Number         0  adc.o ABSOLUTE
    RTE/Device/MKL05Z32xxx4/startup_MKL05Z4.s 0x00000000   Number         0  startup_mkl05z4.o ABSOLUTE
    dc.s                                     0x00000000   Number         0  dc.o ABSOLUTE
    i2c.c                                    0x00000000   Number         0  i2c.o ABSOLUTE
    lcd1602.c                                0x00000000   Number         0  lcd1602.o ABSOLUTE
    main.c                                   0x00000000   Number         0  main.o ABSOLUTE
    system_MKL05Z4.c                         0x00000000   Number         0  system_mkl05z4.o ABSOLUTE
    RESET                                    0x00000000   Section      192  startup_mkl05z4.o(RESET)
    !!!main                                  0x000000c0   Section        8  __main.o(!!!main)
    !!!scatter                               0x000000c8   Section       60  __scatter.o(!!!scatter)
    !!handler_copy                           0x00000104   Section       26  __scatter_copy.o(!!handler_copy)
    !!handler_zi                             0x00000120   Section       28  __scatter_zi.o(!!handler_zi)
    .ARM.Collect$$_printf_percent$$00000000  0x0000013c   Section        2  _printf_percent.o(.ARM.Collect$$_printf_percent$$00000000)
    .ARM.Collect$$_printf_percent$$00000003  0x0000013e   Section       10  _printf_f.o(.ARM.Collect$$_printf_percent$$00000003)
    .ARM.Collect$$_printf_percent$$00000017  0x00000148   Section        4  _printf_percent_end.o(.ARM.Collect$$_printf_percent$$00000017)
    .ARM.Collect$$libinit$$00000000          0x0000014c   Section        2  libinit.o(.ARM.Collect$$libinit$$00000000)
    .ARM.Collect$$libinit$$00000002          0x0000014e   Section        0  libinit2.o(.ARM.Collect$$libinit$$00000002)
    .ARM.Collect$$libinit$$00000004          0x0000014e   Section        0  libinit2.o(.ARM.Collect$$libinit$$00000004)
    .ARM.Collect$$libinit$$0000000A          0x0000014e   Section        0  libinit2.o(.ARM.Collect$$libinit$$0000000A)
    .ARM.Collect$$libinit$$0000000C          0x0000014e   Section        0  libinit2.o(.ARM.Collect$$libinit$$0000000C)
    .ARM.Collect$$libinit$$0000000E          0x0000014e   Section        0  libinit2.o(.ARM.Collect$$libinit$$0000000E)
    .ARM.Collect$$libinit$$0000000F          0x0000014e   Section        6  libinit2.o(.ARM.Collect$$libinit$$0000000F)
    .ARM.Collect$$libinit$$00000011          0x00000154   Section        0  libinit2.o(.ARM.Collect$$libinit$$00000011)
    .ARM.Collect$$libinit$$00000013          0x00000154   Section        0  libinit2.o(.ARM.Collect$$libinit$$00000013)
    .ARM.Collect$$libinit$$00000015          0x00000154   Section        0  libinit2.o(.ARM.Collect$$libinit$$00000015)
    .ARM.Collect$$libinit$$00000016          0x00000154   Section       10  libinit2.o(.ARM.Collect$$libinit$$00000016)
    .ARM.Collect$$libinit$$00000017          0x0000015e   Section        0  libinit2.o(.ARM.Collect$$libinit$$00000017)
    .ARM.Collect$$libinit$$00000019          0x0000015e   Section        0  libinit2.o(.ARM.Collect$$libinit$$00000019)
    .ARM.Collect$$libinit$$0000001B          0x0000015e   Section        0  libinit2.o(.ARM.Collect$$libinit$$0000001B)
    .ARM.Collect$$libinit$$0000001D          0x0000015e   Section        0  libinit2.o(.ARM.Collect$$libinit$$0000001D)
    .ARM.Collect$$libinit$$0000001F          0x0000015e   Section        0  libinit2.o(.ARM.Collect$$libinit$$0000001F)
    .ARM.Collect$$libinit$$00000021          0x0000015e   Section        0  libinit2.o(.ARM.Collect$$libinit$$00000021)
    .ARM.Collect$$libinit$$00000023          0x0000015e   Section        0  libinit2.o(.ARM.Collect$$libinit$$00000023)
    .ARM.Collect$$libinit$$00000025          0x0000015e   Section        0  libinit2.o(.ARM.Collect$$libinit$$00000025)
    .ARM.Collect$$libinit$$0000002C          0x0000015e   Section        0  libinit2.o(.ARM.Collect$$libinit$$0000002C)
    .ARM.Collect$$libinit$$0000002E          0x0000015e   Section        0  libinit2.o(.ARM.Collect$$libinit$$0000002E)
    .ARM.Collect$$libinit$$00000030          0x0000015e   Section        0  libinit2.o(.ARM.Collect$$libinit$$00000030)
    .ARM.Collect$$libinit$$00000032          0x0000015e   Section        0  libinit2.o(.ARM.Collect$$libinit$$00000032)
    .ARM.Collect$$libinit$$00000033          0x0000015e   Section        2  libinit2.o(.ARM.Collect$$libinit$$00000033)
    .ARM.Collect$$libshutdown$$00000000      0x00000160   Section        2  libshutdown.o(.ARM.Collect$$libshutdown$$00000000)
    .ARM.Collect$$libshutdown$$00000002      0x00000162   Section        0  libshutdown2.o(.ARM.Collect$$libshutdown$$00000002)
    .ARM.Collect$$libshutdown$$00000004      0x00000162   Section        0  libshutdown2.o(.ARM.Collect$$libshutdown$$00000004)
    .ARM.Collect$$libshutdown$$00000007      0x00000162   Section        0  libshutdown2.o(.ARM.Collect$$libshutdown$$00000007)
    .ARM.Collect$$libshutdown$$0000000A      0x00000162   Section        0  libshutdown2.o(.ARM.Collect$$libshutdown$$0000000A)
    .ARM.Collect$$libshutdown$$0000000C      0x00000162   Section        0  libshutdown2.o(.ARM.Collect$$libshutdown$$0000000C)
    .ARM.Collect$$libshutdown$$0000000F      0x00000162   Section        0  libshutdown2.o(.ARM.Collect$$libshutdown$$0000000F)
    .ARM.Collect$$libshutdown$$00000010      0x00000162   Section        2  libshutdown2.o(.ARM.Collect$$libshutdown$$00000010)
    .ARM.Collect$$rtentry$$00000000          0x00000164   Section        0  __rtentry.o(.ARM.Collect$$rtentry$$00000000)
    .ARM.Collect$$rtentry$$00000002          0x00000164   Section        0  __rtentry2.o(.ARM.Collect$$rtentry$$00000002)
    .ARM.Collect$$rtentry$$00000004          0x00000164   Section        6  __rtentry4.o(.ARM.Collect$$rtentry$$00000004)
    .ARM.Collect$$rtentry$$00000009          0x0000016a   Section        0  __rtentry2.o(.ARM.Collect$$rtentry$$00000009)
    .ARM.Collect$$rtentry$$0000000A          0x0000016a   Section        4  __rtentry2.o(.ARM.Collect$$rtentry$$0000000A)
    .ARM.Collect$$rtentry$$0000000C          0x0000016e   Section        0  __rtentry2.o(.ARM.Collect$$rtentry$$0000000C)
    .ARM.Collect$$rtentry$$0000000D          0x0000016e   Section        8  __rtentry2.o(.ARM.Collect$$rtentry$$0000000D)
    .ARM.Collect$$rtexit$$00000000           0x00000176   Section        2  rtexit.o(.ARM.Collect$$rtexit$$00000000)
    .ARM.Collect$$rtexit$$00000002           0x00000178   Section        0  rtexit2.o(.ARM.Collect$$rtexit$$00000002)
    .ARM.Collect$$rtexit$$00000003           0x00000178   Section        4  rtexit2.o(.ARM.Collect$$rtexit$$00000003)
    .ARM.Collect$$rtexit$$00000004           0x0000017c   Section        6  rtexit2.o(.ARM.Collect$$rtexit$$00000004)
    [Anonymous Symbol]                       0x00000184   Section        0  main.o(.text)
    __arm_cp.0_0                             0x000001a8   Number         4  main.o(.text)
    __arm_cp.0_1                             0x000001ac   Number         4  main.o(.text)
    __arm_cp.0_2                             0x000001b0   Number         4  main.o(.text)
    __arm_cp.0_3                             0x000001b4   Number         4  main.o(.text)
    __arm_cp.1_0                             0x00000228   Number         4  main.o(.text)
    __arm_cp.1_2                             0x00000230   Number         4  main.o(.text)
    __arm_cp.1_3                             0x00000234   Number         4  main.o(.text)
    __arm_cp.1_4                             0x00000238   Number         4  main.o(.text)
    __arm_cp.1_5                             0x0000023c   Number         4  main.o(.text)
    .text                                    0x00000248   Section       52  startup_mkl05z4.o(.text)
    .text                                    0x0000027c   Section        0  noretval__2sprintf.o(.text)
    .text                                    0x000002a4   Section        0  __printf_wp.o(.text)
    .text                                    0x000003b2   Section        0  heapauxi.o(.text)
    _printf_input_char                       0x000003b9   Thumb Code    10  _printf_char_common.o(.text)
    .text                                    0x000003b8   Section        0  _printf_char_common.o(.text)
    .text                                    0x000003e8   Section        0  _sputc.o(.text)
    .text                                    0x000003f4   Section        8  rt_locale_intlibspace.o(.text)
    .text                                    0x000003fc   Section        2  use_no_semi.o(.text)
    .text                                    0x000003fe   Section        0  indicate_semi.o(.text)
    x$fpl$usenofp                            0x000003fe   Section        0  usenofp.o(x$fpl$usenofp)
    .ARM.__at_0x400                          0x00000400   Section       16  startup_mkl05z4.o(.ARM.__at_0x400)
    .text                                    0x00000410   Section      504  aeabi_sdivfast.o(.text)
    .text                                    0x00000608   Section        0  f2d.o(.text)
    .text                                    0x0000065c   Section        0  fflti.o(.text)
    _fp_digits                               0x000006bd   Thumb Code   412  _printf_fp_dec.o(.text)
    .text                                    0x000006bc   Section        0  _printf_fp_dec.o(.text)
    .text                                    0x00000ad0   Section        0  lludiv10.o(.text)
    .text                                    0x00000b4c   Section        0  _printf_fp_infnan.o(.text)
    .text                                    0x00000bd4   Section        0  bigflt0.o(.text)
    .text                                    0x00000cac   Section        0  btod.o(.text)
    btod_internal_mul                        0x00000ced   Thumb Code   492  btod.o(.text)
    btod_internal_div                        0x00000ed9   Thumb Code   520  btod.o(.text)
    .text                                    0x0000122c   Section        0  rtudiv10.o(.text)
    .text                                    0x00001254   Section        8  libspace.o(.text)
    .text                                    0x0000125c   Section       62  sys_stackheap_outer.o(.text)
    .text                                    0x0000129a   Section        0  exit.o(.text)
    .text                                    0x000012ac   Section      176  strcmpv6m.o(.text)
    .text                                    0x0000135c   Section        0  sys_exit.o(.text)
    [Anonymous Symbol]                       0x00001368   Section        0  adc.o(.text.ADC_Init)
    __arm_cp.0_0                             0x00001408   Number         4  adc.o(.text.ADC_Init)
    __arm_cp.0_1                             0x0000140c   Number         4  adc.o(.text.ADC_Init)
    __arm_cp.0_2                             0x00001410   Number         4  adc.o(.text.ADC_Init)
    __arm_cp.0_3                             0x00001414   Number         4  adc.o(.text.ADC_Init)
    [Anonymous Symbol]                       0x00001418   Section        0  i2c.o(.text.I2C_Init)
    __arm_cp.0_0                             0x00001458   Number         4  i2c.o(.text.I2C_Init)
    __arm_cp.0_1                             0x0000145c   Number         4  i2c.o(.text.I2C_Init)
    __arm_cp.0_2                             0x00001460   Number         4  i2c.o(.text.I2C_Init)
    [Anonymous Symbol]                       0x00001464   Section        0  i2c.o(.text.I2C_Read)
    __arm_cp.10_1                            0x000014b0   Number         4  i2c.o(.text.I2C_Read)
    [Anonymous Symbol]                       0x000014b4   Section        0  i2c.o(.text.I2C_Write)
    [Anonymous Symbol]                       0x000014f0   Section        0  lcd1602.o(.text.LCD1602_BF_AC)
    [Anonymous Symbol]                       0x000015b8   Section        0  lcd1602.o(.text.LCD1602_Backlight)
    [Anonymous Symbol]                       0x000015c8   Section        0  lcd1602.o(.text.LCD1602_CheckAddress)
    [Anonymous Symbol]                       0x000015f0   Section        0  lcd1602.o(.text.LCD1602_Init)
    __arm_cp.0_0                             0x00001638   Number         4  lcd1602.o(.text.LCD1602_Init)
    [Anonymous Symbol]                       0x0000163c   Section        0  lcd1602.o(.text.LCD1602_Print)
    [Anonymous Symbol]                       0x0000165c   Section        0  lcd1602.o(.text.LCD1602_SetCursor)
    [Anonymous Symbol]                       0x0000167a   Section        0  lcd1602.o(.text.LCD1602_Write4)
    [Anonymous Symbol]                       0x00001694   Section        0  lcd1602.o(.text.LCD1602_Write8)
    [Anonymous Symbol]                       0x000016bc   Section        0  lcd1602.o(.text.PCF8574_Write)
    __arm_cp.12_0                            0x000016e0   Number         4  lcd1602.o(.text.PCF8574_Write)
    __arm_cp.12_1                            0x000016e4   Number         4  lcd1602.o(.text.PCF8574_Write)
    [Anonymous Symbol]                       0x000016e8   Section        0  system_mkl05z4.o(.text.SystemInit)
    __arm_cp.0_0                             0x00001724   Number         4  system_mkl05z4.o(.text.SystemInit)
    __arm_cp.0_1                             0x00001728   Number         4  system_mkl05z4.o(.text.SystemInit)
    __arm_cp.0_2                             0x0000172c   Number         4  system_mkl05z4.o(.text.SystemInit)
    __arm_cp.0_3                             0x00001730   Number         4  system_mkl05z4.o(.text.SystemInit)
    __NVIC_ClearPendingIRQ                   0x00001735   Thumb Code    12  adc.o(.text.__NVIC_ClearPendingIRQ)
    [Anonymous Symbol]                       0x00001734   Section        0  adc.o(.text.__NVIC_ClearPendingIRQ)
    __arm_cp.1_0                             0x00001740   Number         4  adc.o(.text.__NVIC_ClearPendingIRQ)
    __NVIC_EnableIRQ                         0x00001745   Thumb Code    12  adc.o(.text.__NVIC_EnableIRQ)
    [Anonymous Symbol]                       0x00001744   Section        0  adc.o(.text.__NVIC_EnableIRQ)
    __arm_cp.2_0                             0x00001750   Number         4  adc.o(.text.__NVIC_EnableIRQ)
    [Anonymous Symbol]                       0x00001754   Section        0  i2c.o(.text.i2c_clr_IICIF)
    [Anonymous Symbol]                       0x00001760   Section        0  i2c.o(.text.i2c_disable)
    [Anonymous Symbol]                       0x0000176c   Section        0  i2c.o(.text.i2c_enable)
    [Anonymous Symbol]                       0x00001778   Section        0  i2c.o(.text.i2c_m_start)
    [Anonymous Symbol]                       0x00001784   Section        0  i2c.o(.text.i2c_m_stop)
    [Anonymous Symbol]                       0x00001790   Section        0  i2c.o(.text.i2c_nack)
    [Anonymous Symbol]                       0x0000179c   Section        0  i2c.o(.text.i2c_rec)
    [Anonymous Symbol]                       0x000017a8   Section        0  i2c.o(.text.i2c_recv)
    [Anonymous Symbol]                       0x000017b0   Section        0  i2c.o(.text.i2c_send)
    __arm_cp.5_0                             0x000017b8   Number         4  i2c.o(.text.i2c_send)
    [Anonymous Symbol]                       0x000017bc   Section        0  i2c.o(.text.i2c_tran)
    __arm_cp.3_0                             0x000017c8   Number         4  i2c.o(.text.i2c_tran)
    [Anonymous Symbol]                       0x000017cc   Section        0  i2c.o(.text.i2c_wait)
    __arm_cp.6_0                             0x0000181c   Number         4  i2c.o(.text.i2c_wait)
    __arm_cp.6_1                             0x00001820   Number         4  i2c.o(.text.i2c_wait)
    __arm_cp.6_2                             0x00001824   Number         4  i2c.o(.text.i2c_wait)
    i.__ARM_common_ll_muluu                  0x00001828   Section        0  btod.o(i.__ARM_common_ll_muluu)
    i.__ARM_fpclassify                       0x00001858   Section        0  fpclassify.o(i.__ARM_fpclassify)
    i._is_digit                              0x00001884   Section        0  __printf_wp.o(i._is_digit)
    locale$$code                             0x00001894   Section       44  lc_numeric_c.o(locale$$code)
    x$fpl$fmul                               0x000018c0   Section      176  fmul.o(x$fpl$fmul)
    x$fpl$printf1                            0x00001970   Section       16  printf1.o(x$fpl$printf1)
    tenpwrs_x                                0x00001980   Data          60  bigflt0.o(.constdata)
    .constdata                               0x00001980   Section      148  bigflt0.o(.constdata)
    tenpwrs_i                                0x000019bc   Data          64  bigflt0.o(.constdata)
    locale$$data                             0x00001a34   Section       28  lc_numeric_c.o(locale$$data)
    __lcnum_c_name                           0x00001a38   Data           2  lc_numeric_c.o(locale$$data)
    __lcnum_c_start                          0x00001a40   Data           0  lc_numeric_c.o(locale$$data)
    __lcnum_c_point                          0x00001a4c   Data           0  lc_numeric_c.o(locale$$data)
    __lcnum_c_thousands                      0x00001a4e   Data           0  lc_numeric_c.o(locale$$data)
    __lcnum_c_grouping                       0x00001a4f   Data           0  lc_numeric_c.o(locale$$data)
    __lcnum_c_end                            0x00001a50   Data           0  lc_numeric_c.o(locale$$data)
    lcd_backlight                            0x1ffffc04   Data           1  lcd1602.o(.data.lcd_backlight)
    [Anonymous Symbol]                       0x1ffffc04   Section        0  lcd1602.o(.data.lcd_backlight)
    .bss                                     0x1ffffc08   Section       96  libspace.o(.bss)
    error                                    0x1ffffc69   Data           1  i2c.o(.bss.error)
    [Anonymous Symbol]                       0x1ffffc69   Section        0  i2c.o(.bss.error)
    pcf_address                              0x1ffffc6a   Data           1  lcd1602.o(.bss.pcf_address)
    [Anonymous Symbol]                       0x1ffffc6a   Section        0  lcd1602.o(.bss.pcf_address)
    Heap_Mem                                 0x1ffffc78   Data           0  startup_mkl05z4.o(HEAP)
    Stack_Mem                                0x1ffffc78   Data         256  startup_mkl05z4.o(STACK)
    HEAP                                     0x1ffffc78   Section        0  startup_mkl05z4.o(HEAP)
    STACK                                    0x1ffffc78   Section      256  startup_mkl05z4.o(STACK)
    __initial_sp                             0x1ffffd78   Data           0  startup_mkl05z4.o(STACK)

    Global Symbols

    Symbol Name                              Value     Ov Type        Size  Object(Section)

    BuildAttributes$$THM_ISAv3M$S$PE$A:L22$X:L11$S22$IEEE1$IW$~IW$USESV6$~STKCKD$USESV7$~SHL$OTIME$ROPI$IEEEJ$EBA8$UX$STANDARDLIB$REQ8$PRES8$EABIv2 0x00000000   Number         0  anon$$obj.o ABSOLUTE
    __Vectors                                0x00000000   Data           4  startup_mkl05z4.o(RESET)
    _printf_flags                            0x00000000   Number         0  printf_stubs.o ABSOLUTE
    _printf_return_value                     0x00000000   Number         0  printf_stubs.o ABSOLUTE
    _printf_sizespec                         0x00000000   Number         0  printf_stubs.o ABSOLUTE
    _printf_widthprec                        0x00000000   Number         0  printf_stubs.o ABSOLUTE
    __ARM_exceptions_init                     - Undefined Weak Reference
    __alloca_initialize                       - Undefined Weak Reference
    __arm_preinit_                            - Undefined Weak Reference
    __cpp_initialize__aeabi_                  - Undefined Weak Reference
    __cxa_finalize                            - Undefined Weak Reference
    __sigvec_lookup                           - Undefined Weak Reference
    _atexit_init                              - Undefined Weak Reference
    _call_atexit_fns                          - Undefined Weak Reference
    _clock_init                               - Undefined Weak Reference
    _fp_trap_init                             - Undefined Weak Reference
    _fp_trap_shutdown                         - Undefined Weak Reference
    _get_lc_collate                           - Undefined Weak Reference
    _get_lc_ctype                             - Undefined Weak Reference
    _get_lc_monetary                          - Undefined Weak Reference
    _get_lc_time                              - Undefined Weak Reference
    _getenv_init                              - Undefined Weak Reference
    _handle_redirection                       - Undefined Weak Reference
    _init_alloc                               - Undefined Weak Reference
    _init_user_alloc                          - Undefined Weak Reference
    _initio                                   - Undefined Weak Reference
    _printf_post_padding                      - Undefined Weak Reference
    _printf_pre_padding                       - Undefined Weak Reference
    _rand_init                                - Undefined Weak Reference
    _signal_finish                            - Undefined Weak Reference
    _signal_init                              - Undefined Weak Reference
    _terminate_alloc                          - Undefined Weak Reference
    _terminate_user_alloc                     - Undefined Weak Reference
    _terminateio                              - Undefined Weak Reference
    __Vectors_End                            0x000000c0   Data           0  startup_mkl05z4.o(RESET)
    __Vectors_Size                           0x000000c0   Number         0  startup_mkl05z4.o ABSOLUTE
    __main                                   0x000000c1   Thumb Code     8  __main.o(!!!main)
    __scatterload                            0x000000c9   Thumb Code     0  __scatter.o(!!!scatter)
    __scatterload_rt2                        0x000000c9   Thumb Code    52  __scatter.o(!!!scatter)
    __scatterload_rt2_thumb_only             0x000000c9   Thumb Code     0  __scatter.o(!!!scatter)
    __scatterload_null                       0x000000d9   Thumb Code     0  __scatter.o(!!!scatter)
    __scatterload_copy                       0x00000105   Thumb Code    26  __scatter_copy.o(!!handler_copy)
    __scatterload_zeroinit                   0x00000121   Thumb Code    28  __scatter_zi.o(!!handler_zi)
    _printf_percent                          0x0000013d   Thumb Code     0  _printf_percent.o(.ARM.Collect$$_printf_percent$$00000000)
    _printf_f                                0x0000013f   Thumb Code     0  _printf_f.o(.ARM.Collect$$_printf_percent$$00000003)
    _printf_percent_end                      0x00000149   Thumb Code     0  _printf_percent_end.o(.ARM.Collect$$_printf_percent$$00000017)
    __rt_lib_init                            0x0000014d   Thumb Code     0  libinit.o(.ARM.Collect$$libinit$$00000000)
    __rt_lib_init_fp_1                       0x0000014f   Thumb Code     0  libinit2.o(.ARM.Collect$$libinit$$00000002)
    __rt_lib_init_heap_1                     0x0000014f   Thumb Code     0  libinit2.o(.ARM.Collect$$libinit$$0000000A)
    __rt_lib_init_lc_common                  0x0000014f   Thumb Code     0  libinit2.o(.ARM.Collect$$libinit$$0000000F)
    __rt_lib_init_preinit_1                  0x0000014f   Thumb Code     0  libinit2.o(.ARM.Collect$$libinit$$00000004)
    __rt_lib_init_rand_1                     0x0000014f   Thumb Code     0  libinit2.o(.ARM.Collect$$libinit$$0000000E)
    __rt_lib_init_user_alloc_1               0x0000014f   Thumb Code     0  libinit2.o(.ARM.Collect$$libinit$$0000000C)
    __rt_lib_init_lc_collate_1               0x00000155   Thumb Code     0  libinit2.o(.ARM.Collect$$libinit$$00000011)
    __rt_lib_init_lc_ctype_1                 0x00000155   Thumb Code     0  libinit2.o(.ARM.Collect$$libinit$$00000013)
    __rt_lib_init_lc_monetary_1              0x00000155   Thumb Code     0  libinit2.o(.ARM.Collect$$libinit$$00000015)
    __rt_lib_init_lc_numeric_2               0x00000155   Thumb Code     0  libinit2.o(.ARM.Collect$$libinit$$00000016)
    __rt_lib_init_alloca_1                   0x0000015f   Thumb Code     0  libinit2.o(.ARM.Collect$$libinit$$0000002E)
    __rt_lib_init_argv_1                     0x0000015f   Thumb Code     0  libinit2.o(.ARM.Collect$$libinit$$0000002C)
    __rt_lib_init_atexit_1                   0x0000015f   Thumb Code     0  libinit2.o(.ARM.Collect$$libinit$$0000001B)
    __rt_lib_init_clock_1                    0x0000015f   Thumb Code     0  libinit2.o(.ARM.Collect$$libinit$$00000021)
    __rt_lib_init_cpp_1                      0x0000015f   Thumb Code     0  libinit2.o(.ARM.Collect$$libinit$$00000032)
    __rt_lib_init_exceptions_1               0x0000015f   Thumb Code     0  libinit2.o(.ARM.Collect$$libinit$$00000030)
    __rt_lib_init_fp_trap_1                  0x0000015f   Thumb Code     0  libinit2.o(.ARM.Collect$$libinit$$0000001F)
    __rt_lib_init_getenv_1                   0x0000015f   Thumb Code     0  libinit2.o(.ARM.Collect$$libinit$$00000023)
    __rt_lib_init_lc_numeric_1               0x0000015f   Thumb Code     0  libinit2.o(.ARM.Collect$$libinit$$00000017)
    __rt_lib_init_lc_time_1                  0x0000015f   Thumb Code     0  libinit2.o(.ARM.Collect$$libinit$$00000019)
    __rt_lib_init_return                     0x0000015f   Thumb Code     0  libinit2.o(.ARM.Collect$$libinit$$00000033)
    __rt_lib_init_signal_1                   0x0000015f   Thumb Code     0  libinit2.o(.ARM.Collect$$libinit$$0000001D)
    __rt_lib_init_stdio_1                    0x0000015f   Thumb Code     0  libinit2.o(.ARM.Collect$$libinit$$00000025)
    __rt_lib_shutdown                        0x00000161   Thumb Code     0  libshutdown.o(.ARM.Collect$$libshutdown$$00000000)
    __rt_lib_shutdown_cpp_1                  0x00000163   Thumb Code     0  libshutdown2.o(.ARM.Collect$$libshutdown$$00000002)
    __rt_lib_shutdown_fp_trap_1              0x00000163   Thumb Code     0  libshutdown2.o(.ARM.Collect$$libshutdown$$00000007)
    __rt_lib_shutdown_heap_1                 0x00000163   Thumb Code     0  libshutdown2.o(.ARM.Collect$$libshutdown$$0000000F)
    __rt_lib_shutdown_return                 0x00000163   Thumb Code     0  libshutdown2.o(.ARM.Collect$$libshutdown$$00000010)
    __rt_lib_shutdown_signal_1               0x00000163   Thumb Code     0  libshutdown2.o(.ARM.Collect$$libshutdown$$0000000A)
    __rt_lib_shutdown_stdio_1                0x00000163   Thumb Code     0  libshutdown2.o(.ARM.Collect$$libshutdown$$00000004)
    __rt_lib_shutdown_user_alloc_1           0x00000163   Thumb Code     0  libshutdown2.o(.ARM.Collect$$libshutdown$$0000000C)
    __rt_entry                               0x00000165   Thumb Code     0  __rtentry.o(.ARM.Collect$$rtentry$$00000000)
    __rt_entry_presh_1                       0x00000165   Thumb Code     0  __rtentry2.o(.ARM.Collect$$rtentry$$00000002)
    __rt_entry_sh                            0x00000165   Thumb Code     0  __rtentry4.o(.ARM.Collect$$rtentry$$00000004)
    __rt_entry_li                            0x0000016b   Thumb Code     0  __rtentry2.o(.ARM.Collect$$rtentry$$0000000A)
    __rt_entry_postsh_1                      0x0000016b   Thumb Code     0  __rtentry2.o(.ARM.Collect$$rtentry$$00000009)
    __rt_entry_main                          0x0000016f   Thumb Code     0  __rtentry2.o(.ARM.Collect$$rtentry$$0000000D)
    __rt_entry_postli_1                      0x0000016f   Thumb Code     0  __rtentry2.o(.ARM.Collect$$rtentry$$0000000C)
    __rt_exit                                0x00000177   Thumb Code     0  rtexit.o(.ARM.Collect$$rtexit$$00000000)
    __rt_exit_ls                             0x00000179   Thumb Code     0  rtexit2.o(.ARM.Collect$$rtexit$$00000003)
    __rt_exit_prels_1                        0x00000179   Thumb Code     0  rtexit2.o(.ARM.Collect$$rtexit$$00000002)
    __rt_exit_exit                           0x0000017d   Thumb Code     0  rtexit2.o(.ARM.Collect$$rtexit$$00000004)
    ADC0_IRQHandler                          0x00000185   Thumb Code    36  main.o(.text)
    main                                     0x000001b9   Thumb Code   112  main.o(.text)
    Reset_Handler                            0x00000249   Thumb Code     8  startup_mkl05z4.o(.text)
    NMI_Handler                              0x00000251   Thumb Code     2  startup_mkl05z4.o(.text)
    HardFault_Handler                        0x00000253   Thumb Code     2  startup_mkl05z4.o(.text)
    SVC_Handler                              0x00000255   Thumb Code     2  startup_mkl05z4.o(.text)
    PendSV_Handler                           0x00000257   Thumb Code     2  startup_mkl05z4.o(.text)
    SysTick_Handler                          0x00000259   Thumb Code     2  startup_mkl05z4.o(.text)
    CMP0_IRQHandler                          0x0000025b   Thumb Code     0  startup_mkl05z4.o(.text)
    DAC0_IRQHandler                          0x0000025b   Thumb Code     0  startup_mkl05z4.o(.text)
    DMA0_IRQHandler                          0x0000025b   Thumb Code     0  startup_mkl05z4.o(.text)
    DMA1_IRQHandler                          0x0000025b   Thumb Code     0  startup_mkl05z4.o(.text)
    DMA2_IRQHandler                          0x0000025b   Thumb Code     0  startup_mkl05z4.o(.text)
    DMA3_IRQHandler                          0x0000025b   Thumb Code     0  startup_mkl05z4.o(.text)
    DefaultISR                               0x0000025b   Thumb Code     0  startup_mkl05z4.o(.text)
    FTFA_IRQHandler                          0x0000025b   Thumb Code     0  startup_mkl05z4.o(.text)
    I2C0_IRQHandler                          0x0000025b   Thumb Code     0  startup_mkl05z4.o(.text)
    LLW_IRQHandler                           0x0000025b   Thumb Code     0  startup_mkl05z4.o(.text)
    LPTimer_IRQHandler                       0x0000025b   Thumb Code     0  startup_mkl05z4.o(.text)
    LVD_LVW_IRQHandler                       0x0000025b   Thumb Code     0  startup_mkl05z4.o(.text)
    MCG_IRQHandler                           0x0000025b   Thumb Code     0  startup_mkl05z4.o(.text)
    PIT_IRQHandler                           0x0000025b   Thumb Code     0  startup_mkl05z4.o(.text)
    PORTA_IRQHandler                         0x0000025b   Thumb Code     0  startup_mkl05z4.o(.text)
    PORTB_IRQHandler                         0x0000025b   Thumb Code     0  startup_mkl05z4.o(.text)
    RTC_IRQHandler                           0x0000025b   Thumb Code     0  startup_mkl05z4.o(.text)
    RTC_Seconds_IRQHandler                   0x0000025b   Thumb Code     0  startup_mkl05z4.o(.text)
    Reserved20_IRQHandler                    0x0000025b   Thumb Code     0  startup_mkl05z4.o(.text)
    Reserved25_IRQHandler                    0x0000025b   Thumb Code     0  startup_mkl05z4.o(.text)
    Reserved27_IRQHandler                    0x0000025b   Thumb Code     0  startup_mkl05z4.o(.text)
    Reserved29_IRQHandler                    0x0000025b   Thumb Code     0  startup_mkl05z4.o(.text)
    Reserved30_IRQHandler                    0x0000025b   Thumb Code     0  startup_mkl05z4.o(.text)
    Reserved35_IRQHandler                    0x0000025b   Thumb Code     0  startup_mkl05z4.o(.text)
    Reserved39_IRQHandler                    0x0000025b   Thumb Code     0  startup_mkl05z4.o(.text)
    Reserved40_IRQHandler                    0x0000025b   Thumb Code     0  startup_mkl05z4.o(.text)
    Reserved45_IRQHandler                    0x0000025b   Thumb Code     0  startup_mkl05z4.o(.text)
    SPI0_IRQHandler                          0x0000025b   Thumb Code     0  startup_mkl05z4.o(.text)
    TPM0_IRQHandler                          0x0000025b   Thumb Code     0  startup_mkl05z4.o(.text)
    TPM1_IRQHandler                          0x0000025b   Thumb Code     0  startup_mkl05z4.o(.text)
    TSI0_IRQHandler                          0x0000025b   Thumb Code     0  startup_mkl05z4.o(.text)
    UART0_IRQHandler                         0x0000025b   Thumb Code     0  startup_mkl05z4.o(.text)
    __user_initial_stackheap                 0x0000025d   Thumb Code     0  startup_mkl05z4.o(.text)
    __2sprintf                               0x0000027d   Thumb Code    36  noretval__2sprintf.o(.text)
    __printf                                 0x000002a5   Thumb Code   270  __printf_wp.o(.text)
    __use_two_region_memory                  0x000003b3   Thumb Code     2  heapauxi.o(.text)
    __rt_heap_escrow$2region                 0x000003b5   Thumb Code     2  heapauxi.o(.text)
    __rt_heap_expand$2region                 0x000003b7   Thumb Code     2  heapauxi.o(.text)
    _printf_char_common                      0x000003c3   Thumb Code    32  _printf_char_common.o(.text)
    _sputc                                   0x000003e9   Thumb Code    10  _sputc.o(.text)
    __rt_locale                              0x000003f5   Thumb Code     8  rt_locale_intlibspace.o(.text)
    __I$use$semihosting                      0x000003fd   Thumb Code     0  use_no_semi.o(.text)
    __use_no_semihosting_swi                 0x000003fd   Thumb Code     2  use_no_semi.o(.text)
    __I$use$fp                               0x000003fe   Number         0  usenofp.o(x$fpl$usenofp)
    __semihosting_library_function           0x000003ff   Thumb Code     0  indicate_semi.o(.text)
    __aeabi_uidivmod                         0x00000411   Thumb Code    28  aeabi_sdivfast.o(.text)
    __aeabi_idivmod                          0x0000042d   Thumb Code   472  aeabi_sdivfast.o(.text)
    __aeabi_f2d                              0x00000609   Thumb Code     0  f2d.o(.text)
    _f2d                                     0x00000609   Thumb Code    80  f2d.o(.text)
    __aeabi_i2f_normalise                    0x0000065d   Thumb Code    72  fflti.o(.text)
    __aeabi_i2f                              0x000006a5   Thumb Code    16  fflti.o(.text)
    _fflt                                    0x000006a5   Thumb Code     0  fflti.o(.text)
    __aeabi_ui2f                             0x000006b5   Thumb Code     6  fflti.o(.text)
    _ffltu                                   0x000006b5   Thumb Code     0  fflti.o(.text)
    _printf_fp_dec_real                      0x00000859   Thumb Code   620  _printf_fp_dec.o(.text)
    _ll_udiv10                               0x00000ad1   Thumb Code   122  lludiv10.o(.text)
    _printf_fp_infnan                        0x00000b4d   Thumb Code   120  _printf_fp_infnan.o(.text)
    _btod_etento                             0x00000bd5   Thumb Code   210  bigflt0.o(.text)
    _btod_d2e                                0x00000cad   Thumb Code    64  btod.o(.text)
    _btod_emul                               0x000010e1   Thumb Code    28  btod.o(.text)
    _btod_emuld                              0x000010fd   Thumb Code   144  btod.o(.text)
    _btod_ediv                               0x0000118d   Thumb Code    26  btod.o(.text)
    _btod_edivd                              0x000011a7   Thumb Code   124  btod.o(.text)
    __rt_udiv10                              0x0000122d   Thumb Code    40  rtudiv10.o(.text)
    __user_libspace                          0x00001255   Thumb Code     8  libspace.o(.text)
    __user_perproc_libspace                  0x00001255   Thumb Code     0  libspace.o(.text)
    __user_perthread_libspace                0x00001255   Thumb Code     0  libspace.o(.text)
    __user_setup_stackheap                   0x0000125d   Thumb Code    62  sys_stackheap_outer.o(.text)
    exit                                     0x0000129b   Thumb Code    16  exit.o(.text)
    strcmp                                   0x000012ad   Thumb Code   176  strcmpv6m.o(.text)
    _sys_exit                                0x0000135d   Thumb Code     8  sys_exit.o(.text)
    ADC_Init                                 0x00001369   Thumb Code   160  adc.o(.text.ADC_Init)
    I2C_Init                                 0x00001419   Thumb Code    64  i2c.o(.text.I2C_Init)
    I2C_Read                                 0x00001465   Thumb Code    76  i2c.o(.text.I2C_Read)
    I2C_Write                                0x000014b5   Thumb Code    60  i2c.o(.text.I2C_Write)
    LCD1602_BF_AC                            0x000014f1   Thumb Code   200  lcd1602.o(.text.LCD1602_BF_AC)
    LCD1602_Backlight                        0x000015b9   Thumb Code    16  lcd1602.o(.text.LCD1602_Backlight)
    LCD1602_CheckAddress                     0x000015c9   Thumb Code    40  lcd1602.o(.text.LCD1602_CheckAddress)
    LCD1602_Init                             0x000015f1   Thumb Code    72  lcd1602.o(.text.LCD1602_Init)
    LCD1602_Print                            0x0000163d   Thumb Code    32  lcd1602.o(.text.LCD1602_Print)
    LCD1602_SetCursor                        0x0000165d   Thumb Code    30  lcd1602.o(.text.LCD1602_SetCursor)
    LCD1602_Write4                           0x0000167b   Thumb Code    26  lcd1602.o(.text.LCD1602_Write4)
    LCD1602_Write8                           0x00001695   Thumb Code    40  lcd1602.o(.text.LCD1602_Write8)
    PCF8574_Write                            0x000016bd   Thumb Code    36  lcd1602.o(.text.PCF8574_Write)
    SystemInit                               0x000016e9   Thumb Code    60  system_mkl05z4.o(.text.SystemInit)
    i2c_clr_IICIF                            0x00001755   Thumb Code    12  i2c.o(.text.i2c_clr_IICIF)
    i2c_disable                              0x00001761   Thumb Code    12  i2c.o(.text.i2c_disable)
    i2c_enable                               0x0000176d   Thumb Code    12  i2c.o(.text.i2c_enable)
    i2c_m_start                              0x00001779   Thumb Code    12  i2c.o(.text.i2c_m_start)
    i2c_m_stop                               0x00001785   Thumb Code    12  i2c.o(.text.i2c_m_stop)
    i2c_nack                                 0x00001791   Thumb Code    12  i2c.o(.text.i2c_nack)
    i2c_rec                                  0x0000179d   Thumb Code    12  i2c.o(.text.i2c_rec)
    i2c_recv                                 0x000017a9   Thumb Code     8  i2c.o(.text.i2c_recv)
    i2c_send                                 0x000017b1   Thumb Code     8  i2c.o(.text.i2c_send)
    i2c_tran                                 0x000017bd   Thumb Code    12  i2c.o(.text.i2c_tran)
    i2c_wait                                 0x000017cd   Thumb Code    80  i2c.o(.text.i2c_wait)
    __ARM_common_ll_muluu                    0x00001829   Thumb Code    48  btod.o(i.__ARM_common_ll_muluu)
    __ARM_fpclassify                         0x00001859   Thumb Code    40  fpclassify.o(i.__ARM_fpclassify)
    _is_digit                                0x00001885   Thumb Code    14  __printf_wp.o(i._is_digit)
    _get_lc_numeric                          0x00001895   Thumb Code    44  lc_numeric_c.o(locale$$code)
    __aeabi_fmul                             0x000018c1   Thumb Code     0  fmul.o(x$fpl$fmul)
    _fmul                                    0x000018c1   Thumb Code   172  fmul.o(x$fpl$fmul)
    _printf_fp_dec                           0x00001971   Thumb Code    16  printf1.o(x$fpl$printf1)
    Region$$Table$$Base                      0x00001a14   Number         0  anon$$obj.o(Region$$Table)
    Region$$Table$$Limit                     0x00001a34   Number         0  anon$$obj.o(Region$$Table)
    adc_volt_coeff                           0x1ffffc00   Data           4  main.o(.data.adc_volt_coeff)
    __libspace_start                         0x1ffffc08   Data          96  libspace.o(.bss)
    __temporary_stack_top$libspace           0x1ffffc68   Data           0  libspace.o(.bss)
    dummy                                    0x1ffffc68   Data           1  i2c.o(.bss.dummy)
    temp                                     0x1ffffc6c   Data           2  main.o(.bss.temp)
    wynik                                    0x1ffffc70   Data           4  main.o(.bss.wynik)
    wynik_ok                                 0x1ffffc74   Data           1  main.o(.bss.wynik_ok)



==============================================================================

Memory Map of the image

  Image Entry point : 0x000000c1

  Load Region LR_IROM1 (Base: 0x00000000, Size: 0x00001a58, Max: 0x00008000, ABSOLUTE)

    Execution Region ER_IROM1 (Exec base: 0x00000000, Load base: 0x00000000, Size: 0x00001a50, Max: 0x00008000, ABSOLUTE)

    Exec Addr    Load Addr    Size         Type   Attr      Idx    E Section Name        Object

    0x00000000   0x00000000   0x000000c0   Data   RO          133    RESET               startup_mkl05z4.o
    0x000000c0   0x000000c0   0x00000008   Code   RO          196  * !!!main             c_p.l(__main.o)
    0x000000c8   0x000000c8   0x0000003c   Code   RO          424    !!!scatter          c_p.l(__scatter.o)
    0x00000104   0x00000104   0x0000001a   Code   RO          426    !!handler_copy      c_p.l(__scatter_copy.o)
    0x0000011e   0x0000011e   0x00000002   PAD
    0x00000120   0x00000120   0x0000001c   Code   RO          428    !!handler_zi        c_p.l(__scatter_zi.o)
    0x0000013c   0x0000013c   0x00000002   Code   RO          185    .ARM.Collect$$_printf_percent$$00000000  c_p.l(_printf_percent.o)
    0x0000013e   0x0000013e   0x0000000a   Code   RO          184    .ARM.Collect$$_printf_percent$$00000003  c_p.l(_printf_f.o)
    0x00000148   0x00000148   0x00000004   Code   RO          219    .ARM.Collect$$_printf_percent$$00000017  c_p.l(_printf_percent_end.o)
    0x0000014c   0x0000014c   0x00000002   Code   RO          288    .ARM.Collect$$libinit$$00000000  c_p.l(libinit.o)
    0x0000014e   0x0000014e   0x00000000   Code   RO          290    .ARM.Collect$$libinit$$00000002  c_p.l(libinit2.o)
    0x0000014e   0x0000014e   0x00000000   Code   RO          292    .ARM.Collect$$libinit$$00000004  c_p.l(libinit2.o)
    0x0000014e   0x0000014e   0x00000000   Code   RO          295    .ARM.Collect$$libinit$$0000000A  c_p.l(libinit2.o)
    0x0000014e   0x0000014e   0x00000000   Code   RO          297    .ARM.Collect$$libinit$$0000000C  c_p.l(libinit2.o)
    0x0000014e   0x0000014e   0x00000000   Code   RO          299    .ARM.Collect$$libinit$$0000000E  c_p.l(libinit2.o)
    0x0000014e   0x0000014e   0x00000006   Code   RO          300    .ARM.Collect$$libinit$$0000000F  c_p.l(libinit2.o)
    0x00000154   0x00000154   0x00000000   Code   RO          302    .ARM.Collect$$libinit$$00000011  c_p.l(libinit2.o)
    0x00000154   0x00000154   0x00000000   Code   RO          304    .ARM.Collect$$libinit$$00000013  c_p.l(libinit2.o)
    0x00000154   0x00000154   0x00000000   Code   RO          306    .ARM.Collect$$libinit$$00000015  c_p.l(libinit2.o)
    0x00000154   0x00000154   0x0000000a   Code   RO          307    .ARM.Collect$$libinit$$00000016  c_p.l(libinit2.o)
    0x0000015e   0x0000015e   0x00000000   Code   RO          308    .ARM.Collect$$libinit$$00000017  c_p.l(libinit2.o)
    0x0000015e   0x0000015e   0x00000000   Code   RO          310    .ARM.Collect$$libinit$$00000019  c_p.l(libinit2.o)
    0x0000015e   0x0000015e   0x00000000   Code   RO          312    .ARM.Collect$$libinit$$0000001B  c_p.l(libinit2.o)
    0x0000015e   0x0000015e   0x00000000   Code   RO          314    .ARM.Collect$$libinit$$0000001D  c_p.l(libinit2.o)
    0x0000015e   0x0000015e   0x00000000   Code   RO          316    .ARM.Collect$$libinit$$0000001F  c_p.l(libinit2.o)
    0x0000015e   0x0000015e   0x00000000   Code   RO          318    .ARM.Collect$$libinit$$00000021  c_p.l(libinit2.o)
    0x0000015e   0x0000015e   0x00000000   Code   RO          320    .ARM.Collect$$libinit$$00000023  c_p.l(libinit2.o)
    0x0000015e   0x0000015e   0x00000000   Code   RO          322    .ARM.Collect$$libinit$$00000025  c_p.l(libinit2.o)
    0x0000015e   0x0000015e   0x00000000   Code   RO          326    .ARM.Collect$$libinit$$0000002C  c_p.l(libinit2.o)
    0x0000015e   0x0000015e   0x00000000   Code   RO          328    .ARM.Collect$$libinit$$0000002E  c_p.l(libinit2.o)
    0x0000015e   0x0000015e   0x00000000   Code   RO          330    .ARM.Collect$$libinit$$00000030  c_p.l(libinit2.o)
    0x0000015e   0x0000015e   0x00000000   Code   RO          332    .ARM.Collect$$libinit$$00000032  c_p.l(libinit2.o)
    0x0000015e   0x0000015e   0x00000002   Code   RO          333    .ARM.Collect$$libinit$$00000033  c_p.l(libinit2.o)
    0x00000160   0x00000160   0x00000002   Code   RO          389    .ARM.Collect$$libshutdown$$00000000  c_p.l(libshutdown.o)
    0x00000162   0x00000162   0x00000000   Code   RO          407    .ARM.Collect$$libshutdown$$00000002  c_p.l(libshutdown2.o)
    0x00000162   0x00000162   0x00000000   Code   RO          409    .ARM.Collect$$libshutdown$$00000004  c_p.l(libshutdown2.o)
    0x00000162   0x00000162   0x00000000   Code   RO          412    .ARM.Collect$$libshutdown$$00000007  c_p.l(libshutdown2.o)
    0x00000162   0x00000162   0x00000000   Code   RO          415    .ARM.Collect$$libshutdown$$0000000A  c_p.l(libshutdown2.o)
    0x00000162   0x00000162   0x00000000   Code   RO          417    .ARM.Collect$$libshutdown$$0000000C  c_p.l(libshutdown2.o)
    0x00000162   0x00000162   0x00000000   Code   RO          420    .ARM.Collect$$libshutdown$$0000000F  c_p.l(libshutdown2.o)
    0x00000162   0x00000162   0x00000002   Code   RO          421    .ARM.Collect$$libshutdown$$00000010  c_p.l(libshutdown2.o)
    0x00000164   0x00000164   0x00000000   Code   RO          206    .ARM.Collect$$rtentry$$00000000  c_p.l(__rtentry.o)
    0x00000164   0x00000164   0x00000000   Code   RO          222    .ARM.Collect$$rtentry$$00000002  c_p.l(__rtentry2.o)
    0x00000164   0x00000164   0x00000006   Code   RO          234    .ARM.Collect$$rtentry$$00000004  c_p.l(__rtentry4.o)
    0x0000016a   0x0000016a   0x00000000   Code   RO          224    .ARM.Collect$$rtentry$$00000009  c_p.l(__rtentry2.o)
    0x0000016a   0x0000016a   0x00000004   Code   RO          225    .ARM.Collect$$rtentry$$0000000A  c_p.l(__rtentry2.o)
    0x0000016e   0x0000016e   0x00000000   Code   RO          227    .ARM.Collect$$rtentry$$0000000C  c_p.l(__rtentry2.o)
    0x0000016e   0x0000016e   0x00000008   Code   RO          228    .ARM.Collect$$rtentry$$0000000D  c_p.l(__rtentry2.o)
    0x00000176   0x00000176   0x00000002   Code   RO          335    .ARM.Collect$$rtexit$$00000000  c_p.l(rtexit.o)
    0x00000178   0x00000178   0x00000000   Code   RO          354    .ARM.Collect$$rtexit$$00000002  c_p.l(rtexit2.o)
    0x00000178   0x00000178   0x00000004   Code   RO          355    .ARM.Collect$$rtexit$$00000003  c_p.l(rtexit2.o)
    0x0000017c   0x0000017c   0x00000006   Code   RO          356    .ARM.Collect$$rtexit$$00000004  c_p.l(rtexit2.o)
    0x00000182   0x00000182   0x00000002   PAD
    0x00000184   0x00000184   0x000000c4   Code   RO          118    .text               main.o
    0x00000248   0x00000248   0x00000034   Code   RO          135    .text               startup_mkl05z4.o
    0x0000027c   0x0000027c   0x00000028   Code   RO          160    .text               c_p.l(noretval__2sprintf.o)
    0x000002a4   0x000002a4   0x0000010e   Code   RO          172    .text               c_p.l(__printf_wp.o)
    0x000003b2   0x000003b2   0x00000006   Code   RO          194    .text               c_p.l(heapauxi.o)
    0x000003b8   0x000003b8   0x00000030   Code   RO          215    .text               c_p.l(_printf_char_common.o)
    0x000003e8   0x000003e8   0x0000000a   Code   RO          217    .text               c_p.l(_sputc.o)
    0x000003f2   0x000003f2   0x00000002   PAD
    0x000003f4   0x000003f4   0x00000008   Code   RO          241    .text               c_p.l(rt_locale_intlibspace.o)
    0x000003fc   0x000003fc   0x00000002   Code   RO          376    .text               c_p.l(use_no_semi.o)
    0x000003fe   0x000003fe   0x00000000   Code   RO          378    .text               c_p.l(indicate_semi.o)
    0x000003fe   0x000003fe   0x00000000   Code   RO          220    x$fpl$usenofp       fz_ps.l(usenofp.o)
    0x000003fe   0x000003fe   0x00000002   PAD
    0x00000400   0x00000400   0x00000010   Code   RO          134    .ARM.__at_0x400     startup_mkl05z4.o
    0x00000410   0x00000410   0x000001f8   Code   RO          186    .text               c_p.l(aeabi_sdivfast.o)
    0x00000608   0x00000608   0x00000054   Code   RO          198    .text               fz_ps.l(f2d.o)
    0x0000065c   0x0000065c   0x0000005e   Code   RO          200    .text               fz_ps.l(fflti.o)
    0x000006ba   0x000006ba   0x00000002   PAD
    0x000006bc   0x000006bc   0x00000414   Code   RO          211    .text               c_p.l(_printf_fp_dec.o)
    0x00000ad0   0x00000ad0   0x0000007a   Code   RO          243    .text               c_p.l(lludiv10.o)
    0x00000b4a   0x00000b4a   0x00000002   PAD
    0x00000b4c   0x00000b4c   0x00000088   Code   RO          245    .text               c_p.l(_printf_fp_infnan.o)
    0x00000bd4   0x00000bd4   0x000000d8   Code   RO          249    .text               c_p.l(bigflt0.o)
    0x00000cac   0x00000cac   0x00000580   Code   RO          252    .text               c_p.l(btod.o)
    0x0000122c   0x0000122c   0x00000028   Code   RO          261    .text               c_p.l(rtudiv10.o)
    0x00001254   0x00001254   0x00000008   Code   RO          267    .text               c_p.l(libspace.o)
    0x0000125c   0x0000125c   0x0000003e   Code   RO          270    .text               c_p.l(sys_stackheap_outer.o)
    0x0000129a   0x0000129a   0x00000010   Code   RO          275    .text               c_p.l(exit.o)
    0x000012aa   0x000012aa   0x00000002   PAD
    0x000012ac   0x000012ac   0x000000b0   Code   RO          281    .text               c_p.l(strcmpv6m.o)
    0x0000135c   0x0000135c   0x0000000c   Code   RO          349    .text               c_p.l(sys_exit.o)
    0x00001368   0x00001368   0x000000b0   Code   RO            2    .text.ADC_Init      adc.o
    0x00001418   0x00001418   0x0000004c   Code   RO           16    .text.I2C_Init      i2c.o
    0x00001464   0x00001464   0x00000050   Code   RO           36    .text.I2C_Read      i2c.o
    0x000014b4   0x000014b4   0x0000003c   Code   RO           34    .text.I2C_Write     i2c.o
    0x000014f0   0x000014f0   0x000000c8   Code   RO           94    .text.LCD1602_BF_AC  lcd1602.o
    0x000015b8   0x000015b8   0x00000010   Code   RO           88    .text.LCD1602_Backlight  lcd1602.o
    0x000015c8   0x000015c8   0x00000028   Code   RO           68    .text.LCD1602_CheckAddress  lcd1602.o
    0x000015f0   0x000015f0   0x0000004c   Code   RO           66    .text.LCD1602_Init  lcd1602.o
    0x0000163c   0x0000163c   0x00000020   Code   RO           82    .text.LCD1602_Print  lcd1602.o
    0x0000165c   0x0000165c   0x0000001e   Code   RO           78    .text.LCD1602_SetCursor  lcd1602.o
    0x0000167a   0x0000167a   0x0000001a   Code   RO           92    .text.LCD1602_Write4  lcd1602.o
    0x00001694   0x00001694   0x00000028   Code   RO           70    .text.LCD1602_Write8  lcd1602.o
    0x000016bc   0x000016bc   0x0000002c   Code   RO           90    .text.PCF8574_Write  lcd1602.o
    0x000016e8   0x000016e8   0x0000004c   Code   RO          144    .text.SystemInit    system_mkl05z4.o
    0x00001734   0x00001734   0x00000010   Code   RO            4    .text.__NVIC_ClearPendingIRQ  adc.o
    0x00001744   0x00001744   0x00000010   Code   RO            6    .text.__NVIC_EnableIRQ  adc.o
    0x00001754   0x00001754   0x0000000c   Code   RO           48    .text.i2c_clr_IICIF  i2c.o
    0x00001760   0x00001760   0x0000000c   Code   RO           32    .text.i2c_disable   i2c.o
    0x0000176c   0x0000176c   0x0000000c   Code   RO           20    .text.i2c_enable    i2c.o
    0x00001778   0x00001778   0x0000000c   Code   RO           24    .text.i2c_m_start   i2c.o
    0x00001784   0x00001784   0x0000000c   Code   RO           30    .text.i2c_m_stop    i2c.o
    0x00001790   0x00001790   0x0000000c   Code   RO           40    .text.i2c_nack      i2c.o
    0x0000179c   0x0000179c   0x0000000c   Code   RO           38    .text.i2c_rec       i2c.o
    0x000017a8   0x000017a8   0x00000008   Code   RO           42    .text.i2c_recv      i2c.o
    0x000017b0   0x000017b0   0x0000000c   Code   RO           26    .text.i2c_send      i2c.o
    0x000017bc   0x000017bc   0x00000010   Code   RO           22    .text.i2c_tran      i2c.o
    0x000017cc   0x000017cc   0x0000005c   Code   RO           28    .text.i2c_wait      i2c.o
    0x00001828   0x00001828   0x00000030   Code   RO          254    i.__ARM_common_ll_muluu  c_p.l(btod.o)
    0x00001858   0x00001858   0x0000002c   Code   RO          265    i.__ARM_fpclassify  m_ps.l(fpclassify.o)
    0x00001884   0x00001884   0x0000000e   Code   RO          174    i._is_digit         c_p.l(__printf_wp.o)
    0x00001892   0x00001892   0x00000002   PAD
    0x00001894   0x00001894   0x0000002c   Code   RO          259    locale$$code        c_p.l(lc_numeric_c.o)
    0x000018c0   0x000018c0   0x000000b0   Code   RO          202    x$fpl$fmul          fz_ps.l(fmul.o)
    0x00001970   0x00001970   0x00000010   Code   RO          204    x$fpl$printf1       fz_ps.l(printf1.o)
    0x00001980   0x00001980   0x00000094   Data   RO          250    .constdata          c_p.l(bigflt0.o)
    0x00001a14   0x00001a14   0x00000020   Data   RO          423    Region$$Table       anon$$obj.o
    0x00001a34   0x00001a34   0x0000001c   Data   RO          258    locale$$data        c_p.l(lc_numeric_c.o)


    Execution Region RW_IRAM1 (Exec base: 0x1ffffc00, Load base: 0x00001a50, Size: 0x00000178, Max: 0x00001000, ABSOLUTE)

    Exec Addr    Load Addr    Size         Type   Attr      Idx    E Section Name        Object

    0x1ffffc00   0x00001a50   0x00000004   Data   RW          120    .data.adc_volt_coeff  main.o
    0x1ffffc04   0x00001a54   0x00000001   Data   RW          109    .data.lcd_backlight  lcd1602.o
    0x1ffffc05   0x00001a55   0x00000003   PAD
    0x1ffffc08        -       0x00000060   Zero   RW          268    .bss                c_p.l(libspace.o)
    0x1ffffc68        -       0x00000001   Zero   RW           57    .bss.dummy          i2c.o
    0x1ffffc69        -       0x00000001   Zero   RW           56    .bss.error          i2c.o
    0x1ffffc6a        -       0x00000001   Zero   RW          110    .bss.pcf_address    lcd1602.o
    0x1ffffc6b   0x00001a55   0x00000001   PAD
    0x1ffffc6c        -       0x00000002   Zero   RW          122    .bss.temp           main.o
    0x1ffffc6e   0x00001a55   0x00000002   PAD
    0x1ffffc70        -       0x00000004   Zero   RW          123    .bss.wynik          main.o
    0x1ffffc74        -       0x00000001   Zero   RW          121    .bss.wynik_ok       main.o
    0x1ffffc75   0x00001a55   0x00000003   PAD
    0x1ffffc78        -       0x00000000   Zero   RW          132    HEAP                startup_mkl05z4.o
    0x1ffffc78        -       0x00000100   Zero   RW          131    STACK               startup_mkl05z4.o


==============================================================================

Image component sizes


      Code (inc. data)   RO Data    RW Data    ZI Data      Debug   Object Name

       208         24          0          0          0       3537   adc.o
       428         36          0          0          2       5108   i2c.o
       504         12          0          1          1       5264   lcd1602.o
       196         48          0          4          7       1509   main.o
        68         38        192          0        256        780   startup_mkl05z4.o
        76         16          0          0          0       2276   system_mkl05z4.o

    ----------------------------------------------------------------------
      1480        174        224          8        272      18474   Object Totals
         0          0         32          0          0          0   (incl. Generated)
         0          0          0          3          6          0   (incl. Padding)

    ----------------------------------------------------------------------

      Code (inc. data)   RO Data    RW Data    ZI Data      Debug   Library Member Name

         8          0          0          0          0         68   __main.o
       284          0          0          0          0        136   __printf_wp.o
         0          0          0          0          0          0   __rtentry.o
        12          0          0          0          0          0   __rtentry2.o
         6          0          0          0          0          0   __rtentry4.o
        60          8          0          0          0          0   __scatter.o
        26          0          0          0          0          0   __scatter_copy.o
        28          0          0          0          0          0   __scatter_zi.o
        48          6          0          0          0         88   _printf_char_common.o
        10          0          0          0          0          0   _printf_f.o
      1044         12          0          0          0        116   _printf_fp_dec.o
       136         16          0          0          0         76   _printf_fp_infnan.o
         2          0          0          0          0          0   _printf_percent.o
         4          0          0          0          0          0   _printf_percent_end.o
        10          0          0          0          0         60   _sputc.o
       504          4          0          0          0         92   aeabi_sdivfast.o
       216          6        148          0          0         80   bigflt0.o
      1456         30          0          0          0        336   btod.o
        16          0          0          0          0         68   exit.o
         6          0          0          0          0        136   heapauxi.o
         0          0          0          0          0          0   indicate_semi.o
        44         10         28          0          0         76   lc_numeric_c.o
         2          0          0          0          0          0   libinit.o
        18          0          0          0          0          0   libinit2.o
         2          0          0          0          0          0   libshutdown.o
         2          0          0          0          0          0   libshutdown2.o
         8          4          0          0         96         68   libspace.o
       122          0          0          0          0         72   lludiv10.o
        40          4          0          0          0         84   noretval__2sprintf.o
         8          4          0          0          0         68   rt_locale_intlibspace.o
         2          0          0          0          0          0   rtexit.o
        10          0          0          0          0          0   rtexit2.o
        40          0          0          0          0         60   rtudiv10.o
       176          4          0          0          0         80   strcmpv6m.o
        12          4          0          0          0         60   sys_exit.o
        62          0          0          0          0         80   sys_stackheap_outer.o
         2          0          0          0          0         68   use_no_semi.o
        84          4          0          0          0         60   f2d.o
        94          0          0          0          0         92   fflti.o
       176          4          0          0          0         80   fmul.o
        16          4          0          0          0         76   printf1.o
         0          0          0          0          0          0   usenofp.o
        44          4          0          0          0         60   fpclassify.o

    ----------------------------------------------------------------------
      4856        128        176          0         96       2340   Library Totals
        16          0          0          0          0          0   (incl. Padding)

    ----------------------------------------------------------------------

      Code (inc. data)   RO Data    RW Data    ZI Data      Debug   Library Name

      4426        112        176          0         96       1972   c_p.l
       370         12          0          0          0        308   fz_ps.l
        44          4          0          0          0         60   m_ps.l

    ----------------------------------------------------------------------
      4856        128        176          0         96       2340   Library Totals

    ----------------------------------------------------------------------

==============================================================================


      Code (inc. data)   RO Data    RW Data    ZI Data      Debug   

      6336        302        400          8        368      19670   Grand Totals
      6336        302        400          8        368      19670   ELF Image Totals
      6336        302        400          8          0          0   ROM Totals

==============================================================================

    Total RO  Size (Code + RO Data)                 6736 (   6.58kB)
    Total RW  Size (RW Data + ZI Data)               376 (   0.37kB)
    Total ROM Size (Code + RO Data + RW Data)       6744 (   6.59kB)

==============================================================================

