Component: ARM Compiler 6.16 Tool: armlink [5dfeaa00]

==============================================================================

Section Cross References

    dac.o(.ARM.exidx.text.DAC_Init) refers to dac.o(.text.DAC_Init) for [Anonymous Symbol]
    dac.o(.ARM.exidx.text.DAC_Load_Trig) refers to dac.o(.text.DAC_Load_Trig) for [Anonymous Symbol]
    i2c.o(.ARM.exidx.text.I2C_Init) refers to i2c.o(.text.I2C_Init) for [Anonymous Symbol]
    i2c.o(.text.I2C_Ping) refers to i2c.o(.text.i2c_enable) for i2c_enable
    i2c.o(.text.I2C_Ping) refers to i2c.o(.text.i2c_tran) for i2c_tran
    i2c.o(.text.I2C_Ping) refers to i2c.o(.text.i2c_m_start) for i2c_m_start
    i2c.o(.text.I2C_Ping) refers to i2c.o(.text.i2c_send) for i2c_send
    i2c.o(.text.I2C_Ping) refers to i2c.o(.text.i2c_wait) for i2c_wait
    i2c.o(.text.I2C_Ping) refers to i2c.o(.text.i2c_m_stop) for i2c_m_stop
    i2c.o(.text.I2C_Ping) refers to i2c.o(.text.i2c_disable) for i2c_disable
    i2c.o(.text.I2C_Ping) refers to i2c.o(.bss.error) for [Anonymous Symbol]
    i2c.o(.ARM.exidx.text.I2C_Ping) refers to i2c.o(.text.I2C_Ping) for [Anonymous Symbol]
    i2c.o(.ARM.exidx.text.i2c_enable) refers to i2c.o(.text.i2c_enable) for [Anonymous Symbol]
    i2c.o(.ARM.exidx.text.i2c_tran) refers to i2c.o(.text.i2c_tran) for [Anonymous Symbol]
    i2c.o(.ARM.exidx.text.i2c_m_start) refers to i2c.o(.text.i2c_m_start) for [Anonymous Symbol]
    i2c.o(.ARM.exidx.text.i2c_send) refers to i2c.o(.text.i2c_send) for [Anonymous Symbol]
    i2c.o(.text.i2c_wait) refers to i2c.o(.text.i2c_clr_IICIF) for i2c_clr_IICIF
    i2c.o(.text.i2c_wait) refers to i2c.o(.bss.error) for [Anonymous Symbol]
    i2c.o(.ARM.exidx.text.i2c_wait) refers to i2c.o(.text.i2c_wait) for [Anonymous Symbol]
    i2c.o(.ARM.exidx.text.i2c_m_stop) refers to i2c.o(.text.i2c_m_stop) for [Anonymous Symbol]
    i2c.o(.ARM.exidx.text.i2c_disable) refers to i2c.o(.text.i2c_disable) for [Anonymous Symbol]
    i2c.o(.text.I2C_Write) refers to i2c.o(.text.i2c_enable) for i2c_enable
    i2c.o(.text.I2C_Write) refers to i2c.o(.text.i2c_tran) for i2c_tran
    i2c.o(.text.I2C_Write) refers to i2c.o(.text.i2c_m_start) for i2c_m_start
    i2c.o(.text.I2C_Write) refers to i2c.o(.text.i2c_send) for i2c_send
    i2c.o(.text.I2C_Write) refers to i2c.o(.text.i2c_wait) for i2c_wait
    i2c.o(.text.I2C_Write) refers to i2c.o(.text.i2c_m_stop) for i2c_m_stop
    i2c.o(.text.I2C_Write) refers to i2c.o(.text.i2c_disable) for i2c_disable
    i2c.o(.text.I2C_Write) refers to i2c.o(.bss.error) for [Anonymous Symbol]
    i2c.o(.ARM.exidx.text.I2C_Write) refers to i2c.o(.text.I2C_Write) for [Anonymous Symbol]
    i2c.o(.text.I2C_Read) refers to i2c.o(.text.i2c_enable) for i2c_enable
    i2c.o(.text.I2C_Read) refers to i2c.o(.text.i2c_tran) for i2c_tran
    i2c.o(.text.I2C_Read) refers to i2c.o(.text.i2c_m_start) for i2c_m_start
    i2c.o(.text.I2C_Read) refers to i2c.o(.text.i2c_send) for i2c_send
    i2c.o(.text.I2C_Read) refers to i2c.o(.text.i2c_wait) for i2c_wait
    i2c.o(.text.I2C_Read) refers to i2c.o(.text.i2c_rec) for i2c_rec
    i2c.o(.text.I2C_Read) refers to i2c.o(.text.i2c_nack) for i2c_nack
    i2c.o(.text.I2C_Read) refers to i2c.o(.text.i2c_recv) for i2c_recv
    i2c.o(.text.I2C_Read) refers to i2c.o(.text.i2c_m_stop) for i2c_m_stop
    i2c.o(.text.I2C_Read) refers to i2c.o(.text.i2c_disable) for i2c_disable
    i2c.o(.text.I2C_Read) refers to i2c.o(.bss.error) for [Anonymous Symbol]
    i2c.o(.text.I2C_Read) refers to i2c.o(.bss.dummy) for dummy
    i2c.o(.ARM.exidx.text.I2C_Read) refers to i2c.o(.text.I2C_Read) for [Anonymous Symbol]
    i2c.o(.ARM.exidx.text.i2c_rec) refers to i2c.o(.text.i2c_rec) for [Anonymous Symbol]
    i2c.o(.ARM.exidx.text.i2c_nack) refers to i2c.o(.text.i2c_nack) for [Anonymous Symbol]
    i2c.o(.ARM.exidx.text.i2c_recv) refers to i2c.o(.text.i2c_recv) for [Anonymous Symbol]
    i2c.o(.text.I2C_WriteReg) refers to i2c.o(.text.i2c_enable) for i2c_enable
    i2c.o(.text.I2C_WriteReg) refers to i2c.o(.text.i2c_tran) for i2c_tran
    i2c.o(.text.I2C_WriteReg) refers to i2c.o(.text.i2c_m_start) for i2c_m_start
    i2c.o(.text.I2C_WriteReg) refers to i2c.o(.text.i2c_send) for i2c_send
    i2c.o(.text.I2C_WriteReg) refers to i2c.o(.text.i2c_wait) for i2c_wait
    i2c.o(.text.I2C_WriteReg) refers to i2c.o(.text.i2c_m_stop) for i2c_m_stop
    i2c.o(.text.I2C_WriteReg) refers to i2c.o(.text.i2c_disable) for i2c_disable
    i2c.o(.text.I2C_WriteReg) refers to i2c.o(.bss.error) for [Anonymous Symbol]
    i2c.o(.ARM.exidx.text.I2C_WriteReg) refers to i2c.o(.text.I2C_WriteReg) for [Anonymous Symbol]
    i2c.o(.text.I2C_ReadReg) refers to i2c.o(.text.i2c_enable) for i2c_enable
    i2c.o(.text.I2C_ReadReg) refers to i2c.o(.text.i2c_clr_IICIF) for i2c_clr_IICIF
    i2c.o(.text.I2C_ReadReg) refers to i2c.o(.text.i2c_tran) for i2c_tran
    i2c.o(.text.I2C_ReadReg) refers to i2c.o(.text.i2c_m_start) for i2c_m_start
[...]
    ../clib/fenv.c                           0x00000000   Number         0  _rserrno.o ABSOLUTE
    ../clib/heapalloc.c                      0x00000000   Number         0  hrguard.o ABSOLUTE
    ../clib/heapaux.c                        0x00000000   Number         0  heapauxi.o ABSOLUTE
    ../clib/libinit.s                        0x00000000   Number         0  libinit.o ABSOLUTE
    ../clib/libinit.s                        0x00000000   Number         0  libinit2.o ABSOLUTE
    ../clib/libinit.s                        0x00000000   Number         0  libshutdown.o ABSOLUTE
    ../clib/libinit.s                        0x00000000   Number         0  libshutdown2.o ABSOLUTE
    ../clib/locale.s                         0x00000000   Number         0  lc_numeric_c.o ABSOLUTE
    ../clib/longlong.c                       0x00000000   Number         0  llushr.o ABSOLUTE
    ../clib/memcpset.s                       0x00000000   Number         0  strcmpv6m.o ABSOLUTE
    ../clib/misc.s                           0x00000000   Number         0  printf_stubs.o ABSOLUTE
    ../clib/printf.c                         0x00000000   Number         0  __2sprintf.o ABSOLUTE
    ../clib/printf.c                         0x00000000   Number         0  noretval__2sprintf.o ABSOLUTE
    ../clib/printf.c                         0x00000000   Number         0  __printf.o ABSOLUTE
    ../clib/printf.c                         0x00000000   Number         0  _printf_pad.o ABSOLUTE
    ../clib/printf.c                         0x00000000   Number         0  _printf_dec.o ABSOLUTE
    ../clib/printf.c                         0x00000000   Number         0  __printf_flags.o ABSOLUTE
    ../clib/printf.c                         0x00000000   Number         0  __printf_ss.o ABSOLUTE
    ../clib/printf.c                         0x00000000   Number         0  __printf_flags_ss.o ABSOLUTE
    ../clib/printf.c                         0x00000000   Number         0  __printf_wp.o ABSOLUTE
    ../clib/printf.c                         0x00000000   Number         0  __printf_flags_wp.o ABSOLUTE
    ../clib/printf.c                         0x00000000   Number         0  __printf_ss_wp.o ABSOLUTE
    ../clib/printf.c                         0x00000000   Number         0  __printf_flags_ss_wp.o ABSOLUTE
    ../clib/printf.c                         0x00000000   Number         0  _printf_intcommon.o ABSOLUTE
    ../clib/printf.c                         0x00000000   Number         0  _printf_fp_dec.o ABSOLUTE
    ../clib/printf.c                         0x00000000   Number         0  _printf_fp_dec_accurate.o ABSOLUTE
    ../clib/printf.c                         0x00000000   Number         0  _printf_char_common.o ABSOLUTE
    ../clib/printf.c                         0x00000000   Number         0  _sputc.o ABSOLUTE
    ../clib/printf.c                         0x00000000   Number         0  _printf_fp_infnan.o ABSOLUTE
    ../clib/printf.c                         0x00000000   Number         0  __printf_nopercent.o ABSOLUTE
    ../clib/printf_percent.s                 0x00000000   Number         0  _printf_d.o ABSOLUTE
    ../clib/printf_percent.s                 0x00000000   Number         0  _printf_f.o ABSOLUTE
    ../clib/printf_percent.s                 0x00000000   Number         0  _printf_percent.o ABSOLUTE
    ../clib/printf_percent.s                 0x00000000   Number         0  _printf_percent_end.o ABSOLUTE
    ../clib/signal.c                         0x00000000   Number         0  defsig_fpe_outer.o ABSOLUTE
    ../clib/signal.c                         0x00000000   Number         0  defsig_fpe_formal.o ABSOLUTE
    ../clib/signal.c                         0x00000000   Number         0  defsig_exit.o ABSOLUTE
    ../clib/signal.c                         0x00000000   Number         0  defsig_fpe_inner.o ABSOLUTE
    ../clib/signal.c                         0x00000000   Number         0  __raise.o ABSOLUTE
    ../clib/signal.c                         0x00000000   Number         0  defsig_general.o ABSOLUTE
    ../clib/signal.c                         0x00000000   Number         0  defsig_rtmem_outer.o ABSOLUTE
    ../clib/signal.c                         0x00000000   Number         0  defsig_rtmem_formal.o ABSOLUTE
    ../clib/signal.c                         0x00000000   Number         0  defsig_abrt_inner.o ABSOLUTE
    ../clib/signal.c                         0x00000000   Number         0  defsig_rtred_inner.o ABSOLUTE
    ../clib/signal.c                         0x00000000   Number         0  defsig_rtmem_inner.o ABSOLUTE
    ../clib/signal.c                         0x00000000   Number         0  defsig_stak_inner.o ABSOLUTE
    ../clib/signal.c                         0x00000000   Number         0  defsig_pvfn_inner.o ABSOLUTE
    ../clib/signal.c                         0x00000000   Number         0  defsig_cppl_inner.o ABSOLUTE
    ../clib/signal.c                         0x00000000   Number         0  defsig_segv_inner.o ABSOLUTE
    ../clib/signal.c                         0x00000000   Number         0  defsig_other.o ABSOLUTE
    ../clib/signal.s                         0x00000000   Number         0  defsig.o ABSOLUTE
    ../clib/stdlib.c                         0x00000000   Number         0  exit.o ABSOLUTE
    ../fplib/cfplib/daddsub.c                0x00000000   Number         0  daddsub.o ABSOLUTE
    ../fplib/cfplib/ddiv.c                   0x00000000   Number         0  ddiv.o ABSOLUTE
    ../fplib/cfplib/dmul.c                   0x00000000   Number         0  dmul.o ABSOLUTE
    ../fplib/cfplib/f2d.c                    0x00000000   Number         0  f2d.o ABSOLUTE
    ../fplib/cfplib/ffix.c                   0x00000000   Number         0  dfixi.o ABSOLUTE
    ../fplib/cfplib/fflt.c                   0x00000000   Number         0  dflti.o ABSOLUTE
    ../fplib/cfplib/fflt.c                   0x00000000   Number         0  fflti.o ABSOLUTE
    ../fplib/cfplib/fpinit.c                 0x00000000   Number         0  fpinit.o ABSOLUTE
    ../fplib/cfplib/ieee_status.c            0x00000000   Number         0  ieee_status.o ABSOLUTE
    ../fplib/cfplib/scalbn.c                 0x00000000   Number         0  dscalbn.o ABSOLUTE
    ../fplib/fmul6m.s                        0x00000000   Number         0  fmul.o ABSOLUTE
    ../fplib/printf1.s                       0x00000000   Number         0  printf1.o ABSOLUTE
    ../fplib/usenofp.s                       0x00000000   Number         0  usenofp.o ABSOLUTE
    ../mathlib/cos_i.c                       0x00000000   Number         0  cos_i.o ABSOLUTE
    ../mathlib/dunder.c                      0x00000000   Number         0  dunder.o ABSOLUTE
    ../mathlib/fpclassify.c                  0x00000000   Number         0  fpclassify.o ABSOLUTE
    ../mathlib/poly.c                        0x00000000   Number         0  poly.o ABSOLUTE
    ../mathlib/rred.c                        0x00000000   Number         0  rred.o ABSOLUTE
    ../mathlib/sin.c                         0x00000000   Number         0  sin.o ABSOLUTE
    ../mathlib/sin_i.c                       0x00000000   Number         0  sin_i.o ABSOLUTE
    DAC.c                                    0x00000000   Number         0  dac.o ABSOLUTE
    RTE/Device/MKL05Z32xxx4/startup_MKL05Z4.s 0x00000000   Number         0  startup_mkl05z4.o ABSOLUTE
    dc.s                                     0x00000000   Number         0  dc.o ABSOLUTE
    i2c.c                                    0x00000000   Number         0  i2c.o ABSOLUTE
    klaw.c                                   0x00000000   Number         0  klaw.o ABSOLUTE
    lcd1602.c                                0x00000000   Number         0  lcd1602.o ABSOLUTE
    main.c                                   0x00000000   Number         0  main.o ABSOLUTE
    system_MKL05Z4.c                         0x00000000   Number         0  system_mkl05z4.o ABSOLUTE
    tsi.c                                    0x00000000   Number         0  tsi.o ABSOLUTE
    RESET                                    0x00000000   Section      192  startup_mkl05z4.o(RESET)
    !!!main                                  0x000000c0   Section        8  __main.o(!!!main)
    !!!scatter                               0x000000c8   Section       60  __scatter.o(!!!scatter)
    !!handler_copy                           0x00000104   Section       26  __scatter_copy.o(!!handler_copy)
    !!handler_zi                             0x00000120   Section       28  __scatter_zi.o(!!handler_zi)
    .ARM.Collect$$_printf_percent$$00000000  0x0000013c   Section        2  _printf_percent.o(.ARM.Collect$$_printf_percent$$00000000)
    .ARM.Collect$$_printf_percent$$00000003  0x0000013e   Section       10  _printf_f.o(.ARM.Collect$$_printf_percent$$00000003)
    .ARM.Collect$$_printf_percent$$00000009  0x00000148   Section       10  _printf_d.o(.ARM.Collect$$_printf_percent$$00000009)
    .ARM.Collect$$_printf_percent$$00000017  0x00000152   Section        4  _printf_percent_end.o(.ARM.Collect$$_printf_percent$$00000017)
    .ARM.Collect$$libinit$$00000000          0x00000156   Section        2  libinit.o(.ARM.Collect$$libinit$$00000000)
    .ARM.Collect$$libinit$$00000002          0x00000158   Section        0  libinit2.o(.ARM.Collect$$libinit$$00000002)
    .ARM.Collect$$libinit$$00000004          0x00000158   Section        0  libinit2.o(.ARM.Collect$$libinit$$00000004)
    .ARM.Collect$$libinit$$0000000A          0x00000158   Section        0  libinit2.o(.ARM.Collect$$libinit$$0000000A)
    .ARM.Collect$$libinit$$0000000C          0x00000158   Section        0  libinit2.o(.ARM.Collect$$libinit$$0000000C)
    .ARM.Collect$$libinit$$0000000E          0x00000158   Section        0  libinit2.o(.ARM.Collect$$libinit$$0000000E)
    .ARM.Collect$$libinit$$0000000F          0x00000158   Section        6  libinit2.o(.ARM.Collect$$libinit$$0000000F)
    .ARM.Collect$$libinit$$00000011          0x0000015e   Section        0  libinit2.o(.ARM.Collect$$libinit$$00000011)
    .ARM.Collect$$libinit$$00000013          0x0000015e   Section        0  libinit2.o(.ARM.Collect$$libinit$$00000013)
    .ARM.Collect$$libinit$$00000015          0x0000015e   Section        0  libinit2.o(.ARM.Collect$$libinit$$00000015)
    .ARM.Collect$$libinit$$00000016          0x0000015e   Section       10  libinit2.o(.ARM.Collect$$libinit$$00000016)
    .ARM.Collect$$libinit$$00000017          0x00000168   Section        0  libinit2.o(.ARM.Collect$$libinit$$00000017)
    .ARM.Collect$$libinit$$00000019          0x00000168   Section        0  libinit2.o(.ARM.Collect$$libinit$$00000019)
    .ARM.Collect$$libinit$$0000001B          0x00000168   Section        0  libinit2.o(.ARM.Collect$$libinit$$0000001B)
    .ARM.Collect$$libinit$$0000001D          0x00000168   Section        0  libinit2.o(.ARM.Collect$$libinit$$0000001D)
    .ARM.Collect$$libinit$$0000001F          0x00000168   Section        0  libinit2.o(.ARM.Collect$$libinit$$0000001F)
    .ARM.Collect$$libinit$$00000021          0x00000168   Section        0  libinit2.o(.ARM.Collect$$libinit$$00000021)
    .ARM.Collect$$libinit$$00000023          0x00000168   Section        0  libinit2.o(.ARM.Collect$$libinit$$00000023)
    .ARM.Collect$$libinit$$00000025          0x00000168   Section        0  libinit2.o(.ARM.Collect$$libinit$$00000025)
    .ARM.Collect$$libinit$$0000002C          0x00000168   Section        0  libinit2.o(.ARM.Collect$$libinit$$0000002C)
    .ARM.Collect$$libinit$$0000002E          0x00000168   Section        0  libinit2.o(.ARM.Collect$$libinit$$0000002E)
    .ARM.Collect$$libinit$$00000030          0x00000168   Section        0  libinit2.o(.ARM.Collect$$libinit$$00000030)
    .ARM.Collect$$libinit$$00000032          0x00000168   Section        0  libinit2.o(.ARM.Collect$$libinit$$00000032)
    .ARM.Collect$$libinit$$00000033          0x00000168   Section        2  libinit2.o(.ARM.Collect$$libinit$$00000033)
    .ARM.Collect$$libshutdown$$00000000      0x0000016a   Section        2  libshutdown.o(.ARM.Collect$$libshutdown$$00000000)
    .ARM.Collect$$libshutdown$$00000002      0x0000016c   Section        0  libshutdown2.o(.ARM.Collect$$libshutdown$$00000002)
    .ARM.Collect$$libshutdown$$00000004      0x0000016c   Section        0  libshutdown2.o(.ARM.Collect$$libshutdown$$00000004)
    .ARM.Collect$$libshutdown$$00000007      0x0000016c   Section        0  libshutdown2.o(.ARM.Collect$$libshutdown$$00000007)
    .ARM.Collect$$libshutdown$$0000000A      0x0000016c   Section        0  libshutdown2.o(.ARM.Collect$$libshutdown$$0000000A)
    .ARM.Collect$$libshutdown$$0000000C      0x0000016c   Section        0  libshutdown2.o(.ARM.Collect$$libshutdown$$0000000C)
    .ARM.Collect$$libshutdown$$0000000F      0x0000016c   Section        0  libshutdown2.o(.ARM.Collect$$libshutdown$$0000000F)
    .ARM.Collect$$libshutdown$$00000010      0x0000016c   Section        2  libshutdown2.o(.ARM.Collect$$libshutdown$$00000010)
    .ARM.Collect$$rtentry$$00000000          0x0000016e   Section        0  __rtentry.o(.ARM.Collect$$rtentry$$00000000)
    .ARM.Collect$$rtentry$$00000002          0x0000016e   Section        0  __rtentry2.o(.ARM.Collect$$rtentry$$00000002)
    .ARM.Collect$$rtentry$$00000004          0x0000016e   Section        6  __rtentry4.o(.ARM.Collect$$rtentry$$00000004)
    .ARM.Collect$$rtentry$$00000009          0x00000174   Section        0  __rtentry2.o(.ARM.Collect$$rtentry$$00000009)
    .ARM.Collect$$rtentry$$0000000A          0x00000174   Section        4  __rtentry2.o(.ARM.Collect$$rtentry$$0000000A)
    .ARM.Collect$$rtentry$$0000000C          0x00000178   Section        0  __rtentry2.o(.ARM.Collect$$rtentry$$0000000C)
    .ARM.Collect$$rtentry$$0000000D          0x00000178   Section        8  __rtentry2.o(.ARM.Collect$$rtentry$$0000000D)
    .ARM.Collect$$rtexit$$00000000           0x00000180   Section        2  rtexit.o(.ARM.Collect$$rtexit$$00000000)
    .ARM.Collect$$rtexit$$00000002           0x00000182   Section        0  rtexit2.o(.ARM.Collect$$rtexit$$00000002)
    .ARM.Collect$$rtexit$$00000003           0x00000182   Section        4  rtexit2.o(.ARM.Collect$$rtexit$$00000003)
    .ARM.Collect$$rtexit$$00000004           0x00000186   Section        6  rtexit2.o(.ARM.Collect$$rtexit$$00000004)
    .text                                    0x0000018c   Section       52  startup_mkl05z4.o(.text)
    .text                                    0x000001c0   Section        0  noretval__2sprintf.o(.text)
    .text                                    0x000001e8   Section        0  _printf_pad.o(.text)
    .text                                    0x00000238   Section        0  _printf_dec.o(.text)
    .text                                    0x000002a4   Section        0  __printf_flags_wp.o(.text)
    .text                                    0x000003dc   Section        0  heapauxi.o(.text)
    .text                                    0x000003e2   Section        0  _rserrno.o(.text)
    .text                                    0x000003f8   Section        8  rt_locale_intlibspace.o(.text)
    .ARM.__at_0x400                          0x00000400   Section       16  startup_mkl05z4.o(.ARM.__at_0x400)
    .text                                    0x00000410   Section      504  aeabi_sdivfast.o(.text)
    .text                                    0x00000608   Section        0  dfixi.o(.text)
    .text                                    0x00000674   Section        0  dflti.o(.text)
    .text                                    0x000006cc   Section        0  dmul.o(.text)
    .text                                    0x00000914   Section        0  f2d.o(.text)
    .text                                    0x00000968   Section        0  fflti.o(.text)
    .text                                    0x000009c6   Section        0  _printf_intcommon.o(.text)
    _fp_digits                               0x00000a79   Thumb Code   412  _printf_fp_dec.o(.text)
    .text                                    0x00000a78   Section        0  _printf_fp_dec.o(.text)
    _printf_input_char                       0x00000e8d   Thumb Code    10  _printf_char_common.o(.text)
    .text                                    0x00000e8c   Section        0  _printf_char_common.o(.text)
    .text                                    0x00000ebc   Section        0  _sputc.o(.text)
    .text                                    0x00000ec6   Section        0  rtudiv10.o(.text)
    .text                                    0x00000ef0   Section        8  rt_errno_addr_intlibspace.o(.text)
    .text                                    0x00000ef8   Section        0  lludiv10.o(.text)
    .text                                    0x00000f74   Section        0  _printf_fp_infnan.o(.text)
    .text                                    0x00000ffc   Section        0  bigflt0.o(.text)
    .text                                    0x000010d4   Section        0  btod.o(.text)
    btod_internal_mul                        0x00001115   Thumb Code   492  btod.o(.text)
    btod_internal_div                        0x00001301   Thumb Code   520  btod.o(.text)
    _dadd1                                   0x00001655   Thumb Code   290  daddsub.o(.text)
    .text                                    0x00001654   Section        0  daddsub.o(.text)
    _dsub1                                   0x00001777   Thumb Code   470  daddsub.o(.text)
    .text                                    0x000019ac   Section        0  ddiv.o(.text)
    .text                                    0x00001df4   Section        0  dscalbn.o(.text)
    .text                                    0x00001e54   Section        8  libspace.o(.text)
    .text                                    0x00001e5c   Section       62  sys_stackheap_outer.o(.text)
    .text                                    0x00001e9a   Section        0  exit.o(.text)
    .text                                    0x00001eac   Section      176  strcmpv6m.o(.text)
    .text                                    0x00001f5c   Section        0  sys_exit.o(.text)
    .text                                    0x00001f68   Section        2  use_no_semi.o(.text)
    .text                                    0x00001f6a   Section        0  indicate_semi.o(.text)
    [Anonymous Symbol]                       0x00001f6c   Section        0  dac.o(.text.DAC_Init)
    [Anonymous Symbol]                       0x00001f94   Section        0  dac.o(.text.DAC_Load_Trig)
    __arm_cp.1_0                             0x00001fc0   Number         4  dac.o(.text.DAC_Load_Trig)
    __arm_cp.1_1                             0x00001fc4   Number         4  dac.o(.text.DAC_Load_Trig)
    [Anonymous Symbol]                       0x00001fc8   Section        0  i2c.o(.text.I2C_Init)
    __arm_cp.0_0                             0x00002008   Number         4  i2c.o(.text.I2C_Init)
    __arm_cp.0_1                             0x0000200c   Number         4  i2c.o(.text.I2C_Init)
    __arm_cp.0_2                             0x00002010   Number         4  i2c.o(.text.I2C_Init)
    [Anonymous Symbol]                       0x00002014   Section        0  i2c.o(.text.I2C_Read)
    __arm_cp.10_1                            0x00002060   Number         4  i2c.o(.text.I2C_Read)
    [Anonymous Symbol]                       0x00002064   Section        0  i2c.o(.text.I2C_Write)
    __arm_cp.9_0                             0x000020a0   Number         4  i2c.o(.text.I2C_Write)
    [Anonymous Symbol]                       0x000020a4   Section        0  klaw.o(.text.Klaw_Init)
    __arm_cp.0_0                             0x000020e8   Number         4  klaw.o(.text.Klaw_Init)
    __arm_cp.0_1                             0x000020ec   Number         4  klaw.o(.text.Klaw_Init)
    [Anonymous Symbol]                       0x000020f0   Section        0  klaw.o(.text.Klaw_S2_4_Int)
    __arm_cp.1_0                             0x00002118   Number         4  klaw.o(.text.Klaw_S2_4_Int)
    [Anonymous Symbol]                       0x0000211c   Section        0  lcd1602.o(.text.LCD1602_BF_AC)
    [Anonymous Symbol]                       0x000021e4   Section        0  lcd1602.o(.text.LCD1602_Backlight)
    [Anonymous Symbol]                       0x000021f4   Section        0  lcd1602.o(.text.LCD1602_CheckAddress)
    [Anonymous Symbol]                       0x0000221c   Section        0  lcd1602.o(.text.LCD1602_Init)
    __arm_cp.0_0                             0x00002264   Number         4  lcd1602.o(.text.LCD1602_Init)
    [Anonymous Symbol]                       0x00002268   Section        0  lcd1602.o(.text.LCD1602_Print)
    [Anonymous Symbol]                       0x00002288   Section        0  lcd1602.o(.text.LCD1602_SetCursor)
    [Anonymous Symbol]                       0x000022a6   Section        0  lcd1602.o(.text.LCD1602_Write4)
    [Anonymous Symbol]                       0x000022c0   Section        0  lcd1602.o(.text.LCD1602_Write8)
    [Anonymous Symbol]                       0x000022e8   Section        0  lcd1602.o(.text.PCF8574_Write)
    __arm_cp.12_0                            0x0000230c   Number         4  lcd1602.o(.text.PCF8574_Write)
    __arm_cp.12_1                            0x00002310   Number         4  lcd1602.o(.text.PCF8574_Write)
    [Anonymous Symbol]                       0x00002314   Section        0  main.o(.text.PORTA_IRQHandler)
    __arm_cp.1_0                             0x000023bc   Number         4  main.o(.text.PORTA_IRQHandler)
    __arm_cp.1_1                             0x000023c0   Number         4  main.o(.text.PORTA_IRQHandler)
    __arm_cp.1_2                             0x000023c4   Number         4  main.o(.text.PORTA_IRQHandler)
    __arm_cp.1_3                             0x000023c8   Number         4  main.o(.text.PORTA_IRQHandler)
    __arm_cp.1_4                             0x000023cc   Number         4  main.o(.text.PORTA_IRQHandler)
    __arm_cp.1_5                             0x000023d0   Number         4  main.o(.text.PORTA_IRQHandler)
    SysTick_Config                           0x000023d5   Thumb Code    28  main.o(.text.SysTick_Config)
    [Anonymous Symbol]                       0x000023d4   Section        0  main.o(.text.SysTick_Config)
    __arm_cp.5_0                             0x000023f0   Number         4  main.o(.text.SysTick_Config)
    [Anonymous Symbol]                       0x000023f4   Section        0  main.o(.text.SysTick_Handler)
    __arm_cp.0_0                             0x00002430   Number         4  main.o(.text.SysTick_Handler)
    __arm_cp.0_1                             0x00002434   Number         4  main.o(.text.SysTick_Handler)
    __arm_cp.0_2                             0x00002438   Number         4  main.o(.text.SysTick_Handler)
    __arm_cp.0_3                             0x0000243c   Number         4  main.o(.text.SysTick_Handler)
    __arm_cp.0_4                             0x00002440   Number         4  main.o(.text.SysTick_Handler)
    __arm_cp.0_5                             0x00002444   Number         4  main.o(.text.SysTick_Handler)
    [Anonymous Symbol]                       0x00002448   Section        0  system_mkl05z4.o(.text.SystemInit)
    __arm_cp.0_0                             0x00002484   Number         4  system_mkl05z4.o(.text.SystemInit)
    __arm_cp.0_1                             0x00002488   Number         4  system_mkl05z4.o(.text.SystemInit)
    __arm_cp.0_2                             0x0000248c   Number         4  system_mkl05z4.o(.text.SystemInit)
    __arm_cp.0_3                             0x00002490   Number         4  system_mkl05z4.o(.text.SystemInit)
    [Anonymous Symbol]                       0x00002494   Section        0  tsi.o(.text.TSI0_IRQHandler)
    [Anonymous Symbol]                       0x000024a8   Section        0  tsi.o(.text.TSI_Init)
    __arm_cp.0_0                             0x000024e4   Number         4  tsi.o(.text.TSI_Init)
    __arm_cp.0_1                             0x000024e8   Number         4  tsi.o(.text.TSI_Init)
    __arm_cp.0_2                             0x000024ec   Number         4  tsi.o(.text.TSI_Init)
    __arm_cp.0_3                             0x000024f0   Number         4  tsi.o(.text.TSI_Init)
    __arm_cp.0_4                             0x000024f4   Number         4  tsi.o(.text.TSI_Init)
    [Anonymous Symbol]                       0x000024f8   Section        0  tsi.o(.text.TSI_ReadSlider)
    __NVIC_ClearPendingIRQ                   0x0000254d   Thumb Code    12  klaw.o(.text.__NVIC_ClearPendingIRQ)
    [Anonymous Symbol]                       0x0000254c   Section        0  klaw.o(.text.__NVIC_ClearPendingIRQ)
    __NVIC_ClearPendingIRQ                   0x00002559   Thumb Code    12  main.o(.text.__NVIC_ClearPendingIRQ)
    [Anonymous Symbol]                       0x00002558   Section        0  main.o(.text.__NVIC_ClearPendingIRQ)
    __NVIC_ClearPendingIRQ                   0x00002565   Thumb Code    12  tsi.o(.text.__NVIC_ClearPendingIRQ)
    [Anonymous Symbol]                       0x00002564   Section        0  tsi.o(.text.__NVIC_ClearPendingIRQ)
    __arm_cp.2_0                             0x00002570   Number         4  tsi.o(.text.__NVIC_ClearPendingIRQ)
    __NVIC_EnableIRQ                         0x00002575   Thumb Code    12  klaw.o(.text.__NVIC_EnableIRQ)
    [Anonymous Symbol]                       0x00002574   Section        0  klaw.o(.text.__NVIC_EnableIRQ)
    __NVIC_EnableIRQ                         0x00002581   Thumb Code    12  tsi.o(.text.__NVIC_EnableIRQ)
    [Anonymous Symbol]                       0x00002580   Section        0  tsi.o(.text.__NVIC_EnableIRQ)
    __arm_cp.3_0                             0x0000258c   Number         4  tsi.o(.text.__NVIC_EnableIRQ)
    __NVIC_SetPriority                       0x00002591   Thumb Code    20  klaw.o(.text.__NVIC_SetPriority)
    [Anonymous Symbol]                       0x00002590   Section        0  klaw.o(.text.__NVIC_SetPriority)
    __arm_cp.2_0                             0x000025a4   Number         4  klaw.o(.text.__NVIC_SetPriority)
    __NVIC_SetPriority                       0x000025a9   Thumb Code    20  main.o(.text.__NVIC_SetPriority)
    [Anonymous Symbol]                       0x000025a8   Section        0  main.o(.text.__NVIC_SetPriority)
    __arm_cp.4_0                             0x000025bc   Number         4  main.o(.text.__NVIC_SetPriority)
    __NVIC_SetPriority                       0x000025c1   Thumb Code    20  tsi.o(.text.__NVIC_SetPriority)
    [Anonymous Symbol]                       0x000025c0   Section        0  tsi.o(.text.__NVIC_SetPriority)
    __arm_cp.1_0                             0x000025d4   Number         4  tsi.o(.text.__NVIC_SetPriority)
    [Anonymous Symbol]                       0x000025d8   Section        0  tsi.o(.text.change_electrode)
    __arm_cp.6_0                             0x00002624   Number         4  tsi.o(.text.change_electrode)
    __arm_cp.6_1                             0x00002628   Number         4  tsi.o(.text.change_electrode)
    __arm_cp.6_2                             0x0000262c   Number         4  tsi.o(.text.change_electrode)
    __arm_cp.6_3                             0x00002630   Number         4  tsi.o(.text.change_electrode)
    __arm_cp.6_4                             0x00002634   Number         4  tsi.o(.text.change_electrode)
    __arm_cp.6_5                             0x00002638   Number         4  tsi.o(.text.change_electrode)
    [Anonymous Symbol]                       0x0000263c   Section        0  i2c.o(.text.i2c_clr_IICIF)
    [Anonymous Symbol]                       0x00002648   Section        0  i2c.o(.text.i2c_disable)
    [Anonymous Symbol]                       0x00002654   Section        0  i2c.o(.text.i2c_enable)
    [Anonymous Symbol]                       0x00002660   Section        0  i2c.o(.text.i2c_m_start)
    [Anonymous Symbol]                       0x0000266c   Section        0  i2c.o(.text.i2c_m_stop)
    [Anonymous Symbol]                       0x00002678   Section        0  i2c.o(.text.i2c_nack)
    [Anonymous Symbol]                       0x00002684   Section        0  i2c.o(.text.i2c_rec)
    [Anonymous Symbol]                       0x00002690   Section        0  i2c.o(.text.i2c_recv)
    [Anonymous Symbol]                       0x00002698   Section        0  i2c.o(.text.i2c_send)
    __arm_cp.5_0                             0x000026a0   Number         4  i2c.o(.text.i2c_send)
    [Anonymous Symbol]                       0x000026a4   Section        0  i2c.o(.text.i2c_tran)
    __arm_cp.3_0                             0x000026b0   Number         4  i2c.o(.text.i2c_tran)
    [Anonymous Symbol]                       0x000026b4   Section        0  i2c.o(.text.i2c_wait)
    __arm_cp.6_0                             0x00002704   Number         4  i2c.o(.text.i2c_wait)
    __arm_cp.6_1                             0x00002708   Number         4  i2c.o(.text.i2c_wait)
    __arm_cp.6_2                             0x0000270c   Number         4  i2c.o(.text.i2c_wait)
    [Anonymous Symbol]                       0x00002710   Section        0  main.o(.text.main)
    __arm_cp.3_0                             0x00002920   Number         4  main.o(.text.main)
    __arm_cp.3_1                             0x00002924   Number         4  main.o(.text.main)
    __arm_cp.3_2                             0x00002928   Number         4  main.o(.text.main)
    __arm_cp.3_3                             0x0000292c   Number         4  main.o(.text.main)
    __arm_cp.3_4                             0x00002930   Number         4  main.o(.text.main)
    __arm_cp.3_5                             0x00002934   Number         4  main.o(.text.main)
    __arm_cp.3_7                             0x00002948   Number         4  main.o(.text.main)
    __arm_cp.3_8                             0x0000294c   Number         4  main.o(.text.main)
    __arm_cp.3_9                             0x00002950   Number         4  main.o(.text.main)
    __arm_cp.3_10                            0x00002954   Number         4  main.o(.text.main)
    __arm_cp.3_11                            0x00002958   Number         4  main.o(.text.main)
    __arm_cp.3_12                            0x0000295c   Number         4  main.o(.text.main)
    __arm_cp.3_13                            0x00002960   Number         4  main.o(.text.main)
    __arm_cp.3_15                            0x00002970   Number         4  main.o(.text.main)
    __arm_cp.3_17                            0x0000297c   Number         4  main.o(.text.main)
    __arm_cp.3_18                            0x00002980   Number         4  main.o(.text.main)
    __arm_cp.3_19                            0x00002984   Number         4  main.o(.text.main)
    __arm_cp.3_20                            0x00002988   Number         4  main.o(.text.main)
    __arm_cp.3_21                            0x0000298c   Number         4  main.o(.text.main)
    __arm_cp.3_22                            0x00002990   Number         4  main.o(.text.main)
    [Anonymous Symbol]                       0x00002994   Section        0  tsi.o(.text.self_calibration)
    __arm_cp.4_0                             0x00002a2c   Number         4  tsi.o(.text.self_calibration)
    __arm_cp.4_1                             0x00002a30   Number         4  tsi.o(.text.self_calibration)
    __arm_cp.4_2                             0x00002a34   Number         4  tsi.o(.text.self_calibration)
    .text_divfast                            0x00002a38   Section      502  aeabi_sdivfast.o(.text_divfast)
    i.__ARM_common_ll_muluu                  0x00002c2e   Section        0  btod.o(i.__ARM_common_ll_muluu)
    i.__ARM_fpclassify                       0x00002c60   Section        0  fpclassify.o(i.__ARM_fpclassify)
    i.__ieee754_rem_pio2                     0x00002c8c   Section        0  rred.o(i.__ieee754_rem_pio2)
    i.__kernel_cos                           0x00003028   Section        0  cos_i.o(i.__kernel_cos)
    i.__kernel_poly                          0x0000311c   Section        0  poly.o(i.__kernel_poly)
    i.__kernel_sin                           0x000031c8   Section        0  sin_i.o(i.__kernel_sin)
    i.__mathlib_dbl_infnan                   0x000032b4   Section        0  dunder.o(i.__mathlib_dbl_infnan)
    i.__mathlib_dbl_invalid                  0x000032be   Section        0  dunder.o(i.__mathlib_dbl_invalid)
    i.__mathlib_dbl_underflow                0x000032d0   Section        0  dunder.o(i.__mathlib_dbl_underflow)
    i._is_digit                              0x000032e4   Section        0  __printf_wp.o(i._is_digit)
    i.sin                                    0x000032f4   Section        0  sin.o(i.sin)
    locale$$code                             0x00003390   Section       44  lc_numeric_c.o(locale$$code)
    x$fpl$fmul                               0x000033bc   Section      176  fmul.o(x$fpl$fmul)
    x$fpl$printf1                            0x0000346c   Section       16  printf1.o(x$fpl$printf1)
    maptable                                 0x0000347c   Data          17  __printf_flags_wp.o(.constdata)
    .constdata                               0x0000347c   Section       17  __printf_flags_wp.o(.constdata)
    x$fpl$usenofp                            0x0000347c   Section        0  usenofp.o(x$fpl$usenofp)
    C                                        0x00003490   Data          48  cos_i.o(.constdata)
    .constdata                               0x00003490   Section       48  cos_i.o(.constdata)
    pio2s                                    0x000034c0   Data          48  rred.o(.constdata)
    .constdata                               0x000034c0   Section      204  rred.o(.constdata)
    twooverpi                                0x000034f0   Data         156  rred.o(.constdata)
    S                                        0x00003590   Data          40  sin_i.o(.constdata)
    .constdata                               0x00003590   Section       40  sin_i.o(.constdata)
    tenpwrs_x                                0x000035b8   Data          60  bigflt0.o(.constdata)
    .constdata                               0x000035b8   Section      148  bigflt0.o(.constdata)
    tenpwrs_i                                0x000035f4   Data          64  bigflt0.o(.constdata)
    ddiv_reciptbl                            0x0000364c   Data         128  ddiv.o(.constdata)
    .constdata                               0x0000364c   Section      128  ddiv.o(.constdata)
    elec_array                               0x000036cc   Data           2  tsi.o(.rodata.elec_array)
    [Anonymous Symbol]                       0x000036cc   Section        0  tsi.o(.rodata.elec_array)
    [Anonymous Symbol]                       0x000036ce   Section        0  main.o(.rodata.str1.1)
    locale$$data                             0x000036f8   Section       28  lc_numeric_c.o(locale$$data)
    __lcnum_c_name                           0x000036fc   Data           2  lc_numeric_c.o(locale$$data)
    __lcnum_c_start                          0x00003704   Data           0  lc_numeric_c.o(locale$$data)
    __lcnum_c_point                          0x00003710   Data           0  lc_numeric_c.o(locale$$data)
    __lcnum_c_thousands                      0x00003712   Data           0  lc_numeric_c.o(locale$$data)
    __lcnum_c_grouping                       0x00003713   Data           0  lc_numeric_c.o(locale$$data)
    __lcnum_c_end                            0x00003714   Data           0  lc_numeric_c.o(locale$$data)
    lcd_backlight                            0x1ffffc04   Data           1  lcd1602.o(.data.lcd_backlight)
    [Anonymous Symbol]                       0x1ffffc04   Section        0  lcd1602.o(.data.lcd_backlight)
    .bss                                     0x1ffffc10   Section       96  libspace.o(.bss)
    end_flag                                 0x20000479   Data           1  tsi.o(.bss.end_flag)
    [Anonymous Symbol]                       0x20000479   Section        0  tsi.o(.bss.end_flag)
    error                                    0x2000047a   Data           1  i2c.o(.bss.error)
    [Anonymous Symbol]                       0x2000047a   Section        0  i2c.o(.bss.error)
    gu16Baseline                             0x20000480   Data           4  tsi.o(.bss.gu16Baseline)
    [Anonymous Symbol]                       0x20000480   Section        0  tsi.o(.bss.gu16Baseline)
    gu16Delta                                0x20000484   Data           4  tsi.o(.bss.gu16Delta)
    [Anonymous Symbol]                       0x20000484   Section        0  tsi.o(.bss.gu16Delta)
    ongoing_elec                             0x2000048c   Data           1  tsi.o(.bss.ongoing_elec)
    [Anonymous Symbol]                       0x2000048c   Section        0  tsi.o(.bss.ongoing_elec)
    pcf_address                              0x2000048d   Data           1  lcd1602.o(.bss.pcf_address)
    [Anonymous Symbol]                       0x2000048d   Section        0  lcd1602.o(.bss.pcf_address)
    Heap_Mem                                 0x20000498   Data           0  startup_mkl05z4.o(HEAP)
    Stack_Mem                                0x20000498   Data         768  startup_mkl05z4.o(STACK)
    HEAP                                     0x20000498   Section        0  startup_mkl05z4.o(HEAP)
    STACK                                    0x20000498   Section      768  startup_mkl05z4.o(STACK)
    __initial_sp                             0x20000798   Data           0  startup_mkl05z4.o(STACK)

    Global Symbols

    Symbol Name                              Value     Ov Type        Size  Object(Section)

    BuildAttributes$$THM_ISAv3M$S$PE$A:L22$X:L11$S22$IEEE1$IW$~IW$USESV6$~STKCKD$USESV7$~SHL$OTIME$ROPI$IEEEX$EBA8$UX$STANDARDLIB$REQ8$PRES8$EABIv2 0x00000000   Number         0  anon$$obj.o ABSOLUTE
    __Vectors                                0x00000000   Data           4  startup_mkl05z4.o(RESET)
    _printf_flags                            0x00000000   Number         0  printf_stubs.o ABSOLUTE
    _printf_return_value                     0x00000000   Number         0  printf_stubs.o ABSOLUTE
    _printf_sizespec                         0x00000000   Number         0  printf_stubs.o ABSOLUTE
    _printf_widthprec                        0x00000000   Number         0  printf_stubs.o ABSOLUTE
    __ARM_exceptions_init                     - Undefined Weak Reference
    __alloca_initialize                       - Undefined Weak Reference
    __arm_preinit_                            - Undefined Weak Reference
    __cpp_initialize__aeabi_                  - Undefined Weak Reference
    __cxa_finalize                            - Undefined Weak Reference
    __sigvec_lookup                           - Undefined Weak Reference
    _atexit_init                              - Undefined Weak Reference
    _call_atexit_fns                          - Undefined Weak Reference
    _clock_init                               - Undefined Weak Reference
    _fp_trap_init                             - Undefined Weak Reference
    _fp_trap_shutdown                         - Undefined Weak Reference
    _get_lc_collate                           - Undefined Weak Reference
    _get_lc_ctype                             - Undefined Weak Reference
    _get_lc_monetary                          - Undefined Weak Reference
    _get_lc_time                              - Undefined Weak Reference
    _getenv_init                              - Undefined Weak Reference
    _handle_redirection                       - Undefined Weak Reference
    _init_alloc                               - Undefined Weak Reference
    _init_user_alloc                          - Undefined Weak Reference
    _initio                                   - Undefined Weak Reference
    _printf_truncate_signed                   - Undefined Weak Reference
    _printf_truncate_unsigned                 - Undefined Weak Reference
    _rand_init                                - Undefined Weak Reference
    _signal_finish                            - Undefined Weak Reference
    _signal_init                              - Undefined Weak Reference
    _terminate_alloc                          - Undefined Weak Reference
    _terminate_user_alloc                     - Undefined Weak Reference
    _terminateio                              - Undefined Weak Reference
    __Vectors_End                            0x000000c0   Data           0  startup_mkl05z4.o(RESET)
    __Vectors_Size                           0x000000c0   Number         0  startup_mkl05z4.o ABSOLUTE
    __main                                   0x000000c1   Thumb Code     8  __main.o(!!!main)
    __scatterload                            0x000000c9   Thumb Code     0  __scatter.o(!!!scatter)
    __scatterload_rt2                        0x000000c9   Thumb Code    52  __scatter.o(!!!scatter)
    __scatterload_rt2_thumb_only             0x000000c9   Thumb Code     0  __scatter.o(!!!scatter)
    __scatterload_null                       0x000000d9   Thumb Code     0  __scatter.o(!!!scatter)
    __scatterload_copy                       0x00000105   Thumb Code    26  __scatter_copy.o(!!handler_copy)
    __scatterload_zeroinit                   0x00000121   Thumb Code    28  __scatter_zi.o(!!handler_zi)
    _printf_percent                          0x0000013d   Thumb Code     0  _printf_percent.o(.ARM.Collect$$_printf_percent$$00000000)
    _printf_f                                0x0000013f   Thumb Code     0  _printf_f.o(.ARM.Collect$$_printf_percent$$00000003)
    _printf_d                                0x00000149   Thumb Code     0  _printf_d.o(.ARM.Collect$$_printf_percent$$00000009)
    _printf_percent_end                      0x00000153   Thumb Code     0  _printf_percent_end.o(.ARM.Collect$$_printf_percent$$00000017)
    __rt_lib_init                            0x00000157   Thumb Code     0  libinit.o(.ARM.Collect$$libinit$$00000000)
    __rt_lib_init_fp_1                       0x00000159   Thumb Code     0  libinit2.o(.ARM.Collect$$libinit$$00000002)
    __rt_lib_init_heap_1                     0x00000159   Thumb Code     0  libinit2.o(.ARM.Collect$$libinit$$0000000A)
    __rt_lib_init_lc_common                  0x00000159   Thumb Code     0  libinit2.o(.ARM.Collect$$libinit$$0000000F)
    __rt_lib_init_preinit_1                  0x00000159   Thumb Code     0  libinit2.o(.ARM.Collect$$libinit$$00000004)
    __rt_lib_init_rand_1                     0x00000159   Thumb Code     0  libinit2.o(.ARM.Collect$$libinit$$0000000E)
    __rt_lib_init_user_alloc_1               0x00000159   Thumb Code     0  libinit2.o(.ARM.Collect$$libinit$$0000000C)
    __rt_lib_init_lc_collate_1               0x0000015f   Thumb Code     0  libinit2.o(.ARM.Collect$$libinit$$00000011)
    __rt_lib_init_lc_ctype_1                 0x0000015f   Thumb Code     0  libinit2.o(.ARM.Collect$$libinit$$00000013)
    __rt_lib_init_lc_monetary_1              0x0000015f   Thumb Code     0  libinit2.o(.ARM.Collect$$libinit$$00000015)
    __rt_lib_init_lc_numeric_2               0x0000015f   Thumb Code     0  libinit2.o(.ARM.Collect$$libinit$$00000016)
    __rt_lib_init_alloca_1                   0x00000169   Thumb Code     0  libinit2.o(.ARM.Collect$$libinit$$0000002E)
    __rt_lib_init_argv_1                     0x00000169   Thumb Code     0  libinit2.o(.ARM.Collect$$libinit$$0000002C)
    __rt_lib_init_atexit_1                   0x00000169   Thumb Code     0  libinit2.o(.ARM.Collect$$libinit$$0000001B)
    __rt_lib_init_clock_1                    0x00000169   Thumb Code     0  libinit2.o(.ARM.Collect$$libinit$$00000021)
    __rt_lib_init_cpp_1                      0x00000169   Thumb Code     0  libinit2.o(.ARM.Collect$$libinit$$00000032)
    __rt_lib_init_exceptions_1               0x00000169   Thumb Code     0  libinit2.o(.ARM.Collect$$libinit$$00000030)
    __rt_lib_init_fp_trap_1                  0x00000169   Thumb Code     0  libinit2.o(.ARM.Collect$$libinit$$0000001F)
    __rt_lib_init_getenv_1                   0x00000169   Thumb Code     0  libinit2.o(.ARM.Collect$$libinit$$00000023)
    __rt_lib_init_lc_numeric_1               0x00000169   Thumb Code     0  libinit2.o(.ARM.Collect$$libinit$$00000017)
    __rt_lib_init_lc_time_1                  0x00000169   Thumb Code     0  libinit2.o(.ARM.Collect$$libinit$$00000019)
    __rt_lib_init_return                     0x00000169   Thumb Code     0  libinit2.o(.ARM.Collect$$libinit$$00000033)
    __rt_lib_init_signal_1                   0x00000169   Thumb Code     0  libinit2.o(.ARM.Collect$$libinit$$0000001D)
    __rt_lib_init_stdio_1                    0x00000169   Thumb Code     0  libinit2.o(.ARM.Collect$$libinit$$00000025)
    __rt_lib_shutdown                        0x0000016b   Thumb Code     0  libshutdown.o(.ARM.Collect$$libshutdown$$00000000)
    __rt_lib_shutdown_cpp_1                  0x0000016d   Thumb Code     0  libshutdown2.o(.ARM.Collect$$libshutdown$$00000002)
    __rt_lib_shutdown_fp_trap_1              0x0000016d   Thumb Code     0  libshutdown2.o(.ARM.Collect$$libshutdown$$00000007)
    __rt_lib_shutdown_heap_1                 0x0000016d   Thumb Code     0  libshutdown2.o(.ARM.Collect$$libshutdown$$0000000F)
    __rt_lib_shutdown_return                 0x0000016d   Thumb Code     0  libshutdown2.o(.ARM.Collect$$libshutdown$$00000010)
    __rt_lib_shutdown_signal_1               0x0000016d   Thumb Code     0  libshutdown2.o(.ARM.Collect$$libshutdown$$0000000A)
    __rt_lib_shutdown_stdio_1                0x0000016d   Thumb Code     0  libshutdown2.o(.ARM.Collect$$libshutdown$$00000004)
    __rt_lib_shutdown_user_alloc_1           0x0000016d   Thumb Code     0  libshutdown2.o(.ARM.Collect$$libshutdown$$0000000C)
    __rt_entry                               0x0000016f   Thumb Code     0  __rtentry.o(.ARM.Collect$$rtentry$$00000000)
    __rt_entry_presh_1                       0x0000016f   Thumb Code     0  __rtentry2.o(.ARM.Collect$$rtentry$$00000002)
    __rt_entry_sh                            0x0000016f   Thumb Code     0  __rtentry4.o(.ARM.Collect$$rtentry$$00000004)
    __rt_entry_li                            0x00000175   Thumb Code     0  __rtentry2.o(.ARM.Collect$$rtentry$$0000000A)
    __rt_entry_postsh_1                      0x00000175   Thumb Code     0  __rtentry2.o(.ARM.Collect$$rtentry$$00000009)
    __rt_entry_main                          0x00000179   Thumb Code     0  __rtentry2.o(.ARM.Collect$$rtentry$$0000000D)
    __rt_entry_postli_1                      0x00000179   Thumb Code     0  __rtentry2.o(.ARM.Collect$$rtentry$$0000000C)
    __rt_exit                                0x00000181   Thumb Code     0  rtexit.o(.ARM.Collect$$rtexit$$00000000)
    __rt_exit_ls                             0x00000183   Thumb Code     0  rtexit2.o(.ARM.Collect$$rtexit$$00000003)
    __rt_exit_prels_1                        0x00000183   Thumb Code     0  rtexit2.o(.ARM.Collect$$rtexit$$00000002)
    __rt_exit_exit                           0x00000187   Thumb Code     0  rtexit2.o(.ARM.Collect$$rtexit$$00000004)
    Reset_Handler                            0x0000018d   Thumb Code     8  startup_mkl05z4.o(.text)
    NMI_Handler                              0x00000195   Thumb Code     2  startup_mkl05z4.o(.text)
    HardFault_Handler                        0x00000197   Thumb Code     2  startup_mkl05z4.o(.text)
    SVC_Handler                              0x00000199   Thumb Code     2  startup_mkl05z4.o(.text)
    PendSV_Handler                           0x0000019b   Thumb Code     2  startup_mkl05z4.o(.text)
    ADC0_IRQHandler                          0x0000019f   Thumb Code     0  startup_mkl05z4.o(.text)
    CMP0_IRQHandler                          0x0000019f   Thumb Code     0  startup_mkl05z4.o(.text)
    DAC0_IRQHandler                          0x0000019f   Thumb Code     0  startup_mkl05z4.o(.text)
    DMA0_IRQHandler                          0x0000019f   Thumb Code     0  startup_mkl05z4.o(.text)
    DMA1_IRQHandler                          0x0000019f   Thumb Code     0  startup_mkl05z4.o(.text)
    DMA2_IRQHandler                          0x0000019f   Thumb Code     0  startup_mkl05z4.o(.text)
    DMA3_IRQHandler                          0x0000019f   Thumb Code     0  startup_mkl05z4.o(.text)
    DefaultISR                               0x0000019f   Thumb Code     0  startup_mkl05z4.o(.text)
    FTFA_IRQHandler                          0x0000019f   Thumb Code     0  startup_mkl05z4.o(.text)
    I2C0_IRQHandler                          0x0000019f   Thumb Code     0  startup_mkl05z4.o(.text)
    LLW_IRQHandler                           0x0000019f   Thumb Code     0  startup_mkl05z4.o(.text)
    LPTimer_IRQHandler                       0x0000019f   Thumb Code     0  startup_mkl05z4.o(.text)
    LVD_LVW_IRQHandler                       0x0000019f   Thumb Code     0  startup_mkl05z4.o(.text)
    MCG_IRQHandler                           0x0000019f   Thumb Code     0  startup_mkl05z4.o(.text)
    PIT_IRQHandler                           0x0000019f   Thumb Code     0  startup_mkl05z4.o(.text)
    PORTB_IRQHandler                         0x0000019f   Thumb Code     0  startup_mkl05z4.o(.text)
    RTC_IRQHandler                           0x0000019f   Thumb Code     0  startup_mkl05z4.o(.text)
    RTC_Seconds_IRQHandler                   0x0000019f   Thumb Code     0  startup_mkl05z4.o(.text)
    Reserved20_IRQHandler                    0x0000019f   Thumb Code     0  startup_mkl05z4.o(.text)
    Reserved25_IRQHandler                    0x0000019f   Thumb Code     0  startup_mkl05z4.o(.text)
    Reserved27_IRQHandler                    0x0000019f   Thumb Code     0  startup_mkl05z4.o(.text)
    Reserved29_IRQHandler                    0x0000019f   Thumb Code     0  startup_mkl05z4.o(.text)
    Reserved30_IRQHandler                    0x0000019f   Thumb Code     0  startup_mkl05z4.o(.text)
    Reserved35_IRQHandler                    0x0000019f   Thumb Code     0  startup_mkl05z4.o(.text)
    Reserved39_IRQHandler                    0x0000019f   Thumb Code     0  startup_mkl05z4.o(.text)
    Reserved40_IRQHandler                    0x0000019f   Thumb Code     0  startup_mkl05z4.o(.text)
    Reserved45_IRQHandler                    0x0000019f   Thumb Code     0  startup_mkl05z4.o(.text)
    SPI0_IRQHandler                          0x0000019f   Thumb Code     0  startup_mkl05z4.o(.text)
    TPM0_IRQHandler                          0x0000019f   Thumb Code     0  startup_mkl05z4.o(.text)
    TPM1_IRQHandler                          0x0000019f   Thumb Code     0  startup_mkl05z4.o(.text)
    UART0_IRQHandler                         0x0000019f   Thumb Code     0  startup_mkl05z4.o(.text)
    __user_initial_stackheap                 0x000001a1   Thumb Code     0  startup_mkl05z4.o(.text)
    __2sprintf                               0x000001c1   Thumb Code    36  noretval__2sprintf.o(.text)
    _printf_pre_padding                      0x000001e9   Thumb Code    44  _printf_pad.o(.text)
    _printf_post_padding                     0x00000215   Thumb Code    34  _printf_pad.o(.text)
    _printf_int_dec                          0x00000239   Thumb Code    90  _printf_dec.o(.text)
    __printf                                 0x000002a5   Thumb Code   306  __printf_flags_wp.o(.text)
    __use_two_region_memory                  0x000003dd   Thumb Code     2  heapauxi.o(.text)
    __rt_heap_escrow$2region                 0x000003df   Thumb Code     2  heapauxi.o(.text)
    __rt_heap_expand$2region                 0x000003e1   Thumb Code     2  heapauxi.o(.text)
    __read_errno                             0x000003e3   Thumb Code    10  _rserrno.o(.text)
    __set_errno                              0x000003ed   Thumb Code    12  _rserrno.o(.text)
    __rt_locale                              0x000003f9   Thumb Code     8  rt_locale_intlibspace.o(.text)
    __aeabi_uidivmod                         0x00000411   Thumb Code    28  aeabi_sdivfast.o(.text)
    __aeabi_idivmod                          0x0000042d   Thumb Code   472  aeabi_sdivfast.o(.text)
    __aeabi_d2iz                             0x00000609   Thumb Code     0  dfixi.o(.text)
    _dfix                                    0x00000609   Thumb Code    98  dfixi.o(.text)
    __aeabi_i2d_normalise                    0x00000675   Thumb Code    66  dflti.o(.text)
    __aeabi_i2d                              0x000006b7   Thumb Code    16  dflti.o(.text)
    _dflt                                    0x000006b7   Thumb Code     0  dflti.o(.text)
    __aeabi_ui2d                             0x000006c7   Thumb Code     6  dflti.o(.text)
    _dfltu                                   0x000006c7   Thumb Code     0  dflti.o(.text)
    __aeabi_dmul                             0x000006cd   Thumb Code     0  dmul.o(.text)
    _dmul                                    0x000006cd   Thumb Code   558  dmul.o(.text)
    __aeabi_f2d                              0x00000915   Thumb Code     0  f2d.o(.text)
    _f2d                                     0x00000915   Thumb Code    80  f2d.o(.text)
    __aeabi_i2f_normalise                    0x00000969   Thumb Code    72  fflti.o(.text)
    __aeabi_i2f                              0x000009b1   Thumb Code    16  fflti.o(.text)
    _fflt                                    0x000009b1   Thumb Code     0  fflti.o(.text)
    __aeabi_ui2f                             0x000009c1   Thumb Code     6  fflti.o(.text)
    _ffltu                                   0x000009c1   Thumb Code     0  fflti.o(.text)
    _printf_int_common                       0x000009c7   Thumb Code   176  _printf_intcommon.o(.text)
    _printf_fp_dec_real                      0x00000c15   Thumb Code   620  _printf_fp_dec.o(.text)
    _printf_char_common                      0x00000e97   Thumb Code    32  _printf_char_common.o(.text)
    _sputc                                   0x00000ebd   Thumb Code    10  _sputc.o(.text)
    __rt_udiv10                              0x00000ec7   Thumb Code    40  rtudiv10.o(.text)
    __aeabi_errno_addr                       0x00000ef1   Thumb Code     8  rt_errno_addr_intlibspace.o(.text)
    __errno$intlibspace                      0x00000ef1   Thumb Code     0  rt_errno_addr_intlibspace.o(.text)
    __rt_errno_addr$intlibspace              0x00000ef1   Thumb Code     0  rt_errno_addr_intlibspace.o(.text)
    _ll_udiv10                               0x00000ef9   Thumb Code   122  lludiv10.o(.text)
    _printf_fp_infnan                        0x00000f75   Thumb Code   120  _printf_fp_infnan.o(.text)
    _btod_etento                             0x00000ffd   Thumb Code   210  bigflt0.o(.text)
    _btod_d2e                                0x000010d5   Thumb Code    64  btod.o(.text)
    _btod_emul                               0x00001509   Thumb Code    28  btod.o(.text)
    _btod_emuld                              0x00001525   Thumb Code   144  btod.o(.text)
    _btod_ediv                               0x000015b5   Thumb Code    26  btod.o(.text)
    _btod_edivd                              0x000015cf   Thumb Code   124  btod.o(.text)
    __aeabi_dadd                             0x0000194d   Thumb Code     0  daddsub.o(.text)
    _dadd                                    0x0000194d   Thumb Code    26  daddsub.o(.text)
    __aeabi_dsub                             0x00001967   Thumb Code     0  daddsub.o(.text)
    _dsub                                    0x00001967   Thumb Code    22  daddsub.o(.text)
    __aeabi_drsub                            0x0000197d   Thumb Code     0  daddsub.o(.text)
    _drsb                                    0x0000197d   Thumb Code    28  daddsub.o(.text)
    __aeabi_ddiv                             0x000019ad   Thumb Code     0  ddiv.o(.text)
    _ddiv                                    0x000019ad   Thumb Code  1072  ddiv.o(.text)
    _drdiv                                   0x00001ddd   Thumb Code    20  ddiv.o(.text)
    __ARM_scalbn                             0x00001df5   Thumb Code    84  dscalbn.o(.text)
    __user_libspace                          0x00001e55   Thumb Code     8  libspace.o(.text)
    __user_perproc_libspace                  0x00001e55   Thumb Code     0  libspace.o(.text)
    __user_perthread_libspace                0x00001e55   Thumb Code     0  libspace.o(.text)
    __user_setup_stackheap                   0x00001e5d   Thumb Code    62  sys_stackheap_outer.o(.text)
    exit                                     0x00001e9b   Thumb Code    16  exit.o(.text)
    strcmp                                   0x00001ead   Thumb Code   176  strcmpv6m.o(.text)
    _sys_exit                                0x00001f5d   Thumb Code     8  sys_exit.o(.text)
    __I$use$semihosting                      0x00001f69   Thumb Code     0  use_no_semi.o(.text)
    __use_no_semihosting_swi                 0x00001f69   Thumb Code     2  use_no_semi.o(.text)
    __semihosting_library_function           0x00001f6b   Thumb Code     0  indicate_semi.o(.text)
    DAC_Init                                 0x00001f6d   Thumb Code    40  dac.o(.text.DAC_Init)
    DAC_Load_Trig                            0x00001f95   Thumb Code    44  dac.o(.text.DAC_Load_Trig)
    I2C_Init                                 0x00001fc9   Thumb Code    64  i2c.o(.text.I2C_Init)
    I2C_Read                                 0x00002015   Thumb Code    76  i2c.o(.text.I2C_Read)
    I2C_Write                                0x00002065   Thumb Code    60  i2c.o(.text.I2C_Write)
    Klaw_Init                                0x000020a5   Thumb Code    68  klaw.o(.text.Klaw_Init)
    Klaw_S2_4_Int                            0x000020f1   Thumb Code    40  klaw.o(.text.Klaw_S2_4_Int)
    LCD1602_BF_AC                            0x0000211d   Thumb Code   200  lcd1602.o(.text.LCD1602_BF_AC)
    LCD1602_Backlight                        0x000021e5   Thumb Code    16  lcd1602.o(.text.LCD1602_Backlight)
    LCD1602_CheckAddress                     0x000021f5   Thumb Code    40  lcd1602.o(.text.LCD1602_CheckAddress)
    LCD1602_Init                             0x0000221d   Thumb Code    72  lcd1602.o(.text.LCD1602_Init)
    LCD1602_Print                            0x00002269   Thumb Code    32  lcd1602.o(.text.LCD1602_Print)
    LCD1602_SetCursor                        0x00002289   Thumb Code    30  lcd1602.o(.text.LCD1602_SetCursor)
    LCD1602_Write4                           0x000022a7   Thumb Code    26  lcd1602.o(.text.LCD1602_Write4)
    LCD1602_Write8                           0x000022c1   Thumb Code    40  lcd1602.o(.text.LCD1602_Write8)
    PCF8574_Write                            0x000022e9   Thumb Code    36  lcd1602.o(.text.PCF8574_Write)
    PORTA_IRQHandler                         0x00002315   Thumb Code   168  main.o(.text.PORTA_IRQHandler)
    SysTick_Handler                          0x000023f5   Thumb Code    60  main.o(.text.SysTick_Handler)
    SystemInit                               0x00002449   Thumb Code    60  system_mkl05z4.o(.text.SystemInit)
    TSI0_IRQHandler                          0x00002495   Thumb Code    20  tsi.o(.text.TSI0_IRQHandler)
    TSI_Init                                 0x000024a9   Thumb Code    60  tsi.o(.text.TSI_Init)
    TSI_ReadSlider                           0x000024f9   Thumb Code    84  tsi.o(.text.TSI_ReadSlider)
    change_electrode                         0x000025d9   Thumb Code    76  tsi.o(.text.change_electrode)
    i2c_clr_IICIF                            0x0000263d   Thumb Code    12  i2c.o(.text.i2c_clr_IICIF)
    i2c_disable                              0x00002649   Thumb Code    12  i2c.o(.text.i2c_disable)
    i2c_enable                               0x00002655   Thumb Code    12  i2c.o(.text.i2c_enable)
    i2c_m_start                              0x00002661   Thumb Code    12  i2c.o(.text.i2c_m_start)
    i2c_m_stop                               0x0000266d   Thumb Code    12  i2c.o(.text.i2c_m_stop)
    i2c_nack                                 0x00002679   Thumb Code    12  i2c.o(.text.i2c_nack)
    i2c_rec                                  0x00002685   Thumb Code    12  i2c.o(.text.i2c_rec)
    i2c_recv                                 0x00002691   Thumb Code     8  i2c.o(.text.i2c_recv)
    i2c_send                                 0x00002699   Thumb Code     8  i2c.o(.text.i2c_send)
    i2c_tran                                 0x000026a5   Thumb Code    12  i2c.o(.text.i2c_tran)
    i2c_wait                                 0x000026b5   Thumb Code    80  i2c.o(.text.i2c_wait)
    main                                     0x00002711   Thumb Code   528  main.o(.text.main)
    self_calibration                         0x00002995   Thumb Code   152  tsi.o(.text.self_calibration)
    __aeabi_uidiv                            0x00002a39   Thumb Code    68  aeabi_sdivfast.o(.text_divfast)
    __aeabi_idiv                             0x00002a7d   Thumb Code   434  aeabi_sdivfast.o(.text_divfast)
    __ARM_common_ll_muluu                    0x00002c2f   Thumb Code    48  btod.o(i.__ARM_common_ll_muluu)
    __ARM_fpclassify                         0x00002c61   Thumb Code    40  fpclassify.o(i.__ARM_fpclassify)
    __ieee754_rem_pio2                       0x00002c8d   Thumb Code   838  rred.o(i.__ieee754_rem_pio2)
    __kernel_cos                             0x00003029   Thumb Code   224  cos_i.o(i.__kernel_cos)
    __kernel_poly                            0x0000311d   Thumb Code   172  poly.o(i.__kernel_poly)
    __kernel_sin                             0x000031c9   Thumb Code   222  sin_i.o(i.__kernel_sin)
    __mathlib_dbl_infnan                     0x000032b5   Thumb Code    10  dunder.o(i.__mathlib_dbl_infnan)
    __mathlib_dbl_invalid                    0x000032bf   Thumb Code    16  dunder.o(i.__mathlib_dbl_invalid)
    __mathlib_dbl_underflow                  0x000032d1   Thumb Code    14  dunder.o(i.__mathlib_dbl_underflow)
    _is_digit                                0x000032e5   Thumb Code    14  __printf_wp.o(i._is_digit)
    sin                                      0x000032f5   Thumb Code   146  sin.o(i.sin)
    _get_lc_numeric                          0x00003391   Thumb Code    44  lc_numeric_c.o(locale$$code)
    __aeabi_fmul                             0x000033bd   Thumb Code     0  fmul.o(x$fpl$fmul)
    _fmul                                    0x000033bd   Thumb Code   172  fmul.o(x$fpl$fmul)
    _printf_fp_dec                           0x0000346d   Thumb Code    16  printf1.o(x$fpl$printf1)
    __I$use$fp                               0x0000347c   Number         0  usenofp.o(x$fpl$usenofp)
    Region$$Table$$Base                      0x000036d8   Number         0  anon$$obj.o(Region$$Table)
    Region$$Table$$Limit                     0x000036f8   Number         0  anon$$obj.o(Region$$Table)
    SystemCoreClock                          0x1ffffc00   Data           4  system_mkl05z4.o(.data.SystemCoreClock)
    on_off                                   0x1ffffc05   Data           1  main.o(.data.on_off)
    volt_coeff                               0x1ffffc08   Data           4  main.o(.data.volt_coeff)
    __libspace_start                         0x1ffffc10   Data          96  libspace.o(.bss)
    S2_press                                 0x1ffffc70   Data           1  main.o(.bss.S2_press)
    __temporary_stack_top$libspace           0x1ffffc70   Data           0  libspace.o(.bss)
    S3_press                                 0x1ffffc71   Data           1  main.o(.bss.S3_press)
    S4_press                                 0x1ffffc72   Data           1  main.o(.bss.S4_press)
    Sinus                                    0x1ffffc74   Data        2048  main.o(.bss.Sinus)
    dac                                      0x20000474   Data           2  main.o(.bss.dac)
    df                                       0x20000476   Data           2  main.o(.bss.df)
    dummy                                    0x20000478   Data           1  i2c.o(.bss.dummy)
    faza                                     0x2000047c   Data           2  main.o(.bss.faza)
    freq                                     0x2000047e   Data           2  main.o(.bss.freq)
    mod                                      0x20000488   Data           2  main.o(.bss.mod)
    nyquist                                  0x2000048a   Data           2  main.o(.bss.nyquist)
    slider                                   0x2000048e   Data           2  main.o(.bss.slider)
    temp                                     0x20000490   Data           2  main.o(.bss.temp)
    wynik                                    0x20000494   Data           4  main.o(.bss.wynik)



==============================================================================

Memory Map of the image

  Image Entry point : 0x000000c1

  Load Region LR_IROM1 (Base: 0x00000000, Size: 0x00003728, Max: 0x00008000, ABSOLUTE)

    Execution Region ER_IROM1 (Exec base: 0x00000000, Load base: 0x00000000, Size: 0x00003714, Max: 0x00008000, ABSOLUTE)

    Exec Addr    Load Addr    Size         Type   Attr      Idx    E Section Name        Object

    0x00000000   0x00000000   0x000000c0   Data   RO          201    RESET               startup_mkl05z4.o
    0x000000c0   0x000000c0   0x00000008   Code   RO          269  * !!!main             c_p.l(__main.o)
    0x000000c8   0x000000c8   0x0000003c   Code   RO          552    !!!scatter          c_p.l(__scatter.o)
    0x00000104   0x00000104   0x0000001a   Code   RO          554    !!handler_copy      c_p.l(__scatter_copy.o)
    0x0000011e   0x0000011e   0x00000002   PAD
    0x00000120   0x00000120   0x0000001c   Code   RO          556    !!handler_zi        c_p.l(__scatter_zi.o)
    0x0000013c   0x0000013c   0x00000002   Code   RO          258    .ARM.Collect$$_printf_percent$$00000000  c_p.l(_printf_percent.o)
    0x0000013e   0x0000013e   0x0000000a   Code   RO          257    .ARM.Collect$$_printf_percent$$00000003  c_p.l(_printf_f.o)
    0x00000148   0x00000148   0x0000000a   Code   RO          256    .ARM.Collect$$_printf_percent$$00000009  c_p.l(_printf_d.o)
    0x00000152   0x00000152   0x00000004   Code   RO          306    .ARM.Collect$$_printf_percent$$00000017  c_p.l(_printf_percent_end.o)
    0x00000156   0x00000156   0x00000002   Code   RO          417    .ARM.Collect$$libinit$$00000000  c_p.l(libinit.o)
    0x00000158   0x00000158   0x00000000   Code   RO          419    .ARM.Collect$$libinit$$00000002  c_p.l(libinit2.o)
    0x00000158   0x00000158   0x00000000   Code   RO          421    .ARM.Collect$$libinit$$00000004  c_p.l(libinit2.o)
    0x00000158   0x00000158   0x00000000   Code   RO          424    .ARM.Collect$$libinit$$0000000A  c_p.l(libinit2.o)
    0x00000158   0x00000158   0x00000000   Code   RO          426    .ARM.Collect$$libinit$$0000000C  c_p.l(libinit2.o)
    0x00000158   0x00000158   0x00000000   Code   RO          428    .ARM.Collect$$libinit$$0000000E  c_p.l(libinit2.o)
    0x00000158   0x00000158   0x00000006   Code   RO          429    .ARM.Collect$$libinit$$0000000F  c_p.l(libinit2.o)
    0x0000015e   0x0000015e   0x00000000   Code   RO          431    .ARM.Collect$$libinit$$00000011  c_p.l(libinit2.o)
    0x0000015e   0x0000015e   0x00000000   Code   RO          433    .ARM.Collect$$libinit$$00000013  c_p.l(libinit2.o)
    0x0000015e   0x0000015e   0x00000000   Code   RO          435    .ARM.Collect$$libinit$$00000015  c_p.l(libinit2.o)
    0x0000015e   0x0000015e   0x0000000a   Code   RO          436    .ARM.Collect$$libinit$$00000016  c_p.l(libinit2.o)
    0x00000168   0x00000168   0x00000000   Code   RO          437    .ARM.Collect$$libinit$$00000017  c_p.l(libinit2.o)
    0x00000168   0x00000168   0x00000000   Code   RO          439    .ARM.Collect$$libinit$$00000019  c_p.l(libinit2.o)
    0x00000168   0x00000168   0x00000000   Code   RO          441    .ARM.Collect$$libinit$$0000001B  c_p.l(libinit2.o)
    0x00000168   0x00000168   0x00000000   Code   RO          443    .ARM.Collect$$libinit$$0000001D  c_p.l(libinit2.o)
    0x00000168   0x00000168   0x00000000   Code   RO          445    .ARM.Collect$$libinit$$0000001F  c_p.l(libinit2.o)
    0x00000168   0x00000168   0x00000000   Code   RO          447    .ARM.Collect$$libinit$$00000021  c_p.l(libinit2.o)
    0x00000168   0x00000168   0x00000000   Code   RO          449    .ARM.Collect$$libinit$$00000023  c_p.l(libinit2.o)
    0x00000168   0x00000168   0x00000000   Code   RO          451    .ARM.Collect$$libinit$$00000025  c_p.l(libinit2.o)
    0x00000168   0x00000168   0x00000000   Code   RO          455    .ARM.Collect$$libinit$$0000002C  c_p.l(libinit2.o)
    0x00000168   0x00000168   0x00000000   Code   RO          457    .ARM.Collect$$libinit$$0000002E  c_p.l(libinit2.o)
    0x00000168   0x00000168   0x00000000   Code   RO          459    .ARM.Collect$$libinit$$00000030  c_p.l(libinit2.o)
    0x00000168   0x00000168   0x00000000   Code   RO          461    .ARM.Collect$$libinit$$00000032  c_p.l(libinit2.o)
    0x00000168   0x00000168   0x00000002   Code   RO          462    .ARM.Collect$$libinit$$00000033  c_p.l(libinit2.o)
    0x0000016a   0x0000016a   0x00000002   Code   RO          518    .ARM.Collect$$libshutdown$$00000000  c_p.l(libshutdown.o)
    0x0000016c   0x0000016c   0x00000000   Code   RO          536    .ARM.Collect$$libshutdown$$00000002  c_p.l(libshutdown2.o)
    0x0000016c   0x0000016c   0x00000000   Code   RO          538    .ARM.Collect$$libshutdown$$00000004  c_p.l(libshutdown2.o)
    0x0000016c   0x0000016c   0x00000000   Code   RO          541    .ARM.Collect$$libshutdown$$00000007  c_p.l(libshutdown2.o)
    0x0000016c   0x0000016c   0x00000000   Code   RO          544    .ARM.Collect$$libshutdown$$0000000A  c_p.l(libshutdown2.o)
    0x0000016c   0x0000016c   0x00000000   Code   RO          546    .ARM.Collect$$libshutdown$$0000000C  c_p.l(libshutdown2.o)
    0x0000016c   0x0000016c   0x00000000   Code   RO          549    .ARM.Collect$$libshutdown$$0000000F  c_p.l(libshutdown2.o)
    0x0000016c   0x0000016c   0x00000002   Code   RO          550    .ARM.Collect$$libshutdown$$00000010  c_p.l(libshutdown2.o)
    0x0000016e   0x0000016e   0x00000000   Code   RO          289    .ARM.Collect$$rtentry$$00000000  c_p.l(__rtentry.o)
    0x0000016e   0x0000016e   0x00000000   Code   RO          338    .ARM.Collect$$rtentry$$00000002  c_p.l(__rtentry2.o)
    0x0000016e   0x0000016e   0x00000006   Code   RO          350    .ARM.Collect$$rtentry$$00000004  c_p.l(__rtentry4.o)
    0x00000174   0x00000174   0x00000000   Code   RO          340    .ARM.Collect$$rtentry$$00000009  c_p.l(__rtentry2.o)
    0x00000174   0x00000174   0x00000004   Code   RO          341    .ARM.Collect$$rtentry$$0000000A  c_p.l(__rtentry2.o)
    0x00000178   0x00000178   0x00000000   Code   RO          343    .ARM.Collect$$rtentry$$0000000C  c_p.l(__rtentry2.o)
    0x00000178   0x00000178   0x00000008   Code   RO          344    .ARM.Collect$$rtentry$$0000000D  c_p.l(__rtentry2.o)
    0x00000180   0x00000180   0x00000002   Code   RO          464    .ARM.Collect$$rtexit$$00000000  c_p.l(rtexit.o)
    0x00000182   0x00000182   0x00000000   Code   RO          483    .ARM.Collect$$rtexit$$00000002  c_p.l(rtexit2.o)
    0x00000182   0x00000182   0x00000004   Code   RO          484    .ARM.Collect$$rtexit$$00000003  c_p.l(rtexit2.o)
    0x00000186   0x00000186   0x00000006   Code   RO          485    .ARM.Collect$$rtexit$$00000004  c_p.l(rtexit2.o)
    0x0000018c   0x0000018c   0x00000034   Code   RO          203    .text               startup_mkl05z4.o
    0x000001c0   0x000001c0   0x00000028   Code   RO          228    .text               c_p.l(noretval__2sprintf.o)
    0x000001e8   0x000001e8   0x0000004e   Code   RO          232    .text               c_p.l(_printf_pad.o)
    0x00000236   0x00000236   0x00000002   PAD
    0x00000238   0x00000238   0x0000006c   Code   RO          234    .text               c_p.l(_printf_dec.o)
    0x000002a4   0x000002a4   0x00000138   Code   RO          248    .text               c_p.l(__printf_flags_wp.o)
    0x000003dc   0x000003dc   0x00000006   Code   RO          267    .text               c_p.l(heapauxi.o)
    0x000003e2   0x000003e2   0x00000016   Code   RO          294    .text               c_p.l(_rserrno.o)
    0x000003f8   0x000003f8   0x00000008   Code   RO          357    .text               c_p.l(rt_locale_intlibspace.o)
    0x00000400   0x00000400   0x00000010   Code   RO          202    .ARM.__at_0x400     startup_mkl05z4.o
    0x00000410   0x00000410   0x000001f8   Code   RO          259    .text               c_p.l(aeabi_sdivfast.o)
    0x00000608   0x00000608   0x0000006c   Code   RO          271    .text               fz_ps.l(dfixi.o)
    0x00000674   0x00000674   0x00000058   Code   RO          273    .text               fz_ps.l(dflti.o)
    0x000006cc   0x000006cc   0x00000248   Code   RO          275    .text               fz_ps.l(dmul.o)
    0x00000914   0x00000914   0x00000054   Code   RO          277    .text               fz_ps.l(f2d.o)
    0x00000968   0x00000968   0x0000005e   Code   RO          279    .text               fz_ps.l(fflti.o)
    0x000009c6   0x000009c6   0x000000b0   Code   RO          296    .text               c_p.l(_printf_intcommon.o)
    0x00000a76   0x00000a76   0x00000002   PAD
    0x00000a78   0x00000a78   0x00000414   Code   RO          298    .text               c_p.l(_printf_fp_dec.o)
    0x00000e8c   0x00000e8c   0x00000030   Code   RO          302    .text               c_p.l(_printf_char_common.o)
    0x00000ebc   0x00000ebc   0x0000000a   Code   RO          304    .text               c_p.l(_sputc.o)
    0x00000ec6   0x00000ec6   0x00000028   Code   RO          307    .text               c_p.l(rtudiv10.o)
    0x00000eee   0x00000eee   0x00000002   PAD
    0x00000ef0   0x00000ef0   0x00000008   Code   RO          362    .text               c_p.l(rt_errno_addr_intlibspace.o)
    0x00000ef8   0x00000ef8   0x0000007a   Code   RO          364    .text               c_p.l(lludiv10.o)
    0x00000f72   0x00000f72   0x00000002   PAD
    0x00000f74   0x00000f74   0x00000088   Code   RO          366    .text               c_p.l(_printf_fp_infnan.o)
    0x00000ffc   0x00000ffc   0x000000d8   Code   RO          370    .text               c_p.l(bigflt0.o)
    0x000010d4   0x000010d4   0x00000580   Code   RO          373    .text               c_p.l(btod.o)
    0x00001654   0x00001654   0x00000358   Code   RO          383    .text               fz_ps.l(daddsub.o)
    0x000019ac   0x000019ac   0x00000448   Code   RO          385    .text               fz_ps.l(ddiv.o)
    0x00001df4   0x00001df4   0x00000060   Code   RO          388    .text               fz_ps.l(dscalbn.o)
    0x00001e54   0x00001e54   0x00000008   Code   RO          396    .text               c_p.l(libspace.o)
    0x00001e5c   0x00001e5c   0x0000003e   Code   RO          399    .text               c_p.l(sys_stackheap_outer.o)
    0x00001e9a   0x00001e9a   0x00000010   Code   RO          404    .text               c_p.l(exit.o)
    0x00001eaa   0x00001eaa   0x00000002   PAD
    0x00001eac   0x00001eac   0x000000b0   Code   RO          410    .text               c_p.l(strcmpv6m.o)
    0x00001f5c   0x00001f5c   0x0000000c   Code   RO          478    .text               c_p.l(sys_exit.o)
    0x00001f68   0x00001f68   0x00000002   Code   RO          505    .text               c_p.l(use_no_semi.o)
    0x00001f6a   0x00001f6a   0x00000000   Code   RO          507    .text               c_p.l(indicate_semi.o)
    0x00001f6a   0x00001f6a   0x00000002   PAD
    0x00001f6c   0x00001f6c   0x00000028   Code   RO            2    .text.DAC_Init      dac.o
    0x00001f94   0x00001f94   0x00000034   Code   RO            4    .text.DAC_Load_Trig  dac.o
    0x00001fc8   0x00001fc8   0x0000004c   Code   RO           14    .text.I2C_Init      i2c.o
    0x00002014   0x00002014   0x00000050   Code   RO           34    .text.I2C_Read      i2c.o
    0x00002064   0x00002064   0x00000040   Code   RO           32    .text.I2C_Write     i2c.o
    0x000020a4   0x000020a4   0x0000004c   Code   RO           64    .text.Klaw_Init     klaw.o
    0x000020f0   0x000020f0   0x0000002c   Code   RO           66    .text.Klaw_S2_4_Int  klaw.o
    0x0000211c   0x0000211c   0x000000c8   Code   RO          109    .text.LCD1602_BF_AC  lcd1602.o
    0x000021e4   0x000021e4   0x00000010   Code   RO          103    .text.LCD1602_Backlight  lcd1602.o
    0x000021f4   0x000021f4   0x00000028   Code   RO           83    .text.LCD1602_CheckAddress  lcd1602.o
    0x0000221c   0x0000221c   0x0000004c   Code   RO           81    .text.LCD1602_Init  lcd1602.o
    0x00002268   0x00002268   0x00000020   Code   RO           97    .text.LCD1602_Print  lcd1602.o
    0x00002288   0x00002288   0x0000001e   Code   RO           93    .text.LCD1602_SetCursor  lcd1602.o
    0x000022a6   0x000022a6   0x0000001a   Code   RO          107    .text.LCD1602_Write4  lcd1602.o
    0x000022c0   0x000022c0   0x00000028   Code   RO           85    .text.LCD1602_Write8  lcd1602.o
    0x000022e8   0x000022e8   0x0000002c   Code   RO          105    .text.PCF8574_Write  lcd1602.o
    0x00002314   0x00002314   0x000000c0   Code   RO          136    .text.PORTA_IRQHandler  main.o
    0x000023d4   0x000023d4   0x00000020   Code   RO          144    .text.SysTick_Config  main.o
    0x000023f4   0x000023f4   0x00000054   Code   RO          134    .text.SysTick_Handler  main.o
    0x00002448   0x00002448   0x0000004c   Code   RO          212    .text.SystemInit    system_mkl05z4.o
    0x00002494   0x00002494   0x00000014   Code   RO          185    .text.TSI0_IRQHandler  tsi.o
    0x000024a8   0x000024a8   0x00000050   Code   RO          171    .text.TSI_Init      tsi.o
    0x000024f8   0x000024f8   0x00000054   Code   RO          181    .text.TSI_ReadSlider  tsi.o
    0x0000254c   0x0000254c   0x0000000c   Code   RO           70    .text.__NVIC_ClearPendingIRQ  klaw.o
    0x00002558   0x00002558   0x0000000c   Code   RO          138    .text.__NVIC_ClearPendingIRQ  main.o
    0x00002564   0x00002564   0x00000010   Code   RO          175    .text.__NVIC_ClearPendingIRQ  tsi.o
    0x00002574   0x00002574   0x0000000c   Code   RO           72    .text.__NVIC_EnableIRQ  klaw.o
    0x00002580   0x00002580   0x00000010   Code   RO          177    .text.__NVIC_EnableIRQ  tsi.o
    0x00002590   0x00002590   0x00000018   Code   RO           68    .text.__NVIC_SetPriority  klaw.o
    0x000025a8   0x000025a8   0x00000018   Code   RO          142    .text.__NVIC_SetPriority  main.o
    0x000025c0   0x000025c0   0x00000018   Code   RO          173    .text.__NVIC_SetPriority  tsi.o
    0x000025d8   0x000025d8   0x00000064   Code   RO          183    .text.change_electrode  tsi.o
    0x0000263c   0x0000263c   0x0000000c   Code   RO           46    .text.i2c_clr_IICIF  i2c.o
    0x00002648   0x00002648   0x0000000c   Code   RO           30    .text.i2c_disable   i2c.o
    0x00002654   0x00002654   0x0000000c   Code   RO           18    .text.i2c_enable    i2c.o
    0x00002660   0x00002660   0x0000000c   Code   RO           22    .text.i2c_m_start   i2c.o
    0x0000266c   0x0000266c   0x0000000c   Code   RO           28    .text.i2c_m_stop    i2c.o
    0x00002678   0x00002678   0x0000000c   Code   RO           38    .text.i2c_nack      i2c.o
    0x00002684   0x00002684   0x0000000c   Code   RO           36    .text.i2c_rec       i2c.o
    0x00002690   0x00002690   0x00000008   Code   RO           40    .text.i2c_recv      i2c.o
    0x00002698   0x00002698   0x0000000c   Code   RO           24    .text.i2c_send      i2c.o
    0x000026a4   0x000026a4   0x00000010   Code   RO           20    .text.i2c_tran      i2c.o
    0x000026b4   0x000026b4   0x0000005c   Code   RO           26    .text.i2c_wait      i2c.o
    0x00002710   0x00002710   0x00000284   Code   RO          140    .text.main          main.o
    0x00002994   0x00002994   0x000000a4   Code   RO          179    .text.self_calibration  tsi.o
    0x00002a38   0x00002a38   0x000001f6   Code   RO          260    .text_divfast       c_p.l(aeabi_sdivfast.o)
    0x00002c2e   0x00002c2e   0x00000030   Code   RO          376    i.__ARM_common_ll_muluu  c_p.l(btod.o)
    0x00002c5e   0x00002c5e   0x00000002   PAD
    0x00002c60   0x00002c60   0x0000002c   Code   RO          392    i.__ARM_fpclassify  m_ps.l(fpclassify.o)
    0x00002c8c   0x00002c8c   0x0000039c   Code   RO          327    i.__ieee754_rem_pio2  m_ps.l(rred.o)
    0x00003028   0x00003028   0x000000f4   Code   RO          310    i.__kernel_cos      m_ps.l(cos_i.o)
    0x0000311c   0x0000311c   0x000000ac   Code   RO          394    i.__kernel_poly     m_ps.l(poly.o)
    0x000031c8   0x000031c8   0x000000ec   Code   RO          334    i.__kernel_sin      m_ps.l(sin_i.o)
    0x000032b4   0x000032b4   0x0000000a   Code   RO          314    i.__mathlib_dbl_infnan  m_ps.l(dunder.o)
    0x000032be   0x000032be   0x00000010   Code   RO          316    i.__mathlib_dbl_invalid  m_ps.l(dunder.o)
    0x000032ce   0x000032ce   0x00000002   PAD
    0x000032d0   0x000032d0   0x00000014   Code   RO          319    i.__mathlib_dbl_underflow  m_ps.l(dunder.o)
    0x000032e4   0x000032e4   0x0000000e   Code   RO          246    i._is_digit         c_p.l(__printf_wp.o)
    0x000032f2   0x000032f2   0x00000002   PAD
    0x000032f4   0x000032f4   0x0000009c   Code   RO          286    i.sin               m_ps.l(sin.o)
    0x00003390   0x00003390   0x0000002c   Code   RO          381    locale$$code        c_p.l(lc_numeric_c.o)
    0x000033bc   0x000033bc   0x000000b0   Code   RO          281    x$fpl$fmul          fz_ps.l(fmul.o)
    0x0000346c   0x0000346c   0x00000010   Code   RO          283    x$fpl$printf1       fz_ps.l(printf1.o)
    0x0000347c   0x0000347c   0x00000000   Code   RO          309    x$fpl$usenofp       fz_ps.l(usenofp.o)
    0x0000347c   0x0000347c   0x00000011   Data   RO          249    .constdata          c_p.l(__printf_flags_wp.o)
    0x0000348d   0x0000348d   0x00000003   PAD
    0x00003490   0x00003490   0x00000030   Data   RO          311    .constdata          m_ps.l(cos_i.o)
    0x000034c0   0x000034c0   0x000000cc   Data   RO          329    .constdata          m_ps.l(rred.o)
    0x0000358c   0x0000358c   0x00000004   PAD
    0x00003590   0x00003590   0x00000028   Data   RO          335    .constdata          m_ps.l(sin_i.o)
    0x000035b8   0x000035b8   0x00000094   Data   RO          371    .constdata          c_p.l(bigflt0.o)
    0x0000364c   0x0000364c   0x00000080   Data   RO          386    .constdata          fz_ps.l(ddiv.o)
    0x000036cc   0x000036cc   0x00000002   Data   RO          189    .rodata.elec_array  tsi.o
    0x000036ce   0x000036ce   0x00000007   Data   RO          161    .rodata.str1.1      main.o
    0x000036d5   0x000036d5   0x00000003   PAD
    0x000036d8   0x000036d8   0x00000020   Data   RO          551    Region$$Table       anon$$obj.o
    0x000036f8   0x000036f8   0x0000001c   Data   RO          380    locale$$data        c_p.l(lc_numeric_c.o)


    Execution Region RW_IRAM1 (Exec base: 0x1ffffc00, Load base: 0x00003718, Size: 0x00000b98, Max: 0x00001000, ABSOLUTE)

    Exec Addr    Load Addr    Size         Type   Attr      Idx    E Section Name        Object

    0x1ffffc00   0x00003718   0x00000004   Data   RW          216    .data.SystemCoreClock  system_mkl05z4.o
    0x1ffffc04   0x0000371c   0x00000001   Data   RW          124    .data.lcd_backlight  lcd1602.o
    0x1ffffc05   0x0000371d   0x00000001   Data   RW          150    .data.on_off        main.o
    0x1ffffc06   0x0000371e   0x00000002   PAD
    0x1ffffc08   0x00003720   0x00000004   Data   RW          149    .data.volt_coeff    main.o
    0x1ffffc0c   0x00003724   0x00000004   PAD
    0x1ffffc10        -       0x00000060   Zero   RW          397    .bss                c_p.l(libspace.o)
    0x1ffffc70        -       0x00000001   Zero   RW          146    .bss.S2_press       main.o
    0x1ffffc71        -       0x00000001   Zero   RW          147    .bss.S3_press       main.o
    0x1ffffc72        -       0x00000001   Zero   RW          148    .bss.S4_press       main.o
    0x1ffffc73   0x00003724   0x00000001   PAD
    0x1ffffc74        -       0x00000800   Zero   RW          151    .bss.Sinus          main.o
    0x20000474        -       0x00000002   Zero   RW          154    .bss.dac            main.o
    0x20000476        -       0x00000002   Zero   RW          156    .bss.df             main.o
    0x20000478        -       0x00000001   Zero   RW           55    .bss.dummy          i2c.o
    0x20000479        -       0x00000001   Zero   RW          187    .bss.end_flag       tsi.o
    0x2000047a        -       0x00000001   Zero   RW           54    .bss.error          i2c.o
    0x2000047b   0x00003724   0x00000001   PAD
    0x2000047c        -       0x00000002   Zero   RW          152    .bss.faza           main.o
    0x2000047e        -       0x00000002   Zero   RW          159    .bss.freq           main.o
    0x20000480        -       0x00000004   Zero   RW          190    .bss.gu16Baseline   tsi.o
    0x20000484        -       0x00000004   Zero   RW          188    .bss.gu16Delta      tsi.o
    0x20000488        -       0x00000002   Zero   RW          155    .bss.mod            main.o
    0x2000048a        -       0x00000002   Zero   RW          157    .bss.nyquist        main.o
    0x2000048c        -       0x00000001   Zero   RW          191    .bss.ongoing_elec   tsi.o
    0x2000048d        -       0x00000001   Zero   RW          125    .bss.pcf_address    lcd1602.o
    0x2000048e        -       0x00000002   Zero   RW          153    .bss.slider         main.o
    0x20000490        -       0x00000002   Zero   RW          160    .bss.temp           main.o
    0x20000492   0x00003724   0x00000002   PAD
    0x20000494        -       0x00000004   Zero   RW          158    .bss.wynik          main.o
    0x20000498        -       0x00000000   Zero   RW          200    HEAP                startup_mkl05z4.o
    0x20000498        -       0x00000300   Zero   RW          199    STACK               startup_mkl05z4.o


==============================================================================

Image component sizes


      Code (inc. data)   RO Data    RW Data    ZI Data      Debug   Object Name

        92          8          0          0          0       1993   dac.o
       432         40          0          0          2       5138   i2c.o
       168         16          0          0          0       3405   klaw.o
       504         12          0          1          1       5294   lcd1602.o
       988        172          7          5       2071       4736   main.o
        68         38        192          0        768        840   startup_mkl05z4.o
        76         16          0          4          0       2306   system_mkl05z4.o
       504         68          2          0         10       4716   tsi.o

    ----------------------------------------------------------------------
      2832        370        236         12       2860      28428   Object Totals
         0          0         32          0          0          0   (incl. Generated)
         0          0          3          2          8          0   (incl. Padding)

    ----------------------------------------------------------------------

      Code (inc. data)   RO Data    RW Data    ZI Data      Debug   Library Member Name

         8          0          0          0          0         68   __main.o
       312          6         17          0          0         76   __printf_flags_wp.o
        14          0          0          0          0         60   __printf_wp.o
         0          0          0          0          0          0   __rtentry.o
        12          0          0          0          0          0   __rtentry2.o
         6          0          0          0          0          0   __rtentry4.o
        60          8          0          0          0          0   __scatter.o
        26          0          0          0          0          0   __scatter_copy.o
        28          0          0          0          0          0   __scatter_zi.o
        48          6          0          0          0         88   _printf_char_common.o
        10          0          0          0          0          0   _printf_d.o
       108         18          0          0          0         76   _printf_dec.o
        10          0          0          0          0          0   _printf_f.o
      1044         12          0          0          0        116   _printf_fp_dec.o
       136         16          0          0          0         76   _printf_fp_infnan.o
       176          0          0          0          0         84   _printf_intcommon.o
        78          0          0          0          0        100   _printf_pad.o
         2          0          0          0          0          0   _printf_percent.o
         4          0          0          0          0          0   _printf_percent_end.o
        22          0          0          0          0         92   _rserrno.o
        10          0          0          0          0         60   _sputc.o
      1006          4          0          0          0        184   aeabi_sdivfast.o
       216          6        148          0          0         80   bigflt0.o
      1456         30          0          0          0        336   btod.o
        16          0          0          0          0         68   exit.o
         6          0          0          0          0        136   heapauxi.o
         0          0          0          0          0          0   indicate_semi.o
        44         10         28          0          0         76   lc_numeric_c.o
         2          0          0          0          0          0   libinit.o
        18          0          0          0          0          0   libinit2.o
         2          0          0          0          0          0   libshutdown.o
         2          0          0          0          0          0   libshutdown2.o
         8          4          0          0         96         68   libspace.o
       122          0          0          0          0         72   lludiv10.o
        40          4          0          0          0         84   noretval__2sprintf.o
         8          4          0          0          0         68   rt_errno_addr_intlibspace.o
         8          4          0          0          0         68   rt_locale_intlibspace.o
         2          0          0          0          0          0   rtexit.o
        10          0          0          0          0          0   rtexit2.o
        40          0          0          0          0         60   rtudiv10.o
       176          4          0          0          0         80   strcmpv6m.o
        12          4          0          0          0         60   sys_exit.o
        62          0          0          0          0         80   sys_stackheap_outer.o
         2          0          0          0          0         68   use_no_semi.o
       856         20          0          0          0        208   daddsub.o
      1096         26        128          0          0        112   ddiv.o
       108         10          0          0          0         72   dfixi.o
        88          0          0          0          0         92   dflti.o
       584         26          0          0          0         84   dmul.o
        96         12          0          0          0         72   dscalbn.o
        84          4          0          0          0         60   f2d.o
        94          0          0          0          0         92   fflti.o
       176          4          0          0          0         80   fmul.o
        16          4          0          0          0         76   printf1.o
         0          0          0          0          0          0   usenofp.o
       244         20         48          0          0         92   cos_i.o
        46          6          0          0          0        204   dunder.o
        44          4          0          0          0         60   fpclassify.o
       172          0          0          0          0         76   poly.o
       924         86        204          0          0        120   rred.o
       156         10          0          0          0        104   sin.o
       236         14         40          0          0        100   sin_i.o

    ----------------------------------------------------------------------
     10412        386        620          0         96       4188   Library Totals
        20          0          7          0          0          0   (incl. Padding)

    ----------------------------------------------------------------------

      Code (inc. data)   RO Data    RW Data    ZI Data      Debug   Library Name

      5372        140        193          0         96       2484   c_p.l
      3198        106        128          0          0        948   fz_ps.l
      1822        140        292          0          0        756   m_ps.l

    ----------------------------------------------------------------------
     10412        386        620          0         96       4188   Library Totals

    ----------------------------------------------------------------------

==============================================================================


      Code (inc. data)   RO Data    RW Data    ZI Data      Debug   

     13244        756        856         12       2956      30536   Grand Totals
     13244        756        856         12       2956      30536   ELF Image Totals
     13244        756        856         12          0          0   ROM Totals

==============================================================================

    Total RO  Size (Code + RO Data)                14100 (  13.77kB)
    Total RW  Size (RW Data + ZI Data)              2968 (   2.90kB)
    Total ROM Size (Code + RO Data + RW Data)      14112 (  13.78kB)

==============================================================================

