Component: ARM Compiler 6.16 Tool: armlink [5dfeaa00]

==============================================================================

Section Cross References

    adc.o(.text.ADC_Init) refers to adc.o(.text.__NVIC_ClearPendingIRQ) for __NVIC_ClearPendingIRQ
    adc.o(.text.ADC_Init) refers to adc.o(.text.__NVIC_EnableIRQ) for __NVIC_EnableIRQ
    adc.o(.ARM.exidx.text.ADC_Init) refers to adc.o(.text.ADC_Init) for [Anonymous Symbol]
    adc.o(.ARM.exidx.text.__NVIC_ClearPendingIRQ) refers to adc.o(.text.__NVIC_ClearPendingIRQ) for [Anonymous Symbol]
    adc.o(.ARM.exidx.text.__NVIC_EnableIRQ) refers to adc.o(.text.__NVIC_EnableIRQ) for [Anonymous Symbol]
    dac.o(.ARM.exidx.text.DAC_Init) refers to dac.o(.text.DAC_Init) for [Anonymous Symbol]
    dac.o(.ARM.exidx.text.DAC_Load_Trig) refers to dac.o(.text.DAC_Load_Trig) for [Anonymous Symbol]
    i2c.o(.ARM.exidx.text.I2C_Init) refers to i2c.o(.text.I2C_Init) for [Anonymous Symbol]
    i2c.o(.text.I2C_Ping) refers to i2c.o(.text.i2c_enable) for i2c_enable
    i2c.o(.text.I2C_Ping) refers to i2c.o(.text.i2c_tran) for i2c_tran
    i2c.o(.text.I2C_Ping) refers to i2c.o(.text.i2c_m_start) for i2c_m_start
    i2c.o(.text.I2C_Ping) refers to i2c.o(.text.i2c_send) for i2c_send
    i2c.o(.text.I2C_Ping) refers to i2c.o(.text.i2c_wait) for i2c_wait
    i2c.o(.text.I2C_Ping) refers to i2c.o(.text.i2c_m_stop) for i2c_m_stop
    i2c.o(.text.I2C_Ping) refers to i2c.o(.text.i2c_disable) for i2c_disable
    i2c.o(.text.I2C_Ping) refers to i2c.o(.bss.error) for [Anonymous Symbol]
    i2c.o(.ARM.exidx.text.I2C_Ping) refers to i2c.o(.text.I2C_Ping) for [Anonymous Symbol]
    i2c.o(.ARM.exidx.text.i2c_enable) refers to i2c.o(.text.i2c_enable) for [Anonymous Symbol]
    i2c.o(.ARM.exidx.text.i2c_tran) refers to i2c.o(.text.i2c_tran) for [Anonymous Symbol]
    i2c.o(.ARM.exidx.text.i2c_m_start) refers to i2c.o(.text.i2c_m_start) for [Anonymous Symbol]
    i2c.o(.ARM.exidx.text.i2c_send) refers to i2c.o(.text.i2c_send) for [Anonymous Symbol]
    i2c.o(.text.i2c_wait) refers to i2c.o(.text.i2c_clr_IICIF) for i2c_clr_IICIF
    i2c.o(.text.i2c_wait) refers to i2c.o(.bss.error) for [Anonymous Symbol]
    i2c.o(.ARM.exidx.text.i2c_wait) refers to i2c.o(.text.i2c_wait) for [Anonymous Symbol]
    i2c.o(.ARM.exidx.text.i2c_m_stop) refers to i2c.o(.text.i2c_m_stop) for [Anonymous Symbol]
    i2c.o(.ARM.exidx.text.i2c_disable) refers to i2c.o(.text.i2c_disable) for [Anonymous Symbol]
    i2c.o(.text.I2C_Write) refers to i2c.o(.text.i2c_enable) for i2c_enable
    i2c.o(.text.I2C_Write) refers to i2c.o(.text.i2c_tran) for i2c_tran
    i2c.o(.text.I2C_Write) refers to i2c.o(.text.i2c_m_start) for i2c_m_start
    i2c.o(.text.I2C_Write) refers to i2c.o(.text.i2c_send) for i2c_send
    i2c.o(.text.I2C_Write) refers to i2c.o(.text.i2c_wait) for i2c_wait
    i2c.o(.text.I2C_Write) refers to i2c.o(.text.i2c_m_stop) for i2c_m_stop
    i2c.o(.text.I2C_Write) refers to i2c.o(.text.i2c_disable) for i2c_disable
    i2c.o(.text.I2C_Write) refers to i2c.o(.bss.error) for [Anonymous Symbol]
    i2c.o(.ARM.exidx.text.I2C_Write) refers to i2c.o(.text.I2C_Write) for [Anonymous Symbol]
    i2c.o(.text.I2C_Read) refers to i2c.o(.text.i2c_enable) for i2c_enable
    i2c.o(.text.I2C_Read) refers to i2c.o(.text.i2c_tran) for i2c_tran
    i2c.o(.text.I2C_Read) refers to i2c.o(.text.i2c_m_start) for i2c_m_start
    i2c.o(.text.I2C_Read) refers to i2c.o(.text.i2c_send) for i2c_send
    i2c.o(.text.I2C_Read) refers to i2c.o(.text.i2c_wait) for i2c_wait
    i2c.o(.text.I2C_Read) refers to i2c.o(.text.i2c_rec) for i2c_rec
    i2c.o(.text.I2C_Read) refers to i2c.o(.text.i2c_nack) for i2c_nack
    i2c.o(.text.I2C_Read) refers to i2c.o(.text.i2c_recv) for i2c_recv
    i2c.o(.text.I2C_Read) refers to i2c.o(.text.i2c_m_stop) for i2c_m_stop
    i2c.o(.text.I2C_Read) refers to i2c.o(.text.i2c_disable) for i2c_disable
    i2c.o(.text.I2C_Read) refers to i2c.o(.bss.error) for [Anonymous Symbol]
    i2c.o(.text.I2C_Read) refers to i2c.o(.bss.dummy) for dummy
    i2c.o(.ARM.exidx.text.I2C_Read) refers to i2c.o(.text.I2C_Read) for [Anonymous Symbol]
    i2c.o(.ARM.exidx.text.i2c_rec) refers to i2c.o(.text.i2c_rec) for [Anonymous Symbol]
    i2c.o(.ARM.exidx.text.i2c_nack) refers to i2c.o(.text.i2c_nack) for [Anonymous Symbol]
    i2c.o(.ARM.exidx.text.i2c_recv) refers to i2c.o(.text.i2c_recv) for [Anonymous Symbol]
    i2c.o(.text.I2C_WriteReg) refers to i2c.o(.text.i2c_enable) for i2c_enable
    i2c.o(.text.I2C_WriteReg) refers to i2c.o(.text.i2c_tran) for i2c_tran
    i2c.o(.text.I2C_WriteReg) refers to i2c.o(.text.i2c_m_start) for i2c_m_start
    i2c.o(.text.I2C_WriteReg) refers to i2c.o(.text.i2c_send) for i2c_send
    i2c.o(.text.I2C_WriteReg) refers to i2c.o(.text.i2c_wait) for i2c_wait
    i2c.o(.text.I2C_WriteReg) refers to i2c.o(.text.i2c_m_stop) for i2c_m_stop
    i2c.o(.text.I2C_WriteReg) refers to i2c.o(.text.i2c_disable) for i2c_disable
[...]
    .ARM.Collect$$libinit$$0000001B          0x00000172   Section        0  libinit2.o(.ARM.Collect$$libinit$$0000001B)
    .ARM.Collect$$libinit$$0000001D          0x00000172   Section        0  libinit2.o(.ARM.Collect$$libinit$$0000001D)
    .ARM.Collect$$libinit$$0000001F          0x00000172   Section        0  libinit2.o(.ARM.Collect$$libinit$$0000001F)
    .ARM.Collect$$libinit$$00000021          0x00000172   Section        0  libinit2.o(.ARM.Collect$$libinit$$00000021)
    .ARM.Collect$$libinit$$00000023          0x00000172   Section        0  libinit2.o(.ARM.Collect$$libinit$$00000023)
    .ARM.Collect$$libinit$$00000025          0x00000172   Section        0  libinit2.o(.ARM.Collect$$libinit$$00000025)
    .ARM.Collect$$libinit$$0000002C          0x00000172   Section        0  libinit2.o(.ARM.Collect$$libinit$$0000002C)
    .ARM.Collect$$libinit$$0000002E          0x00000172   Section        0  libinit2.o(.ARM.Collect$$libinit$$0000002E)
    .ARM.Collect$$libinit$$00000030          0x00000172   Section        0  libinit2.o(.ARM.Collect$$libinit$$00000030)
    .ARM.Collect$$libinit$$00000032          0x00000172   Section        0  libinit2.o(.ARM.Collect$$libinit$$00000032)
    .ARM.Collect$$libinit$$00000033          0x00000172   Section        2  libinit2.o(.ARM.Collect$$libinit$$00000033)
    .ARM.Collect$$libshutdown$$00000000      0x00000174   Section        2  libshutdown.o(.ARM.Collect$$libshutdown$$00000000)
    .ARM.Collect$$libshutdown$$00000002      0x00000176   Section        0  libshutdown2.o(.ARM.Collect$$libshutdown$$00000002)
    .ARM.Collect$$libshutdown$$00000004      0x00000176   Section        0  libshutdown2.o(.ARM.Collect$$libshutdown$$00000004)
    .ARM.Collect$$libshutdown$$00000007      0x00000176   Section        0  libshutdown2.o(.ARM.Collect$$libshutdown$$00000007)
    .ARM.Collect$$libshutdown$$0000000A      0x00000176   Section        0  libshutdown2.o(.ARM.Collect$$libshutdown$$0000000A)
    .ARM.Collect$$libshutdown$$0000000C      0x00000176   Section        0  libshutdown2.o(.ARM.Collect$$libshutdown$$0000000C)
    .ARM.Collect$$libshutdown$$0000000F      0x00000176   Section        0  libshutdown2.o(.ARM.Collect$$libshutdown$$0000000F)
    .ARM.Collect$$libshutdown$$00000010      0x00000176   Section        2  libshutdown2.o(.ARM.Collect$$libshutdown$$00000010)
    .ARM.Collect$$rtentry$$00000000          0x00000178   Section        0  __rtentry.o(.ARM.Collect$$rtentry$$00000000)
    .ARM.Collect$$rtentry$$00000002          0x00000178   Section        0  __rtentry2.o(.ARM.Collect$$rtentry$$00000002)
    .ARM.Collect$$rtentry$$00000004          0x00000178   Section        6  __rtentry4.o(.ARM.Collect$$rtentry$$00000004)
    .ARM.Collect$$rtentry$$00000009          0x0000017e   Section        0  __rtentry2.o(.ARM.Collect$$rtentry$$00000009)
    .ARM.Collect$$rtentry$$0000000A          0x0000017e   Section        4  __rtentry2.o(.ARM.Collect$$rtentry$$0000000A)
    .ARM.Collect$$rtentry$$0000000C          0x00000182   Section        0  __rtentry2.o(.ARM.Collect$$rtentry$$0000000C)
    .ARM.Collect$$rtentry$$0000000D          0x00000182   Section        8  __rtentry2.o(.ARM.Collect$$rtentry$$0000000D)
    .ARM.Collect$$rtexit$$00000000           0x0000018a   Section        2  rtexit.o(.ARM.Collect$$rtexit$$00000000)
    .ARM.Collect$$rtexit$$00000002           0x0000018c   Section        0  rtexit2.o(.ARM.Collect$$rtexit$$00000002)
    .ARM.Collect$$rtexit$$00000003           0x0000018c   Section        4  rtexit2.o(.ARM.Collect$$rtexit$$00000003)
    .ARM.Collect$$rtexit$$00000004           0x00000190   Section        6  rtexit2.o(.ARM.Collect$$rtexit$$00000004)
    .text                                    0x00000198   Section       52  startup_mkl05z4.o(.text)
    .text                                    0x000001cc   Section        0  noretval__2sprintf.o(.text)
    .text                                    0x000001f4   Section        0  _printf_pad.o(.text)
    .text                                    0x00000242   Section        0  _printf_str.o(.text)
    .text                                    0x00000294   Section        0  _printf_dec.o(.text)
    .text                                    0x00000300   Section        0  heapauxi.o(.text)
    .text                                    0x00000308   Section        0  d2f.o(.text)
    .text                                    0x00000384   Section        0  dfixi.o(.text)
    .text                                    0x000003f0   Section        0  _sputc.o(.text)
    .text                                    0x000003fa   Section        2  use_no_semi.o(.text)
    [Anonymous Symbol]                       0x000003fc   Section        0  main.o(.text.Pila)
    .text                                    0x000003fc   Section        0  indicate_semi.o(.text)
    .ARM.__at_0x400                          0x00000400   Section       16  startup_mkl05z4.o(.ARM.__at_0x400)
    .text                                    0x00000410   Section        0  __printf_wp.o(.text)
    .text                                    0x00000520   Section      504  aeabi_sdivfast.o(.text)
    .text                                    0x00000718   Section        0  dflti.o(.text)
    .text                                    0x00000770   Section        0  dmul.o(.text)
    .text                                    0x000009b8   Section        0  f2d.o(.text)
    .text                                    0x00000a0c   Section        0  fdiv.o(.text)
    .text                                    0x00000b6c   Section        0  ffixi.o(.text)
    .text                                    0x00000bb8   Section        0  fflti.o(.text)
    .text                                    0x00000c16   Section        0  _rserrno.o(.text)
    .text                                    0x00000c2c   Section        0  _printf_intcommon.o(.text)
    _fp_digits                               0x00000cdd   Thumb Code   412  _printf_fp_dec.o(.text)
    .text                                    0x00000cdc   Section        0  _printf_fp_dec.o(.text)
    _printf_input_char                       0x000010f1   Thumb Code    10  _printf_char_common.o(.text)
    .text                                    0x000010f0   Section        0  _printf_char_common.o(.text)
    .text                                    0x00001120   Section        0  _printf_char.o(.text)
    .text                                    0x0000114e   Section        0  rtudiv10.o(.text)
    .text                                    0x00001178   Section        0  dscalbn.o(.text)
    .text                                    0x000011d8   Section        8  rt_locale_intlibspace.o(.text)
    .text                                    0x000011e0   Section        8  rt_errno_addr_intlibspace.o(.text)
    .text                                    0x000011e8   Section        0  lludiv10.o(.text)
    .text                                    0x00001264   Section        0  _printf_fp_infnan.o(.text)
    .text                                    0x000012ec   Section        0  bigflt0.o(.text)
    .text                                    0x000013c4   Section        0  btod.o(.text)
    btod_internal_mul                        0x00001405   Thumb Code   492  btod.o(.text)
    btod_internal_div                        0x000015f1   Thumb Code   520  btod.o(.text)
    _dadd1                                   0x00001945   Thumb Code   290  daddsub.o(.text)
    .text                                    0x00001944   Section        0  daddsub.o(.text)
    _dsub1                                   0x00001a67   Thumb Code   470  daddsub.o(.text)
    .text                                    0x00001c9c   Section        0  dcmpin.o(.text)
    .text                                    0x00001d3c   Section        0  ddiv.o(.text)
    .text                                    0x00002184   Section        0  fcmpin.o(.text)
    .text                                    0x000021e8   Section        8  libspace.o(.text)
    .text                                    0x000021f0   Section       62  sys_stackheap_outer.o(.text)
    .text                                    0x0000222e   Section        0  exit.o(.text)
    .text                                    0x00002240   Section      176  strcmpv6m.o(.text)
    .text                                    0x000022f0   Section        0  cmpret.o(.text)
    .text                                    0x00002320   Section        0  dnan2.o(.text)
    .text                                    0x00002334   Section        0  fnan2.o(.text)
    .text                                    0x00002344   Section        0  retnan.o(.text)
    .text                                    0x000023a4   Section        0  sys_exit.o(.text)
    [Anonymous Symbol]                       0x000023b0   Section        0  main.o(.text.ADC0_IRQHandler)
    __arm_cp.3_0                             0x000023d4   Number         4  main.o(.text.ADC0_IRQHandler)
    __arm_cp.3_1                             0x000023d8   Number         4  main.o(.text.ADC0_IRQHandler)
    __arm_cp.3_2                             0x000023dc   Number         4  main.o(.text.ADC0_IRQHandler)
    __arm_cp.3_3                             0x000023e0   Number         4  main.o(.text.ADC0_IRQHandler)
    [Anonymous Symbol]                       0x000023e4   Section        0  adc.o(.text.ADC_Init)
    __arm_cp.0_1                             0x0000248c   Number         4  adc.o(.text.ADC_Init)
    __arm_cp.0_2                             0x00002490   Number         4  adc.o(.text.ADC_Init)
    __arm_cp.0_3                             0x00002494   Number         4  adc.o(.text.ADC_Init)
    [Anonymous Symbol]                       0x00002498   Section        0  dac.o(.text.DAC_Init)
    [Anonymous Symbol]                       0x000024c0   Section        0  dac.o(.text.DAC_Load_Trig)
    __arm_cp.1_0                             0x000024ec   Number         4  dac.o(.text.DAC_Load_Trig)
    __arm_cp.1_1                             0x000024f0   Number         4  dac.o(.text.DAC_Load_Trig)
    [Anonymous Symbol]                       0x000024f4   Section        0  i2c.o(.text.I2C_Init)
    __arm_cp.0_0                             0x00002534   Number         4  i2c.o(.text.I2C_Init)
    __arm_cp.0_1                             0x00002538   Number         4  i2c.o(.text.I2C_Init)
    __arm_cp.0_2                             0x0000253c   Number         4  i2c.o(.text.I2C_Init)
    [Anonymous Symbol]                       0x00002540   Section        0  i2c.o(.text.I2C_Read)
    __arm_cp.10_1                            0x0000258c   Number         4  i2c.o(.text.I2C_Read)
    [Anonymous Symbol]                       0x00002590   Section        0  i2c.o(.text.I2C_Write)
    __arm_cp.9_0                             0x000025cc   Number         4  i2c.o(.text.I2C_Write)
    [Anonymous Symbol]                       0x000025d0   Section        0  klaw.o(.text.Klaw_Init)
    __arm_cp.0_0                             0x00002614   Number         4  klaw.o(.text.Klaw_Init)
    __arm_cp.0_1                             0x00002618   Number         4  klaw.o(.text.Klaw_Init)
    [Anonymous Symbol]                       0x0000261c   Section        0  klaw.o(.text.Klaw_S2_4_Int)
    __arm_cp.1_0                             0x00002644   Number         4  klaw.o(.text.Klaw_S2_4_Int)
    [Anonymous Symbol]                       0x00002648   Section        0  lcd1602.o(.text.LCD1602_BF_AC)
    [Anonymous Symbol]                       0x00002710   Section        0  lcd1602.o(.text.LCD1602_Backlight)
    [Anonymous Symbol]                       0x00002720   Section        0  lcd1602.o(.text.LCD1602_CheckAddress)
    [Anonymous Symbol]                       0x00002748   Section        0  lcd1602.o(.text.LCD1602_Init)
    __arm_cp.0_0                             0x00002790   Number         4  lcd1602.o(.text.LCD1602_Init)
    [Anonymous Symbol]                       0x00002794   Section        0  lcd1602.o(.text.LCD1602_Print)
    [Anonymous Symbol]                       0x000027b4   Section        0  lcd1602.o(.text.LCD1602_SetCursor)
    [Anonymous Symbol]                       0x000027d2   Section        0  lcd1602.o(.text.LCD1602_Write4)
    [Anonymous Symbol]                       0x000027ec   Section        0  lcd1602.o(.text.LCD1602_Write8)
    [Anonymous Symbol]                       0x00002814   Section        0  lcd1602.o(.text.PCF8574_Write)
    __arm_cp.12_0                            0x00002838   Number         4  lcd1602.o(.text.PCF8574_Write)
    __arm_cp.12_1                            0x0000283c   Number         4  lcd1602.o(.text.PCF8574_Write)
    [Anonymous Symbol]                       0x00002840   Section        0  main.o(.text.PORTA_IRQHandler)
    __arm_cp.4_0                             0x000028e8   Number         4  main.o(.text.PORTA_IRQHandler)
    __arm_cp.4_1                             0x000028ec   Number         4  main.o(.text.PORTA_IRQHandler)
    __arm_cp.4_2                             0x000028f0   Number         4  main.o(.text.PORTA_IRQHandler)
    __arm_cp.4_3                             0x000028f4   Number         4  main.o(.text.PORTA_IRQHandler)
    __arm_cp.4_4                             0x000028f8   Number         4  main.o(.text.PORTA_IRQHandler)
    __arm_cp.4_5                             0x000028fc   Number         4  main.o(.text.PORTA_IRQHandler)
    SysTick_Config                           0x00002901   Thumb Code    28  main.o(.text.SysTick_Config)
    [Anonymous Symbol]                       0x00002900   Section        0  main.o(.text.SysTick_Config)
    __arm_cp.8_0                             0x0000291c   Number         4  main.o(.text.SysTick_Config)
    [Anonymous Symbol]                       0x00002920   Section        0  main.o(.text.SysTick_Handler)
    __arm_cp.2_0                             0x00002994   Number         4  main.o(.text.SysTick_Handler)
    __arm_cp.2_1                             0x00002998   Number         4  main.o(.text.SysTick_Handler)
    __arm_cp.2_2                             0x0000299c   Number         4  main.o(.text.SysTick_Handler)
    __arm_cp.2_3                             0x000029a0   Number         4  main.o(.text.SysTick_Handler)
    __arm_cp.2_4                             0x000029a4   Number         4  main.o(.text.SysTick_Handler)
    __arm_cp.2_5                             0x000029a8   Number         4  main.o(.text.SysTick_Handler)
    __arm_cp.2_6                             0x000029ac   Number         4  main.o(.text.SysTick_Handler)
    [Anonymous Symbol]                       0x000029b0   Section        0  system_mkl05z4.o(.text.SystemInit)
    __arm_cp.0_0                             0x000029ec   Number         4  system_mkl05z4.o(.text.SystemInit)
    __arm_cp.0_1                             0x000029f0   Number         4  system_mkl05z4.o(.text.SystemInit)
    __arm_cp.0_2                             0x000029f4   Number         4  system_mkl05z4.o(.text.SystemInit)
    __arm_cp.0_3                             0x000029f8   Number         4  system_mkl05z4.o(.text.SystemInit)
    [Anonymous Symbol]                       0x000029fc   Section        0  tsi.o(.text.TSI0_IRQHandler)
    [Anonymous Symbol]                       0x00002a10   Section        0  tsi.o(.text.TSI_Init)
    __arm_cp.0_0                             0x00002a4c   Number         4  tsi.o(.text.TSI_Init)
    __arm_cp.0_1                             0x00002a50   Number         4  tsi.o(.text.TSI_Init)
    __arm_cp.0_2                             0x00002a54   Number         4  tsi.o(.text.TSI_Init)
    __arm_cp.0_3                             0x00002a58   Number         4  tsi.o(.text.TSI_Init)
    __arm_cp.0_4                             0x00002a5c   Number         4  tsi.o(.text.TSI_Init)
    [Anonymous Symbol]                       0x00002a60   Section        0  tsi.o(.text.TSI_ReadSlider)
    [Anonymous Symbol]                       0x00002ab4   Section        0  main.o(.text.Trojkat)
    __arm_cp.0_0                             0x00002ac4   Number         4  main.o(.text.Trojkat)
    __NVIC_ClearPendingIRQ                   0x00002ac9   Thumb Code    12  adc.o(.text.__NVIC_ClearPendingIRQ)
    [Anonymous Symbol]                       0x00002ac8   Section        0  adc.o(.text.__NVIC_ClearPendingIRQ)
    __NVIC_ClearPendingIRQ                   0x00002ad5   Thumb Code    12  klaw.o(.text.__NVIC_ClearPendingIRQ)
    [Anonymous Symbol]                       0x00002ad4   Section        0  klaw.o(.text.__NVIC_ClearPendingIRQ)
    __NVIC_ClearPendingIRQ                   0x00002ae1   Thumb Code    12  main.o(.text.__NVIC_ClearPendingIRQ)
    [Anonymous Symbol]                       0x00002ae0   Section        0  main.o(.text.__NVIC_ClearPendingIRQ)
    __NVIC_ClearPendingIRQ                   0x00002aed   Thumb Code    12  tsi.o(.text.__NVIC_ClearPendingIRQ)
    [Anonymous Symbol]                       0x00002aec   Section        0  tsi.o(.text.__NVIC_ClearPendingIRQ)
    __arm_cp.2_0                             0x00002af8   Number         4  tsi.o(.text.__NVIC_ClearPendingIRQ)
    __NVIC_EnableIRQ                         0x00002afd   Thumb Code    12  adc.o(.text.__NVIC_EnableIRQ)
    [Anonymous Symbol]                       0x00002afc   Section        0  adc.o(.text.__NVIC_EnableIRQ)
    __NVIC_EnableIRQ                         0x00002b09   Thumb Code    12  klaw.o(.text.__NVIC_EnableIRQ)
    [Anonymous Symbol]                       0x00002b08   Section        0  klaw.o(.text.__NVIC_EnableIRQ)
    __NVIC_EnableIRQ                         0x00002b15   Thumb Code    12  tsi.o(.text.__NVIC_EnableIRQ)
    [Anonymous Symbol]                       0x00002b14   Section        0  tsi.o(.text.__NVIC_EnableIRQ)
    __arm_cp.3_0                             0x00002b20   Number         4  tsi.o(.text.__NVIC_EnableIRQ)
    __NVIC_SetPriority                       0x00002b25   Thumb Code    20  klaw.o(.text.__NVIC_SetPriority)
    [Anonymous Symbol]                       0x00002b24   Section        0  klaw.o(.text.__NVIC_SetPriority)
    __arm_cp.2_0                             0x00002b38   Number         4  klaw.o(.text.__NVIC_SetPriority)
    __NVIC_SetPriority                       0x00002b3d   Thumb Code    20  main.o(.text.__NVIC_SetPriority)
    [Anonymous Symbol]                       0x00002b3c   Section        0  main.o(.text.__NVIC_SetPriority)
    __arm_cp.7_0                             0x00002b50   Number         4  main.o(.text.__NVIC_SetPriority)
    __NVIC_SetPriority                       0x00002b55   Thumb Code    20  tsi.o(.text.__NVIC_SetPriority)
    [Anonymous Symbol]                       0x00002b54   Section        0  tsi.o(.text.__NVIC_SetPriority)
    __arm_cp.1_0                             0x00002b68   Number         4  tsi.o(.text.__NVIC_SetPriority)
    [Anonymous Symbol]                       0x00002b6c   Section        0  tsi.o(.text.change_electrode)
    __arm_cp.6_0                             0x00002bb8   Number         4  tsi.o(.text.change_electrode)
    __arm_cp.6_1                             0x00002bbc   Number         4  tsi.o(.text.change_electrode)
    __arm_cp.6_2                             0x00002bc0   Number         4  tsi.o(.text.change_electrode)
    __arm_cp.6_3                             0x00002bc4   Number         4  tsi.o(.text.change_electrode)
    __arm_cp.6_4                             0x00002bc8   Number         4  tsi.o(.text.change_electrode)
    __arm_cp.6_5                             0x00002bcc   Number         4  tsi.o(.text.change_electrode)
    [Anonymous Symbol]                       0x00002bd0   Section        0  i2c.o(.text.i2c_clr_IICIF)
    [Anonymous Symbol]                       0x00002bdc   Section        0  i2c.o(.text.i2c_disable)
    [Anonymous Symbol]                       0x00002be8   Section        0  i2c.o(.text.i2c_enable)
    [Anonymous Symbol]                       0x00002bf4   Section        0  i2c.o(.text.i2c_m_start)
    [Anonymous Symbol]                       0x00002c00   Section        0  i2c.o(.text.i2c_m_stop)
    [Anonymous Symbol]                       0x00002c0c   Section        0  i2c.o(.text.i2c_nack)
    [Anonymous Symbol]                       0x00002c18   Section        0  i2c.o(.text.i2c_rec)
    [Anonymous Symbol]                       0x00002c24   Section        0  i2c.o(.text.i2c_recv)
    [Anonymous Symbol]                       0x00002c2c   Section        0  i2c.o(.text.i2c_send)
    __arm_cp.5_0                             0x00002c34   Number         4  i2c.o(.text.i2c_send)
    [Anonymous Symbol]                       0x00002c38   Section        0  i2c.o(.text.i2c_tran)
    __arm_cp.3_0                             0x00002c44   Number         4  i2c.o(.text.i2c_tran)
    [Anonymous Symbol]                       0x00002c48   Section        0  i2c.o(.text.i2c_wait)
    __arm_cp.6_0                             0x00002c98   Number         4  i2c.o(.text.i2c_wait)
    __arm_cp.6_1                             0x00002c9c   Number         4  i2c.o(.text.i2c_wait)
    __arm_cp.6_2                             0x00002ca0   Number         4  i2c.o(.text.i2c_wait)
    [Anonymous Symbol]                       0x00002ca4   Section        0  main.o(.text.main)
    __arm_cp.6_0                             0x00002f50   Number         4  main.o(.text.main)
    __arm_cp.6_1                             0x00002f54   Number         4  main.o(.text.main)
    __arm_cp.6_2                             0x00002f58   Number         4  main.o(.text.main)
    __arm_cp.6_3                             0x00002f5c   Number         4  main.o(.text.main)
    __arm_cp.6_4                             0x00002f60   Number         4  main.o(.text.main)
    __arm_cp.6_6                             0x00002f68   Number         4  main.o(.text.main)
    __arm_cp.6_7                             0x00002f6c   Number         4  main.o(.text.main)
    __arm_cp.6_8                             0x00002f70   Number         4  main.o(.text.main)
    __arm_cp.6_9                             0x00002f74   Number         4  main.o(.text.main)
    __arm_cp.6_10                            0x00002f78   Number         4  main.o(.text.main)
    __arm_cp.6_11                            0x00002f7c   Number         4  main.o(.text.main)
    __arm_cp.6_12                            0x00002f80   Number         4  main.o(.text.main)
    __arm_cp.6_13                            0x00002f84   Number         4  main.o(.text.main)
    __arm_cp.6_14                            0x00002f88   Number         4  main.o(.text.main)
    __arm_cp.6_16                            0x00002f94   Number         4  main.o(.text.main)
    __arm_cp.6_17                            0x00002f98   Number         4  main.o(.text.main)
    __arm_cp.6_19                            0x00002fa0   Number         4  main.o(.text.main)
    __arm_cp.6_21                            0x00002fac   Number         4  main.o(.text.main)
    __arm_cp.6_22                            0x00002fb0   Number         4  main.o(.text.main)
    __arm_cp.6_23                            0x00002fb4   Number         4  main.o(.text.main)
    __arm_cp.6_24                            0x00002fb8   Number         4  main.o(.text.main)
    __arm_cp.6_25                            0x00002fbc   Number         4  main.o(.text.main)
    __arm_cp.6_26                            0x00002fc0   Number         4  main.o(.text.main)
    __arm_cp.6_27                            0x00002fc4   Number         4  main.o(.text.main)
    __arm_cp.6_28                            0x00002fc8   Number         4  main.o(.text.main)
    __arm_cp.6_29                            0x00002fcc   Number         4  main.o(.text.main)
    [Anonymous Symbol]                       0x00002fe8   Section        0  tsi.o(.text.self_calibration)
    __arm_cp.4_0                             0x00003080   Number         4  tsi.o(.text.self_calibration)
    __arm_cp.4_1                             0x00003084   Number         4  tsi.o(.text.self_calibration)
    __arm_cp.4_2                             0x00003088   Number         4  tsi.o(.text.self_calibration)
    .text_divfast                            0x0000308c   Section      502  aeabi_sdivfast.o(.text_divfast)
    i.__ARM_common_ll_muluu                  0x00003282   Section        0  btod.o(i.__ARM_common_ll_muluu)
    i.__ARM_fpclassify                       0x000032b4   Section        0  fpclassify.o(i.__ARM_fpclassify)
    i.__ieee754_rem_pio2                     0x000032e0   Section        0  rred.o(i.__ieee754_rem_pio2)
    i.__kernel_cos                           0x0000367c   Section        0  cos_i.o(i.__kernel_cos)
    i.__kernel_poly                          0x00003770   Section        0  poly.o(i.__kernel_poly)
    i.__kernel_sin                           0x0000381c   Section        0  sin_i.o(i.__kernel_sin)
    i.__mathlib_dbl_infnan                   0x00003908   Section        0  dunder.o(i.__mathlib_dbl_infnan)
    i.__mathlib_dbl_invalid                  0x00003912   Section        0  dunder.o(i.__mathlib_dbl_invalid)
    i.__mathlib_dbl_overflow                 0x00003924   Section        0  dunder.o(i.__mathlib_dbl_overflow)
    i.__mathlib_dbl_underflow                0x00003938   Section        0  dunder.o(i.__mathlib_dbl_underflow)
    i._fls                                   0x0000394c   Section        0  fcmp.o(i._fls)
    i._is_digit                              0x00003962   Section        0  __printf_wp.o(i._is_digit)
    i.ldexp                                  0x00003970   Section        0  ldexp.o(i.ldexp)
    i.sin                                    0x000039e0   Section        0  sin.o(i.sin)
    locale$$code                             0x00003a7c   Section       44  lc_numeric_c.o(locale$$code)
    x$fpl$deqf                               0x00003aa8   Section      100  deqf.o(x$fpl$deqf)
    x$fpl$fleqf                              0x00003b0c   Section       84  flef.o(x$fpl$fleqf)
    x$fpl$printf1                            0x00003b60   Section       16  printf1.o(x$fpl$printf1)
    fdiv_tab                                 0x00003b70   Data          64  fdiv.o(.constdata)
    .constdata                               0x00003b70   Section       64  fdiv.o(.constdata)
    x$fpl$usenofp                            0x00003b70   Section        0  usenofp.o(x$fpl$usenofp)
    C                                        0x00003bb0   Data          48  cos_i.o(.constdata)
    .constdata                               0x00003bb0   Section       48  cos_i.o(.constdata)
    pio2s                                    0x00003be0   Data          48  rred.o(.constdata)
    .constdata                               0x00003be0   Section      204  rred.o(.constdata)
    twooverpi                                0x00003c10   Data         156  rred.o(.constdata)
    S                                        0x00003cb0   Data          40  sin_i.o(.constdata)
    .constdata                               0x00003cb0   Section       40  sin_i.o(.constdata)
    tenpwrs_x                                0x00003cd8   Data          60  bigflt0.o(.constdata)
    .constdata                               0x00003cd8   Section      148  bigflt0.o(.constdata)
    tenpwrs_i                                0x00003d14   Data          64  bigflt0.o(.constdata)
    ddiv_reciptbl                            0x00003d6c   Data         128  ddiv.o(.constdata)
    .constdata                               0x00003d6c   Section      128  ddiv.o(.constdata)
    elec_array                               0x00003e20   Data           2  tsi.o(.rodata.elec_array)
    [Anonymous Symbol]                       0x00003e20   Section        0  tsi.o(.rodata.elec_array)
    [Anonymous Symbol]                       0x00003e3e   Section        0  main.o(.rodata.str1.1)
    locale$$data                             0x00003e88   Section       28  lc_numeric_c.o(locale$$data)
    __lcnum_c_name                           0x00003e8c   Data           2  lc_numeric_c.o(locale$$data)
    __lcnum_c_start                          0x00003e94   Data           0  lc_numeric_c.o(locale$$data)
    __lcnum_c_point                          0x00003ea0   Data           0  lc_numeric_c.o(locale$$data)
    __lcnum_c_thousands                      0x00003ea2   Data           0  lc_numeric_c.o(locale$$data)
    __lcnum_c_grouping                       0x00003ea3   Data           0  lc_numeric_c.o(locale$$data)
    __lcnum_c_end                            0x00003ea4   Data           0  lc_numeric_c.o(locale$$data)
    lcd_backlight                            0x1ffffc08   Data           1  lcd1602.o(.data.lcd_backlight)
    [Anonymous Symbol]                       0x1ffffc08   Section        0  lcd1602.o(.data.lcd_backlight)
    .bss                                     0x1ffffc48   Section       96  libspace.o(.bss)
    end_flag                                 0x200004b1   Data           1  tsi.o(.bss.end_flag)
    [Anonymous Symbol]                       0x200004b1   Section        0  tsi.o(.bss.end_flag)
    error                                    0x200004b2   Data           1  i2c.o(.bss.error)
    [Anonymous Symbol]                       0x200004b2   Section        0  i2c.o(.bss.error)
    gu16Baseline                             0x200004b6   Data           4  tsi.o(.bss.gu16Baseline)
    [Anonymous Symbol]                       0x200004b6   Section        0  tsi.o(.bss.gu16Baseline)
    gu16Delta                                0x200004ba   Data           4  tsi.o(.bss.gu16Delta)
    [Anonymous Symbol]                       0x200004ba   Section        0  tsi.o(.bss.gu16Delta)
    ongoing_elec                             0x200004c2   Data           1  tsi.o(.bss.ongoing_elec)
    [Anonymous Symbol]                       0x200004c2   Section        0  tsi.o(.bss.ongoing_elec)
    pcf_address                              0x200004c3   Data           1  lcd1602.o(.bss.pcf_address)
    [Anonymous Symbol]                       0x200004c3   Section        0  lcd1602.o(.bss.pcf_address)
    Heap_Mem                                 0x200004d0   Data           0  startup_mkl05z4.o(HEAP)
    Stack_Mem                                0x200004d0   Data         768  startup_mkl05z4.o(STACK)
    HEAP                                     0x200004d0   Section        0  startup_mkl05z4.o(HEAP)
    STACK                                    0x200004d0   Section      768  startup_mkl05z4.o(STACK)
    __initial_sp                             0x200007d0   Data           0  startup_mkl05z4.o(STACK)

    Global Symbols

    Symbol Name                              Value     Ov Type        Size  Object(Section)

    BuildAttributes$$THM_ISAv3M$S$PE$A:L22$X:L11$S22$IEEE1$IW$~IW$USESV6$~STKCKD$USESV7$~SHL$OTIME$ROPI$IEEEX$EBA8$UX$STANDARDLIB$REQ8$PRES8$EABIv2 0x00000000   Number         0  anon$$obj.o ABSOLUTE
    __Vectors                                0x00000000   Data           4  startup_mkl05z4.o(RESET)
    _printf_flags                            0x00000000   Number         0  printf_stubs.o ABSOLUTE
    _printf_return_value                     0x00000000   Number         0  printf_stubs.o ABSOLUTE
    _printf_sizespec                         0x00000000   Number         0  printf_stubs.o ABSOLUTE
    _printf_widthprec                        0x00000000   Number         0  printf_stubs.o ABSOLUTE
    __ARM_exceptions_init                     - Undefined Weak Reference
    __alloca_initialize                       - Undefined Weak Reference
    __arm_preinit_                            - Undefined Weak Reference
    __cpp_initialize__aeabi_                  - Undefined Weak Reference
    __cxa_finalize                            - Undefined Weak Reference
    __sigvec_lookup                           - Undefined Weak Reference
    _atexit_init                              - Undefined Weak Reference
    _call_atexit_fns                          - Undefined Weak Reference
    _clock_init                               - Undefined Weak Reference
    _fp_trap_init                             - Undefined Weak Reference
    _fp_trap_shutdown                         - Undefined Weak Reference
    _get_lc_collate                           - Undefined Weak Reference
    _get_lc_ctype                             - Undefined Weak Reference
    _get_lc_monetary                          - Undefined Weak Reference
    _get_lc_time                              - Undefined Weak Reference
    _getenv_init                              - Undefined Weak Reference
    _handle_redirection                       - Undefined Weak Reference
    _init_alloc                               - Undefined Weak Reference
    _init_user_alloc                          - Undefined Weak Reference
    _initio                                   - Undefined Weak Reference
    _printf_mbtowc                            - Undefined Weak Reference
    _printf_truncate_signed                   - Undefined Weak Reference
    _printf_truncate_unsigned                 - Undefined Weak Reference
    _rand_init                                - Undefined Weak Reference
    _signal_finish                            - Undefined Weak Reference
    _signal_init                              - Undefined Weak Reference
    _terminate_alloc                          - Undefined Weak Reference
    _terminate_user_alloc                     - Undefined Weak Reference
    _terminateio                              - Undefined Weak Reference
    __Vectors_End                            0x000000c0   Data           0  startup_mkl05z4.o(RESET)
    __Vectors_Size                           0x000000c0   Number         0  startup_mkl05z4.o ABSOLUTE
    __main                                   0x000000c1   Thumb Code     8  __main.o(!!!main)
    __scatterload                            0x000000c9   Thumb Code     0  __scatter.o(!!!scatter)
    __scatterload_rt2                        0x000000c9   Thumb Code    52  __scatter.o(!!!scatter)
    __scatterload_rt2_thumb_only             0x000000c9   Thumb Code     0  __scatter.o(!!!scatter)
    __scatterload_null                       0x000000d9   Thumb Code     0  __scatter.o(!!!scatter)
    __scatterload_copy                       0x00000105   Thumb Code    26  __scatter_copy.o(!!handler_copy)
    __scatterload_zeroinit                   0x00000121   Thumb Code    28  __scatter_zi.o(!!handler_zi)
    _printf_percent                          0x0000013d   Thumb Code     0  _printf_percent.o(.ARM.Collect$$_printf_percent$$00000000)
    _printf_f                                0x0000013f   Thumb Code     0  _printf_f.o(.ARM.Collect$$_printf_percent$$00000003)
    _printf_d                                0x00000149   Thumb Code     0  _printf_d.o(.ARM.Collect$$_printf_percent$$00000009)
    _printf_s                                0x00000153   Thumb Code     0  _printf_s.o(.ARM.Collect$$_printf_percent$$00000014)
    _printf_percent_end                      0x0000015d   Thumb Code     0  _printf_percent_end.o(.ARM.Collect$$_printf_percent$$00000017)
    __rt_lib_init                            0x00000161   Thumb Code     0  libinit.o(.ARM.Collect$$libinit$$00000000)
    __rt_lib_init_fp_1                       0x00000163   Thumb Code     0  libinit2.o(.ARM.Collect$$libinit$$00000002)
    __rt_lib_init_heap_1                     0x00000163   Thumb Code     0  libinit2.o(.ARM.Collect$$libinit$$0000000A)
    __rt_lib_init_lc_common                  0x00000163   Thumb Code     0  libinit2.o(.ARM.Collect$$libinit$$0000000F)
    __rt_lib_init_preinit_1                  0x00000163   Thumb Code     0  libinit2.o(.ARM.Collect$$libinit$$00000004)
    __rt_lib_init_rand_1                     0x00000163   Thumb Code     0  libinit2.o(.ARM.Collect$$libinit$$0000000E)
    __rt_lib_init_user_alloc_1               0x00000163   Thumb Code     0  libinit2.o(.ARM.Collect$$libinit$$0000000C)
    __rt_lib_init_lc_collate_1               0x00000169   Thumb Code     0  libinit2.o(.ARM.Collect$$libinit$$00000011)
    __rt_lib_init_lc_ctype_1                 0x00000169   Thumb Code     0  libinit2.o(.ARM.Collect$$libinit$$00000013)
    __rt_lib_init_lc_monetary_1              0x00000169   Thumb Code     0  libinit2.o(.ARM.Collect$$libinit$$00000015)
    __rt_lib_init_lc_numeric_2               0x00000169   Thumb Code     0  libinit2.o(.ARM.Collect$$libinit$$00000016)
    __rt_lib_init_alloca_1                   0x00000173   Thumb Code     0  libinit2.o(.ARM.Collect$$libinit$$0000002E)
    __rt_lib_init_argv_1                     0x00000173   Thumb Code     0  libinit2.o(.ARM.Collect$$libinit$$0000002C)
    __rt_lib_init_atexit_1                   0x00000173   Thumb Code     0  libinit2.o(.ARM.Collect$$libinit$$0000001B)
    __rt_lib_init_clock_1                    0x00000173   Thumb Code     0  libinit2.o(.ARM.Collect$$libinit$$00000021)
    __rt_lib_init_cpp_1                      0x00000173   Thumb Code     0  libinit2.o(.ARM.Collect$$libinit$$00000032)
    __rt_lib_init_exceptions_1               0x00000173   Thumb Code     0  libinit2.o(.ARM.Collect$$libinit$$00000030)
    __rt_lib_init_fp_trap_1                  0x00000173   Thumb Code     0  libinit2.o(.ARM.Collect$$libinit$$0000001F)
    __rt_lib_init_getenv_1                   0x00000173   Thumb Code     0  libinit2.o(.ARM.Collect$$libinit$$00000023)
    __rt_lib_init_lc_numeric_1               0x00000173   Thumb Code     0  libinit2.o(.ARM.Collect$$libinit$$00000017)
    __rt_lib_init_lc_time_1                  0x00000173   Thumb Code     0  libinit2.o(.ARM.Collect$$libinit$$00000019)
    __rt_lib_init_return                     0x00000173   Thumb Code     0  libinit2.o(.ARM.Collect$$libinit$$00000033)
    __rt_lib_init_signal_1                   0x00000173   Thumb Code     0  libinit2.o(.ARM.Collect$$libinit$$0000001D)
    __rt_lib_init_stdio_1                    0x00000173   Thumb Code     0  libinit2.o(.ARM.Collect$$libinit$$00000025)
    __rt_lib_shutdown                        0x00000175   Thumb Code     0  libshutdown.o(.ARM.Collect$$libshutdown$$00000000)
    __rt_lib_shutdown_cpp_1                  0x00000177   Thumb Code     0  libshutdown2.o(.ARM.Collect$$libshutdown$$00000002)
    __rt_lib_shutdown_fp_trap_1              0x00000177   Thumb Code     0  libshutdown2.o(.ARM.Collect$$libshutdown$$00000007)
    __rt_lib_shutdown_heap_1                 0x00000177   Thumb Code     0  libshutdown2.o(.ARM.Collect$$libshutdown$$0000000F)
    __rt_lib_shutdown_return                 0x00000177   Thumb Code     0  libshutdown2.o(.ARM.Collect$$libshutdown$$00000010)
    __rt_lib_shutdown_signal_1               0x00000177   Thumb Code     0  libshutdown2.o(.ARM.Collect$$libshutdown$$0000000A)
    __rt_lib_shutdown_stdio_1                0x00000177   Thumb Code     0  libshutdown2.o(.ARM.Collect$$libshutdown$$00000004)
    __rt_lib_shutdown_user_alloc_1           0x00000177   Thumb Code     0  libshutdown2.o(.ARM.Collect$$libshutdown$$0000000C)
    __rt_entry                               0x00000179   Thumb Code     0  __rtentry.o(.ARM.Collect$$rtentry$$00000000)
    __rt_entry_presh_1                       0x00000179   Thumb Code     0  __rtentry2.o(.ARM.Collect$$rtentry$$00000002)
    __rt_entry_sh                            0x00000179   Thumb Code     0  __rtentry4.o(.ARM.Collect$$rtentry$$00000004)
    __rt_entry_li                            0x0000017f   Thumb Code     0  __rtentry2.o(.ARM.Collect$$rtentry$$0000000A)
    __rt_entry_postsh_1                      0x0000017f   Thumb Code     0  __rtentry2.o(.ARM.Collect$$rtentry$$00000009)
    __rt_entry_main                          0x00000183   Thumb Code     0  __rtentry2.o(.ARM.Collect$$rtentry$$0000000D)
    __rt_entry_postli_1                      0x00000183   Thumb Code     0  __rtentry2.o(.ARM.Collect$$rtentry$$0000000C)
    __rt_exit                                0x0000018b   Thumb Code     0  rtexit.o(.ARM.Collect$$rtexit$$00000000)
    __rt_exit_ls                             0x0000018d   Thumb Code     0  rtexit2.o(.ARM.Collect$$rtexit$$00000003)
    __rt_exit_prels_1                        0x0000018d   Thumb Code     0  rtexit2.o(.ARM.Collect$$rtexit$$00000002)
    __rt_exit_exit                           0x00000191   Thumb Code     0  rtexit2.o(.ARM.Collect$$rtexit$$00000004)
    Reset_Handler                            0x00000199   Thumb Code     8  startup_mkl05z4.o(.text)
    NMI_Handler                              0x000001a1   Thumb Code     2  startup_mkl05z4.o(.text)
    HardFault_Handler                        0x000001a3   Thumb Code     2  startup_mkl05z4.o(.text)
    SVC_Handler                              0x000001a5   Thumb Code     2  startup_mkl05z4.o(.text)
    PendSV_Handler                           0x000001a7   Thumb Code     2  startup_mkl05z4.o(.text)
    CMP0_IRQHandler                          0x000001ab   Thumb Code     0  startup_mkl05z4.o(.text)
    DAC0_IRQHandler                          0x000001ab   Thumb Code     0  startup_mkl05z4.o(.text)
    DMA0_IRQHandler                          0x000001ab   Thumb Code     0  startup_mkl05z4.o(.text)
    DMA1_IRQHandler                          0x000001ab   Thumb Code     0  startup_mkl05z4.o(.text)
    DMA2_IRQHandler                          0x000001ab   Thumb Code     0  startup_mkl05z4.o(.text)
    DMA3_IRQHandler                          0x000001ab   Thumb Code     0  startup_mkl05z4.o(.text)
    DefaultISR                               0x000001ab   Thumb Code     0  startup_mkl05z4.o(.text)
    FTFA_IRQHandler                          0x000001ab   Thumb Code     0  startup_mkl05z4.o(.text)
    I2C0_IRQHandler                          0x000001ab   Thumb Code     0  startup_mkl05z4.o(.text)
    LLW_IRQHandler                           0x000001ab   Thumb Code     0  startup_mkl05z4.o(.text)
    LPTimer_IRQHandler                       0x000001ab   Thumb Code     0  startup_mkl05z4.o(.text)
    LVD_LVW_IRQHandler                       0x000001ab   Thumb Code     0  startup_mkl05z4.o(.text)
    MCG_IRQHandler                           0x000001ab   Thumb Code     0  startup_mkl05z4.o(.text)
    PIT_IRQHandler                           0x000001ab   Thumb Code     0  startup_mkl05z4.o(.text)
    PORTB_IRQHandler                         0x000001ab   Thumb Code     0  startup_mkl05z4.o(.text)
    RTC_IRQHandler                           0x000001ab   Thumb Code     0  startup_mkl05z4.o(.text)
    RTC_Seconds_IRQHandler                   0x000001ab   Thumb Code     0  startup_mkl05z4.o(.text)
    Reserved20_IRQHandler                    0x000001ab   Thumb Code     0  startup_mkl05z4.o(.text)
    Reserved25_IRQHandler                    0x000001ab   Thumb Code     0  startup_mkl05z4.o(.text)
    Reserved27_IRQHandler                    0x000001ab   Thumb Code     0  startup_mkl05z4.o(.text)
    Reserved29_IRQHandler                    0x000001ab   Thumb Code     0  startup_mkl05z4.o(.text)
    Reserved30_IRQHandler                    0x000001ab   Thumb Code     0  startup_mkl05z4.o(.text)
    Reserved35_IRQHandler                    0x000001ab   Thumb Code     0  startup_mkl05z4.o(.text)
    Reserved39_IRQHandler                    0x000001ab   Thumb Code     0  startup_mkl05z4.o(.text)
    Reserved40_IRQHandler                    0x000001ab   Thumb Code     0  startup_mkl05z4.o(.text)
    Reserved45_IRQHandler                    0x000001ab   Thumb Code     0  startup_mkl05z4.o(.text)
    SPI0_IRQHandler                          0x000001ab   Thumb Code     0  startup_mkl05z4.o(.text)
    TPM0_IRQHandler                          0x000001ab   Thumb Code     0  startup_mkl05z4.o(.text)
    TPM1_IRQHandler                          0x000001ab   Thumb Code     0  startup_mkl05z4.o(.text)
    UART0_IRQHandler                         0x000001ab   Thumb Code     0  startup_mkl05z4.o(.text)
    __user_initial_stackheap                 0x000001ad   Thumb Code     0  startup_mkl05z4.o(.text)
    __2sprintf                               0x000001cd   Thumb Code    36  noretval__2sprintf.o(.text)
    _printf_pre_padding                      0x000001f5   Thumb Code    44  _printf_pad.o(.text)
    _printf_post_padding                     0x00000221   Thumb Code    34  _printf_pad.o(.text)
    _printf_str                              0x00000243   Thumb Code    82  _printf_str.o(.text)
    _printf_int_dec                          0x00000295   Thumb Code    90  _printf_dec.o(.text)
    __use_two_region_memory                  0x00000301   Thumb Code     2  heapauxi.o(.text)
    __rt_heap_escrow$2region                 0x00000303   Thumb Code     2  heapauxi.o(.text)
    __rt_heap_expand$2region                 0x00000305   Thumb Code     2  heapauxi.o(.text)
    __aeabi_d2f                              0x00000309   Thumb Code     0  d2f.o(.text)
    _d2f                                     0x00000309   Thumb Code   120  d2f.o(.text)
    __aeabi_d2iz                             0x00000385   Thumb Code     0  dfixi.o(.text)
    _dfix                                    0x00000385   Thumb Code    98  dfixi.o(.text)
    _sputc                                   0x000003f1   Thumb Code    10  _sputc.o(.text)
    __I$use$semihosting                      0x000003fb   Thumb Code     0  use_no_semi.o(.text)
    __use_no_semihosting_swi                 0x000003fb   Thumb Code     2  use_no_semi.o(.text)
    Pila                                     0x000003fd   Thumb Code     4  main.o(.text.Pila)
    __semihosting_library_function           0x000003fd   Thumb Code     0  indicate_semi.o(.text)
    __printf                                 0x00000411   Thumb Code   270  __printf_wp.o(.text)
    __aeabi_uidivmod                         0x00000521   Thumb Code    28  aeabi_sdivfast.o(.text)
    __aeabi_idivmod                          0x0000053d   Thumb Code   472  aeabi_sdivfast.o(.text)
    __aeabi_i2d_normalise                    0x00000719   Thumb Code    66  dflti.o(.text)
    __aeabi_i2d                              0x0000075b   Thumb Code    16  dflti.o(.text)
    _dflt                                    0x0000075b   Thumb Code     0  dflti.o(.text)
    __aeabi_ui2d                             0x0000076b   Thumb Code     6  dflti.o(.text)
    _dfltu                                   0x0000076b   Thumb Code     0  dflti.o(.text)
    __aeabi_dmul                             0x00000771   Thumb Code     0  dmul.o(.text)
    _dmul                                    0x00000771   Thumb Code   558  dmul.o(.text)
    __aeabi_f2d                              0x000009b9   Thumb Code     0  f2d.o(.text)
    _f2d                                     0x000009b9   Thumb Code    80  f2d.o(.text)
    __aeabi_fdiv                             0x00000a0d   Thumb Code     0  fdiv.o(.text)
    _fdiv                                    0x00000a0d   Thumb Code   334  fdiv.o(.text)
    _frdiv                                   0x00000b5b   Thumb Code     8  fdiv.o(.text)
    __aeabi_f2iz                             0x00000b6d   Thumb Code     0  ffixi.o(.text)
    _ffix                                    0x00000b6d   Thumb Code    76  ffixi.o(.text)
    __aeabi_i2f_normalise                    0x00000bb9   Thumb Code    72  fflti.o(.text)
    __aeabi_i2f                              0x00000c01   Thumb Code    16  fflti.o(.text)
    _fflt                                    0x00000c01   Thumb Code     0  fflti.o(.text)
    __aeabi_ui2f                             0x00000c11   Thumb Code     6  fflti.o(.text)
    _ffltu                                   0x00000c11   Thumb Code     0  fflti.o(.text)
    __read_errno                             0x00000c17   Thumb Code    10  _rserrno.o(.text)
    __set_errno                              0x00000c21   Thumb Code    12  _rserrno.o(.text)
    _printf_int_common                       0x00000c2d   Thumb Code   176  _printf_intcommon.o(.text)
    _printf_fp_dec_real                      0x00000e79   Thumb Code   620  _printf_fp_dec.o(.text)
    _printf_char_common                      0x000010fb   Thumb Code    32  _printf_char_common.o(.text)
    _printf_cs_common                        0x00001121   Thumb Code    22  _printf_char.o(.text)
    _printf_char                             0x00001137   Thumb Code    16  _printf_char.o(.text)
    _printf_string                           0x00001147   Thumb Code     8  _printf_char.o(.text)
    __rt_udiv10                              0x0000114f   Thumb Code    40  rtudiv10.o(.text)
    __ARM_scalbn                             0x00001179   Thumb Code    84  dscalbn.o(.text)
    __rt_locale                              0x000011d9   Thumb Code     8  rt_locale_intlibspace.o(.text)
    __aeabi_errno_addr                       0x000011e1   Thumb Code     8  rt_errno_addr_intlibspace.o(.text)
    __errno$intlibspace                      0x000011e1   Thumb Code     0  rt_errno_addr_intlibspace.o(.text)
    __rt_errno_addr$intlibspace              0x000011e1   Thumb Code     0  rt_errno_addr_intlibspace.o(.text)
    _ll_udiv10                               0x000011e9   Thumb Code   122  lludiv10.o(.text)
    _printf_fp_infnan                        0x00001265   Thumb Code   120  _printf_fp_infnan.o(.text)
    _btod_etento                             0x000012ed   Thumb Code   210  bigflt0.o(.text)
    _btod_d2e                                0x000013c5   Thumb Code    64  btod.o(.text)
    _btod_emul                               0x000017f9   Thumb Code    28  btod.o(.text)
    _btod_emuld                              0x00001815   Thumb Code   144  btod.o(.text)
    _btod_ediv                               0x000018a5   Thumb Code    26  btod.o(.text)
    _btod_edivd                              0x000018bf   Thumb Code   124  btod.o(.text)
    __aeabi_dadd                             0x00001c3d   Thumb Code     0  daddsub.o(.text)
    _dadd                                    0x00001c3d   Thumb Code    26  daddsub.o(.text)
    __aeabi_dsub                             0x00001c57   Thumb Code     0  daddsub.o(.text)
    _dsub                                    0x00001c57   Thumb Code    22  daddsub.o(.text)
    __aeabi_drsub                            0x00001c6d   Thumb Code     0  daddsub.o(.text)
    _drsb                                    0x00001c6d   Thumb Code    28  daddsub.o(.text)
    __fpl_dcmp_InfNaN                        0x00001c9d   Thumb Code   154  dcmpin.o(.text)
    __aeabi_ddiv                             0x00001d3d   Thumb Code     0  ddiv.o(.text)
    _ddiv                                    0x00001d3d   Thumb Code  1072  ddiv.o(.text)
    _drdiv                                   0x0000216d   Thumb Code    20  ddiv.o(.text)
    __fpl_fcmp_InfNaN                        0x00002185   Thumb Code    96  fcmpin.o(.text)
    __user_libspace                          0x000021e9   Thumb Code     8  libspace.o(.text)
    __user_perproc_libspace                  0x000021e9   Thumb Code     0  libspace.o(.text)
    __user_perthread_libspace                0x000021e9   Thumb Code     0  libspace.o(.text)
    __user_setup_stackheap                   0x000021f1   Thumb Code    62  sys_stackheap_outer.o(.text)
    exit                                     0x0000222f   Thumb Code    16  exit.o(.text)
    strcmp                                   0x00002241   Thumb Code   176  strcmpv6m.o(.text)
    __fpl_cmpreturn                          0x000022f1   Thumb Code    46  cmpret.o(.text)
    __fpl_dcheck_NaN2                        0x00002321   Thumb Code    14  dnan2.o(.text)
    __fpl_fcheck_NaN2                        0x00002335   Thumb Code    10  fnan2.o(.text)
    __fpl_return_NaN                         0x00002345   Thumb Code    94  retnan.o(.text)
    _sys_exit                                0x000023a5   Thumb Code     8  sys_exit.o(.text)
    ADC0_IRQHandler                          0x000023b1   Thumb Code    36  main.o(.text.ADC0_IRQHandler)
    ADC_Init                                 0x000023e5   Thumb Code   168  adc.o(.text.ADC_Init)
    DAC_Init                                 0x00002499   Thumb Code    40  dac.o(.text.DAC_Init)
    DAC_Load_Trig                            0x000024c1   Thumb Code    44  dac.o(.text.DAC_Load_Trig)
    I2C_Init                                 0x000024f5   Thumb Code    64  i2c.o(.text.I2C_Init)
    I2C_Read                                 0x00002541   Thumb Code    76  i2c.o(.text.I2C_Read)
    I2C_Write                                0x00002591   Thumb Code    60  i2c.o(.text.I2C_Write)
    Klaw_Init                                0x000025d1   Thumb Code    68  klaw.o(.text.Klaw_Init)
    Klaw_S2_4_Int                            0x0000261d   Thumb Code    40  klaw.o(.text.Klaw_S2_4_Int)
    LCD1602_BF_AC                            0x00002649   Thumb Code   200  lcd1602.o(.text.LCD1602_BF_AC)
    LCD1602_Backlight                        0x00002711   Thumb Code    16  lcd1602.o(.text.LCD1602_Backlight)
    LCD1602_CheckAddress                     0x00002721   Thumb Code    40  lcd1602.o(.text.LCD1602_CheckAddress)
    LCD1602_Init                             0x00002749   Thumb Code    72  lcd1602.o(.text.LCD1602_Init)
    LCD1602_Print                            0x00002795   Thumb Code    32  lcd1602.o(.text.LCD1602_Print)
    LCD1602_SetCursor                        0x000027b5   Thumb Code    30  lcd1602.o(.text.LCD1602_SetCursor)
    LCD1602_Write4                           0x000027d3   Thumb Code    26  lcd1602.o(.text.LCD1602_Write4)
    LCD1602_Write8                           0x000027ed   Thumb Code    40  lcd1602.o(.text.LCD1602_Write8)
    PCF8574_Write                            0x00002815   Thumb Code    36  lcd1602.o(.text.PCF8574_Write)
    PORTA_IRQHandler                         0x00002841   Thumb Code   168  main.o(.text.PORTA_IRQHandler)
    SysTick_Handler                          0x00002921   Thumb Code   116  main.o(.text.SysTick_Handler)
    SystemInit                               0x000029b1   Thumb Code    60  system_mkl05z4.o(.text.SystemInit)
    TSI0_IRQHandler                          0x000029fd   Thumb Code    20  tsi.o(.text.TSI0_IRQHandler)
    TSI_Init                                 0x00002a11   Thumb Code    60  tsi.o(.text.TSI_Init)
    TSI_ReadSlider                           0x00002a61   Thumb Code    84  tsi.o(.text.TSI_ReadSlider)
    Trojkat                                  0x00002ab5   Thumb Code    16  main.o(.text.Trojkat)
    change_electrode                         0x00002b6d   Thumb Code    76  tsi.o(.text.change_electrode)
    i2c_clr_IICIF                            0x00002bd1   Thumb Code    12  i2c.o(.text.i2c_clr_IICIF)
    i2c_disable                              0x00002bdd   Thumb Code    12  i2c.o(.text.i2c_disable)
    i2c_enable                               0x00002be9   Thumb Code    12  i2c.o(.text.i2c_enable)
    i2c_m_start                              0x00002bf5   Thumb Code    12  i2c.o(.text.i2c_m_start)
    i2c_m_stop                               0x00002c01   Thumb Code    12  i2c.o(.text.i2c_m_stop)
    i2c_nack                                 0x00002c0d   Thumb Code    12  i2c.o(.text.i2c_nack)
    i2c_rec                                  0x00002c19   Thumb Code    12  i2c.o(.text.i2c_rec)
    i2c_recv                                 0x00002c25   Thumb Code     8  i2c.o(.text.i2c_recv)
    i2c_send                                 0x00002c2d   Thumb Code     8  i2c.o(.text.i2c_send)
    i2c_tran                                 0x00002c39   Thumb Code    12  i2c.o(.text.i2c_tran)
    i2c_wait                                 0x00002c49   Thumb Code    80  i2c.o(.text.i2c_wait)
    main                                     0x00002ca5   Thumb Code   684  main.o(.text.main)
    self_calibration                         0x00002fe9   Thumb Code   152  tsi.o(.text.self_calibration)
    __aeabi_uidiv                            0x0000308d   Thumb Code    68  aeabi_sdivfast.o(.text_divfast)
    __aeabi_idiv                             0x000030d1   Thumb Code   434  aeabi_sdivfast.o(.text_divfast)
    __ARM_common_ll_muluu                    0x00003283   Thumb Code    48  btod.o(i.__ARM_common_ll_muluu)
    __ARM_fpclassify                         0x000032b5   Thumb Code    40  fpclassify.o(i.__ARM_fpclassify)
    __ieee754_rem_pio2                       0x000032e1   Thumb Code   838  rred.o(i.__ieee754_rem_pio2)
    __kernel_cos                             0x0000367d   Thumb Code   224  cos_i.o(i.__kernel_cos)
    __kernel_poly                            0x00003771   Thumb Code   172  poly.o(i.__kernel_poly)
    __kernel_sin                             0x0000381d   Thumb Code   222  sin_i.o(i.__kernel_sin)
    __mathlib_dbl_infnan                     0x00003909   Thumb Code    10  dunder.o(i.__mathlib_dbl_infnan)
    __mathlib_dbl_invalid                    0x00003913   Thumb Code    16  dunder.o(i.__mathlib_dbl_invalid)
    __mathlib_dbl_overflow                   0x00003925   Thumb Code    16  dunder.o(i.__mathlib_dbl_overflow)
    __mathlib_dbl_underflow                  0x00003939   Thumb Code    14  dunder.o(i.__mathlib_dbl_underflow)
    __aeabi_fcmplt                           0x0000394d   Thumb Code     0  fcmp.o(i._fls)
    _fls                                     0x0000394d   Thumb Code    22  fcmp.o(i._fls)
    _is_digit                                0x00003963   Thumb Code    14  __printf_wp.o(i._is_digit)
    ldexp                                    0x00003971   Thumb Code   112  ldexp.o(i.ldexp)
    sin                                      0x000039e1   Thumb Code   146  sin.o(i.sin)
    _get_lc_numeric                          0x00003a7d   Thumb Code    44  lc_numeric_c.o(locale$$code)
    __aeabi_cdcmpeq                          0x00003aa9   Thumb Code     0  deqf.o(x$fpl$deqf)
    _dcmpeq                                  0x00003aa9   Thumb Code    94  deqf.o(x$fpl$deqf)
    __aeabi_cfcmple                          0x00003b0d   Thumb Code     0  flef.o(x$fpl$fleqf)
    _fcmple                                  0x00003b0d   Thumb Code    78  flef.o(x$fpl$fleqf)
    _printf_fp_dec                           0x00003b61   Thumb Code    16  printf1.o(x$fpl$printf1)
    __I$use$fp                               0x00003b70   Number         0  usenofp.o(x$fpl$usenofp)
    base_frequencies                         0x00003dec   Data          52  main.o(.rodata.base_frequencies)
    frequency_map                            0x00003e22   Data          28  main.o(.rodata.frequency_map)
    Region$$Table$$Base                      0x00003e68   Number         0  anon$$obj.o(Region$$Table)
    Region$$Table$$Limit                     0x00003e88   Number         0  anon$$obj.o(Region$$Table)
    DIV_CORE                                 0x1ffffc00   Data           4  main.o(.data.DIV_CORE)
    SystemCoreClock                          0x1ffffc04   Data           4  system_mkl05z4.o(.data.SystemCoreClock)
    notes                                    0x1ffffc0c   Data          52  main.o(.data.notes)
    octave                                   0x1ffffc40   Data           1  main.o(.data.octave)
    slider                                   0x1ffffc42   Data           2  main.o(.data.slider)
    __libspace_start                         0x1ffffc48   Data          96  libspace.o(.bss)
    S2_press                                 0x1ffffca8   Data           1  main.o(.bss.S2_press)
    __temporary_stack_top$libspace           0x1ffffca8   Data           0  libspace.o(.bss)
    S3_press                                 0x1ffffca9   Data           1  main.o(.bss.S3_press)
    S4_press                                 0x1ffffcaa   Data           1  main.o(.bss.S4_press)
    Sinus                                    0x1ffffcac   Data        2048  main.o(.bss.Sinus)
    dac                                      0x200004ac   Data           2  main.o(.bss.dac)
    df                                       0x200004ae   Data           2  main.o(.bss.df)
    dummy                                    0x200004b0   Data           1  i2c.o(.bss.dummy)
    faza                                     0x200004b4   Data           2  main.o(.bss.faza)
    ksztalt                                  0x200004be   Data           2  main.o(.bss.ksztalt)
    mod                                      0x200004c0   Data           2  main.o(.bss.mod)
    temp                                     0x200004c4   Data           2  main.o(.bss.temp)
    wynik                                    0x200004c8   Data           4  main.o(.bss.wynik)
    wynik_ok                                 0x200004cc   Data           1  main.o(.bss.wynik_ok)



==============================================================================

Memory Map of the image

  Image Entry point : 0x00000199

  Load Region LR_1 (Base: 0x00000000, Size: 0x00003ee8, Max: 0xffffffff, ABSOLUTE)

    Execution Region ER_RO (Exec base: 0x00000000, Load base: 0x00000000, Size: 0x00003ea4, Max: 0xffffffff, ABSOLUTE)

    Exec Addr    Load Addr    Size         Type   Attr      Idx    E Section Name        Object

    0x00000000   0x00000000   0x000000c0   Data   RO          226    RESET               startup_mkl05z4.o
    0x000000c0   0x000000c0   0x00000008   Code   RO          297  * !!!main             c_p.l(__main.o)
    0x000000c8   0x000000c8   0x0000003c   Code   RO          625    !!!scatter          c_p.l(__scatter.o)
    0x00000104   0x00000104   0x0000001a   Code   RO          627    !!handler_copy      c_p.l(__scatter_copy.o)
    0x0000011e   0x0000011e   0x00000002   PAD
    0x00000120   0x00000120   0x0000001c   Code   RO          629    !!handler_zi        c_p.l(__scatter_zi.o)
    0x0000013c   0x0000013c   0x00000002   Code   RO          286    .ARM.Collect$$_printf_percent$$00000000  c_p.l(_printf_percent.o)
    0x0000013e   0x0000013e   0x0000000a   Code   RO          285    .ARM.Collect$$_printf_percent$$00000003  c_p.l(_printf_f.o)
    0x00000148   0x00000148   0x0000000a   Code   RO          284    .ARM.Collect$$_printf_percent$$00000009  c_p.l(_printf_d.o)
    0x00000152   0x00000152   0x0000000a   Code   RO          283    .ARM.Collect$$_printf_percent$$00000014  c_p.l(_printf_s.o)
    0x0000015c   0x0000015c   0x00000004   Code   RO          359    .ARM.Collect$$_printf_percent$$00000017  c_p.l(_printf_percent_end.o)
    0x00000160   0x00000160   0x00000002   Code   RO          482    .ARM.Collect$$libinit$$00000000  c_p.l(libinit.o)
    0x00000162   0x00000162   0x00000000   Code   RO          484    .ARM.Collect$$libinit$$00000002  c_p.l(libinit2.o)
    0x00000162   0x00000162   0x00000000   Code   RO          486    .ARM.Collect$$libinit$$00000004  c_p.l(libinit2.o)
    0x00000162   0x00000162   0x00000000   Code   RO          489    .ARM.Collect$$libinit$$0000000A  c_p.l(libinit2.o)
    0x00000162   0x00000162   0x00000000   Code   RO          491    .ARM.Collect$$libinit$$0000000C  c_p.l(libinit2.o)
    0x00000162   0x00000162   0x00000000   Code   RO          493    .ARM.Collect$$libinit$$0000000E  c_p.l(libinit2.o)
    0x00000162   0x00000162   0x00000006   Code   RO          494    .ARM.Collect$$libinit$$0000000F  c_p.l(libinit2.o)
    0x00000168   0x00000168   0x00000000   Code   RO          496    .ARM.Collect$$libinit$$00000011  c_p.l(libinit2.o)
    0x00000168   0x00000168   0x00000000   Code   RO          498    .ARM.Collect$$libinit$$00000013  c_p.l(libinit2.o)
    0x00000168   0x00000168   0x00000000   Code   RO          500    .ARM.Collect$$libinit$$00000015  c_p.l(libinit2.o)
    0x00000168   0x00000168   0x0000000a   Code   RO          501    .ARM.Collect$$libinit$$00000016  c_p.l(libinit2.o)
    0x00000172   0x00000172   0x00000000   Code   RO          502    .ARM.Collect$$libinit$$00000017  c_p.l(libinit2.o)
    0x00000172   0x00000172   0x00000000   Code   RO          504    .ARM.Collect$$libinit$$00000019  c_p.l(libinit2.o)
    0x00000172   0x00000172   0x00000000   Code   RO          506    .ARM.Collect$$libinit$$0000001B  c_p.l(libinit2.o)
    0x00000172   0x00000172   0x00000000   Code   RO          508    .ARM.Collect$$libinit$$0000001D  c_p.l(libinit2.o)
    0x00000172   0x00000172   0x00000000   Code   RO          510    .ARM.Collect$$libinit$$0000001F  c_p.l(libinit2.o)
    0x00000172   0x00000172   0x00000000   Code   RO          512    .ARM.Collect$$libinit$$00000021  c_p.l(libinit2.o)
    0x00000172   0x00000172   0x00000000   Code   RO          514    .ARM.Collect$$libinit$$00000023  c_p.l(libinit2.o)
    0x00000172   0x00000172   0x00000000   Code   RO          516    .ARM.Collect$$libinit$$00000025  c_p.l(libinit2.o)
    0x00000172   0x00000172   0x00000000   Code   RO          520    .ARM.Collect$$libinit$$0000002C  c_p.l(libinit2.o)
    0x00000172   0x00000172   0x00000000   Code   RO          522    .ARM.Collect$$libinit$$0000002E  c_p.l(libinit2.o)
    0x00000172   0x00000172   0x00000000   Code   RO          524    .ARM.Collect$$libinit$$00000030  c_p.l(libinit2.o)
    0x00000172   0x00000172   0x00000000   Code   RO          526    .ARM.Collect$$libinit$$00000032  c_p.l(libinit2.o)
    0x00000172   0x00000172   0x00000002   Code   RO          527    .ARM.Collect$$libinit$$00000033  c_p.l(libinit2.o)
    0x00000174   0x00000174   0x00000002   Code   RO          591    .ARM.Collect$$libshutdown$$00000000  c_p.l(libshutdown.o)
    0x00000176   0x00000176   0x00000000   Code   RO          609    .ARM.Collect$$libshutdown$$00000002  c_p.l(libshutdown2.o)
    0x00000176   0x00000176   0x00000000   Code   RO          611    .ARM.Collect$$libshutdown$$00000004  c_p.l(libshutdown2.o)
    0x00000176   0x00000176   0x00000000   Code   RO          614    .ARM.Collect$$libshutdown$$00000007  c_p.l(libshutdown2.o)
    0x00000176   0x00000176   0x00000000   Code   RO          617    .ARM.Collect$$libshutdown$$0000000A  c_p.l(libshutdown2.o)
    0x00000176   0x00000176   0x00000000   Code   RO          619    .ARM.Collect$$libshutdown$$0000000C  c_p.l(libshutdown2.o)
    0x00000176   0x00000176   0x00000000   Code   RO          622    .ARM.Collect$$libshutdown$$0000000F  c_p.l(libshutdown2.o)
    0x00000176   0x00000176   0x00000002   Code   RO          623    .ARM.Collect$$libshutdown$$00000010  c_p.l(libshutdown2.o)
    0x00000178   0x00000178   0x00000000   Code   RO          340    .ARM.Collect$$rtentry$$00000000  c_p.l(__rtentry.o)
    0x00000178   0x00000178   0x00000000   Code   RO          401    .ARM.Collect$$rtentry$$00000002  c_p.l(__rtentry2.o)
    0x00000178   0x00000178   0x00000006   Code   RO          413    .ARM.Collect$$rtentry$$00000004  c_p.l(__rtentry4.o)
    0x0000017e   0x0000017e   0x00000000   Code   RO          403    .ARM.Collect$$rtentry$$00000009  c_p.l(__rtentry2.o)
    0x0000017e   0x0000017e   0x00000004   Code   RO          404    .ARM.Collect$$rtentry$$0000000A  c_p.l(__rtentry2.o)
    0x00000182   0x00000182   0x00000000   Code   RO          406    .ARM.Collect$$rtentry$$0000000C  c_p.l(__rtentry2.o)
    0x00000182   0x00000182   0x00000008   Code   RO          407    .ARM.Collect$$rtentry$$0000000D  c_p.l(__rtentry2.o)
    0x0000018a   0x0000018a   0x00000002   Code   RO          535    .ARM.Collect$$rtexit$$00000000  c_p.l(rtexit.o)
    0x0000018c   0x0000018c   0x00000000   Code   RO          556    .ARM.Collect$$rtexit$$00000002  c_p.l(rtexit2.o)
    0x0000018c   0x0000018c   0x00000004   Code   RO          557    .ARM.Collect$$rtexit$$00000003  c_p.l(rtexit2.o)
    0x00000190   0x00000190   0x00000006   Code   RO          558    .ARM.Collect$$rtexit$$00000004  c_p.l(rtexit2.o)
    0x00000196   0x00000196   0x00000002   PAD
    0x00000198   0x00000198   0x00000034   Code   RO          228  * .text               startup_mkl05z4.o
    0x000001cc   0x000001cc   0x00000028   Code   RO          253    .text               c_p.l(noretval__2sprintf.o)
    0x000001f4   0x000001f4   0x0000004e   Code   RO          257    .text               c_p.l(_printf_pad.o)
    0x00000242   0x00000242   0x00000052   Code   RO          259    .text               c_p.l(_printf_str.o)
    0x00000294   0x00000294   0x0000006c   Code   RO          261    .text               c_p.l(_printf_dec.o)
    0x00000300   0x00000300   0x00000006   Code   RO          295    .text               c_p.l(heapauxi.o)
    0x00000306   0x00000306   0x00000002   PAD
    0x00000308   0x00000308   0x0000007c   Code   RO          299    .text               fz_ps.l(d2f.o)
    0x00000384   0x00000384   0x0000006c   Code   RO          301    .text               fz_ps.l(dfixi.o)
    0x000003f0   0x000003f0   0x0000000a   Code   RO          355    .text               c_p.l(_sputc.o)
    0x000003fa   0x000003fa   0x00000002   Code   RO          578    .text               c_p.l(use_no_semi.o)
    0x000003fc   0x000003fc   0x00000000   Code   RO          580    .text               c_p.l(indicate_semi.o)
    0x000003fc   0x000003fc   0x00000004   Code   RO          150    .text.Pila          main.o
    0x00000400   0x00000400   0x00000010   Code   RO          227    .ARM.__at_0x400     startup_mkl05z4.o
    0x00000410   0x00000410   0x0000010e   Code   RO          271    .text               c_p.l(__printf_wp.o)
    0x0000051e   0x0000051e   0x00000002   PAD
    0x00000520   0x00000520   0x000001f8   Code   RO          287    .text               c_p.l(aeabi_sdivfast.o)
    0x00000718   0x00000718   0x00000058   Code   RO          303    .text               fz_ps.l(dflti.o)
    0x00000770   0x00000770   0x00000248   Code   RO          305    .text               fz_ps.l(dmul.o)
    0x000009b8   0x000009b8   0x00000054   Code   RO          307    .text               fz_ps.l(f2d.o)
    0x00000a0c   0x00000a0c   0x00000160   Code   RO          321    .text               fz_ps.l(fdiv.o)
    0x00000b6c   0x00000b6c   0x0000004c   Code   RO          324    .text               fz_ps.l(ffixi.o)
    0x00000bb8   0x00000bb8   0x0000005e   Code   RO          326    .text               fz_ps.l(fflti.o)
    0x00000c16   0x00000c16   0x00000016   Code   RO          345    .text               c_p.l(_rserrno.o)
    0x00000c2c   0x00000c2c   0x000000b0   Code   RO          347    .text               c_p.l(_printf_intcommon.o)
    0x00000cdc   0x00000cdc   0x00000414   Code   RO          349    .text               c_p.l(_printf_fp_dec.o)
    0x000010f0   0x000010f0   0x00000030   Code   RO          353    .text               c_p.l(_printf_char_common.o)
    0x00001120   0x00001120   0x0000002e   Code   RO          357    .text               c_p.l(_printf_char.o)
    0x0000114e   0x0000114e   0x00000028   Code   RO          360    .text               c_p.l(rtudiv10.o)
    0x00001176   0x00001176   0x00000002   PAD
    0x00001178   0x00001178   0x00000060   Code   RO          364    .text               fz_ps.l(dscalbn.o)
    0x000011d8   0x000011d8   0x00000008   Code   RO          420    .text               c_p.l(rt_locale_intlibspace.o)
    0x000011e0   0x000011e0   0x00000008   Code   RO          425    .text               c_p.l(rt_errno_addr_intlibspace.o)
    0x000011e8   0x000011e8   0x0000007a   Code   RO          427    .text               c_p.l(lludiv10.o)
    0x00001262   0x00001262   0x00000002   PAD
    0x00001264   0x00001264   0x00000088   Code   RO          429    .text               c_p.l(_printf_fp_infnan.o)
    0x000012ec   0x000012ec   0x000000d8   Code   RO          433    .text               c_p.l(bigflt0.o)
    0x000013c4   0x000013c4   0x00000580   Code   RO          436    .text               c_p.l(btod.o)
    0x00001944   0x00001944   0x00000358   Code   RO          446    .text               fz_ps.l(daddsub.o)
    0x00001c9c   0x00001c9c   0x000000a0   Code   RO          448    .text               fz_ps.l(dcmpin.o)
    0x00001d3c   0x00001d3c   0x00000448   Code   RO          450    .text               fz_ps.l(ddiv.o)
    0x00002184   0x00002184   0x00000064   Code   RO          453    .text               fz_ps.l(fcmpin.o)
    0x000021e8   0x000021e8   0x00000008   Code   RO          461    .text               c_p.l(libspace.o)
    0x000021f0   0x000021f0   0x0000003e   Code   RO          464    .text               c_p.l(sys_stackheap_outer.o)
    0x0000222e   0x0000222e   0x00000010   Code   RO          469    .text               c_p.l(exit.o)
    0x0000223e   0x0000223e   0x00000002   PAD
    0x00002240   0x00002240   0x000000b0   Code   RO          475    .text               c_p.l(strcmpv6m.o)
    0x000022f0   0x000022f0   0x0000002e   Code   RO          528    .text               fz_ps.l(cmpret.o)
    0x0000231e   0x0000231e   0x00000002   PAD
    0x00002320   0x00002320   0x00000014   Code   RO          530    .text               fz_ps.l(dnan2.o)
    0x00002334   0x00002334   0x00000010   Code   RO          532    .text               fz_ps.l(fnan2.o)
    0x00002344   0x00002344   0x0000005e   Code   RO          549    .text               fz_ps.l(retnan.o)
    0x000023a2   0x000023a2   0x00000002   PAD
    0x000023a4   0x000023a4   0x0000000c   Code   RO          551    .text               c_p.l(sys_exit.o)
    0x000023b0   0x000023b0   0x00000034   Code   RO          154    .text.ADC0_IRQHandler  main.o
    0x000023e4   0x000023e4   0x000000b4   Code   RO            2    .text.ADC_Init      adc.o
    0x00002498   0x00002498   0x00000028   Code   RO           16    .text.DAC_Init      dac.o
    0x000024c0   0x000024c0   0x00000034   Code   RO           18    .text.DAC_Load_Trig  dac.o
    0x000024f4   0x000024f4   0x0000004c   Code   RO           28    .text.I2C_Init      i2c.o
    0x00002540   0x00002540   0x00000050   Code   RO           48    .text.I2C_Read      i2c.o
    0x00002590   0x00002590   0x00000040   Code   RO           46    .text.I2C_Write     i2c.o
    0x000025d0   0x000025d0   0x0000004c   Code   RO           78    .text.Klaw_Init     klaw.o
    0x0000261c   0x0000261c   0x0000002c   Code   RO           80    .text.Klaw_S2_4_Int  klaw.o
    0x00002648   0x00002648   0x000000c8   Code   RO          123    .text.LCD1602_BF_AC  lcd1602.o
    0x00002710   0x00002710   0x00000010   Code   RO          117    .text.LCD1602_Backlight  lcd1602.o
    0x00002720   0x00002720   0x00000028   Code   RO           97    .text.LCD1602_CheckAddress  lcd1602.o
    0x00002748   0x00002748   0x0000004c   Code   RO           95    .text.LCD1602_Init  lcd1602.o
    0x00002794   0x00002794   0x00000020   Code   RO          111    .text.LCD1602_Print  lcd1602.o
    0x000027b4   0x000027b4   0x0000001e   Code   RO          107    .text.LCD1602_SetCursor  lcd1602.o
    0x000027d2   0x000027d2   0x0000001a   Code   RO          121    .text.LCD1602_Write4  lcd1602.o
    0x000027ec   0x000027ec   0x00000028   Code   RO           99    .text.LCD1602_Write8  lcd1602.o
    0x00002814   0x00002814   0x0000002c   Code   RO          119    .text.PCF8574_Write  lcd1602.o
    0x00002840   0x00002840   0x000000c0   Code   RO          156    .text.PORTA_IRQHandler  main.o
    0x00002900   0x00002900   0x00000020   Code   RO          164    .text.SysTick_Config  main.o
    0x00002920   0x00002920   0x00000090   Code   RO          152    .text.SysTick_Handler  main.o
    0x000029b0   0x000029b0   0x0000004c   Code   RO          237    .text.SystemInit    system_mkl05z4.o
    0x000029fc   0x000029fc   0x00000014   Code   RO          210    .text.TSI0_IRQHandler  tsi.o
    0x00002a10   0x00002a10   0x00000050   Code   RO          196    .text.TSI_Init      tsi.o
    0x00002a60   0x00002a60   0x00000054   Code   RO          206    .text.TSI_ReadSlider  tsi.o
    0x00002ab4   0x00002ab4   0x00000014   Code   RO          148    .text.Trojkat       main.o
    0x00002ac8   0x00002ac8   0x0000000c   Code   RO            4    .text.__NVIC_ClearPendingIRQ  adc.o
    0x00002ad4   0x00002ad4   0x0000000c   Code   RO           84    .text.__NVIC_ClearPendingIRQ  klaw.o
    0x00002ae0   0x00002ae0   0x0000000c   Code   RO          158    .text.__NVIC_ClearPendingIRQ  main.o
    0x00002aec   0x00002aec   0x00000010   Code   RO          200    .text.__NVIC_ClearPendingIRQ  tsi.o
    0x00002afc   0x00002afc   0x0000000c   Code   RO            6    .text.__NVIC_EnableIRQ  adc.o
    0x00002b08   0x00002b08   0x0000000c   Code   RO           86    .text.__NVIC_EnableIRQ  klaw.o
    0x00002b14   0x00002b14   0x00000010   Code   RO          202    .text.__NVIC_EnableIRQ  tsi.o
    0x00002b24   0x00002b24   0x00000018   Code   RO           82    .text.__NVIC_SetPriority  klaw.o
    0x00002b3c   0x00002b3c   0x00000018   Code   RO          162    .text.__NVIC_SetPriority  main.o
    0x00002b54   0x00002b54   0x00000018   Code   RO          198    .text.__NVIC_SetPriority  tsi.o
    0x00002b6c   0x00002b6c   0x00000064   Code   RO          208    .text.change_electrode  tsi.o
    0x00002bd0   0x00002bd0   0x0000000c   Code   RO           60    .text.i2c_clr_IICIF  i2c.o
    0x00002bdc   0x00002bdc   0x0000000c   Code   RO           44    .text.i2c_disable   i2c.o
    0x00002be8   0x00002be8   0x0000000c   Code   RO           32    .text.i2c_enable    i2c.o
    0x00002bf4   0x00002bf4   0x0000000c   Code   RO           36    .text.i2c_m_start   i2c.o
    0x00002c00   0x00002c00   0x0000000c   Code   RO           42    .text.i2c_m_stop    i2c.o
    0x00002c0c   0x00002c0c   0x0000000c   Code   RO           52    .text.i2c_nack      i2c.o
    0x00002c18   0x00002c18   0x0000000c   Code   RO           50    .text.i2c_rec       i2c.o
    0x00002c24   0x00002c24   0x00000008   Code   RO           54    .text.i2c_recv      i2c.o
    0x00002c2c   0x00002c2c   0x0000000c   Code   RO           38    .text.i2c_send      i2c.o
    0x00002c38   0x00002c38   0x00000010   Code   RO           34    .text.i2c_tran      i2c.o
    0x00002c48   0x00002c48   0x0000005c   Code   RO           40    .text.i2c_wait      i2c.o
    0x00002ca4   0x00002ca4   0x00000344   Code   RO          160    .text.main          main.o
    0x00002fe8   0x00002fe8   0x000000a4   Code   RO          204    .text.self_calibration  tsi.o
    0x0000308c   0x0000308c   0x000001f6   Code   RO          288    .text_divfast       c_p.l(aeabi_sdivfast.o)
    0x00003282   0x00003282   0x00000030   Code   RO          439    i.__ARM_common_ll_muluu  c_p.l(btod.o)
    0x000032b2   0x000032b2   0x00000002   PAD
    0x000032b4   0x000032b4   0x0000002c   Code   RO          457    i.__ARM_fpclassify  m_ps.l(fpclassify.o)
    0x000032e0   0x000032e0   0x0000039c   Code   RO          390    i.__ieee754_rem_pio2  m_ps.l(rred.o)
    0x0000367c   0x0000367c   0x000000f4   Code   RO          373    i.__kernel_cos      m_ps.l(cos_i.o)
    0x00003770   0x00003770   0x000000ac   Code   RO          459    i.__kernel_poly     m_ps.l(poly.o)
    0x0000381c   0x0000381c   0x000000ec   Code   RO          397    i.__kernel_sin      m_ps.l(sin_i.o)
    0x00003908   0x00003908   0x0000000a   Code   RO          377    i.__mathlib_dbl_infnan  m_ps.l(dunder.o)
    0x00003912   0x00003912   0x00000010   Code   RO          379    i.__mathlib_dbl_invalid  m_ps.l(dunder.o)
    0x00003922   0x00003922   0x00000002   PAD
    0x00003924   0x00003924   0x00000014   Code   RO          380    i.__mathlib_dbl_overflow  m_ps.l(dunder.o)
    0x00003938   0x00003938   0x00000014   Code   RO          382    i.__mathlib_dbl_underflow  m_ps.l(dunder.o)
    0x0000394c   0x0000394c   0x00000016   Code   RO          313    i._fls              fz_ps.l(fcmp.o)
    0x00003962   0x00003962   0x0000000e   Code   RO          273    i._is_digit         c_p.l(__printf_wp.o)
    0x00003970   0x00003970   0x00000070   Code   RO          332    i.ldexp             m_ps.l(ldexp.o)
    0x000039e0   0x000039e0   0x0000009c   Code   RO          337    i.sin               m_ps.l(sin.o)
    0x00003a7c   0x00003a7c   0x0000002c   Code   RO          444    locale$$code        c_p.l(lc_numeric_c.o)
    0x00003aa8   0x00003aa8   0x00000064   Code   RO          362    x$fpl$deqf          fz_ps.l(deqf.o)
    0x00003b0c   0x00003b0c   0x00000054   Code   RO          370    x$fpl$fleqf         fz_ps.l(flef.o)
    0x00003b60   0x00003b60   0x00000010   Code   RO          328    x$fpl$printf1       fz_ps.l(printf1.o)
    0x00003b70   0x00003b70   0x00000000   Code   RO          372    x$fpl$usenofp       fz_ps.l(usenofp.o)
    0x00003b70   0x00003b70   0x00000040   Data   RO          322    .constdata          fz_ps.l(fdiv.o)
    0x00003bb0   0x00003bb0   0x00000030   Data   RO          374    .constdata          m_ps.l(cos_i.o)
    0x00003be0   0x00003be0   0x000000cc   Data   RO          392    .constdata          m_ps.l(rred.o)
    0x00003cac   0x00003cac   0x00000004   PAD
    0x00003cb0   0x00003cb0   0x00000028   Data   RO          398    .constdata          m_ps.l(sin_i.o)
    0x00003cd8   0x00003cd8   0x00000094   Data   RO          434    .constdata          c_p.l(bigflt0.o)
    0x00003d6c   0x00003d6c   0x00000080   Data   RO          451    .constdata          fz_ps.l(ddiv.o)
    0x00003dec   0x00003dec   0x00000034   Data   RO          179    .rodata.base_frequencies  main.o
    0x00003e20   0x00003e20   0x00000002   Data   RO          214    .rodata.elec_array  tsi.o
    0x00003e22   0x00003e22   0x0000001c   Data   RO          176    .rodata.frequency_map  main.o
    0x00003e3e   0x00003e3e   0x0000002a   Data   RO          177    .rodata.str1.1      main.o
    0x00003e68   0x00003e68   0x00000020   Data   RO          624    Region$$Table       anon$$obj.o
    0x00003e88   0x00003e88   0x0000001c   Data   RO          443    locale$$data        c_p.l(lc_numeric_c.o)


    Execution Region ER_RW (Exec base: 0x1ffffc00, Load base: 0x00003ea4, Size: 0x00000044, Max: 0xffffffff, ABSOLUTE)

    Exec Addr    Load Addr    Size         Type   Attr      Idx    E Section Name        Object

    0x1ffffc00   0x00003ea4   0x00000004   Data   RW          166    .data.DIV_CORE      main.o
    0x1ffffc04   0x00003ea8   0x00000004   Data   RW          241    .data.SystemCoreClock  system_mkl05z4.o
    0x1ffffc08   0x00003eac   0x00000001   Data   RW          138    .data.lcd_backlight  lcd1602.o
    0x1ffffc09   0x00003ead   0x00000003   PAD
    0x1ffffc0c   0x00003eb0   0x00000034   Data   RW          178    .data.notes         main.o
    0x1ffffc40   0x00003ee4   0x00000001   Data   RW          173    .data.octave        main.o
    0x1ffffc41   0x00003ee5   0x00000001   PAD
    0x1ffffc42   0x00003ee6   0x00000002   Data   RW          171    .data.slider        main.o


    Execution Region ER_ZI (Exec base: 0x1ffffc48, Load base: 0x00003ee8, Size: 0x00000b88, Max: 0xffffffff, ABSOLUTE)

    Exec Addr    Load Addr    Size         Type   Attr      Idx    E Section Name        Object

    0x1ffffc48        -       0x00000060   Zero   RW          462    .bss                c_p.l(libspace.o)
    0x1ffffca8        -       0x00000001   Zero   RW          167    .bss.S2_press       main.o
    0x1ffffca9        -       0x00000001   Zero   RW          168    .bss.S3_press       main.o
    0x1ffffcaa        -       0x00000001   Zero   RW          169    .bss.S4_press       main.o
    0x1ffffcab   0x00003ee8   0x00000001   PAD
    0x1ffffcac        -       0x00000800   Zero   RW          181    .bss.Sinus          main.o
    0x200004ac        -       0x00000002   Zero   RW          180    .bss.dac            main.o
    0x200004ae        -       0x00000002   Zero   RW          186    .bss.df             main.o
    0x200004b0        -       0x00000001   Zero   RW           69    .bss.dummy          i2c.o
    0x200004b1        -       0x00000001   Zero   RW          212    .bss.end_flag       tsi.o
    0x200004b2        -       0x00000001   Zero   RW           68    .bss.error          i2c.o
    0x200004b3   0x00003ee8   0x00000001   PAD
    0x200004b4        -       0x00000002   Zero   RW          182    .bss.faza           main.o
    0x200004b6        -       0x00000004   Zero   RW          215    .bss.gu16Baseline   tsi.o
    0x200004ba        -       0x00000004   Zero   RW          213    .bss.gu16Delta      tsi.o
    0x200004be        -       0x00000002   Zero   RW          172    .bss.ksztalt        main.o
    0x200004c0        -       0x00000002   Zero   RW          183    .bss.mod            main.o
    0x200004c2        -       0x00000001   Zero   RW          216    .bss.ongoing_elec   tsi.o
    0x200004c3        -       0x00000001   Zero   RW          139    .bss.pcf_address    lcd1602.o
    0x200004c4        -       0x00000002   Zero   RW          184    .bss.temp           main.o
    0x200004c6   0x00003ee8   0x00000002   PAD
    0x200004c8        -       0x00000004   Zero   RW          185    .bss.wynik          main.o
    0x200004cc        -       0x00000001   Zero   RW          170    .bss.wynik_ok       main.o
    0x200004cd   0x00003ee8   0x00000003   PAD
    0x200004d0        -       0x00000000   Zero   RW          225    HEAP                startup_mkl05z4.o
    0x200004d0        -       0x00000300   Zero   RW          224    STACK               startup_mkl05z4.o


==============================================================================

Image component sizes


      Code (inc. data)   RO Data    RW Data    ZI Data      Debug   Object Name

       204         12          0          0          0       3540   adc.o
        92          8          0          0          0       1963   dac.o
       432         40          0          0          2       5108   i2c.o
       168         16          0          0          0       3375   klaw.o
       504         12          0          1          1       5264   lcd1602.o
      1316        232        122         59       2068       6033   main.o
        68         38        192          0        768        780   startup_mkl05z4.o
        76         16          0          4          0       2276   system_mkl05z4.o
       504         68          2          0         10       4686   tsi.o

    ----------------------------------------------------------------------
      3364        442        348         68       2856      33025   Object Totals
         0          0         32          0          0          0   (incl. Generated)
         0          0          0          4          7          0   (incl. Padding)

    ----------------------------------------------------------------------

      Code (inc. data)   RO Data    RW Data    ZI Data      Debug   Library Member Name

         8          0          0          0          0         68   __main.o
       284          0          0          0          0        136   __printf_wp.o
         0          0          0          0          0          0   __rtentry.o
        12          0          0          0          0          0   __rtentry2.o
         6          0          0          0          0          0   __rtentry4.o
        60          8          0          0          0          0   __scatter.o
        26          0          0          0          0          0   __scatter_copy.o
        28          0          0          0          0          0   __scatter_zi.o
        46          0          0          0          0        100   _printf_char.o
        48          6          0          0          0         88   _printf_char_common.o
        10          0          0          0          0          0   _printf_d.o
       108         18          0          0          0         76   _printf_dec.o
        10          0          0          0          0          0   _printf_f.o
      1044         12          0          0          0        116   _printf_fp_dec.o
       136         16          0          0          0         76   _printf_fp_infnan.o
       176          0          0          0          0         84   _printf_intcommon.o
        78          0          0          0          0        100   _printf_pad.o
         2          0          0          0          0          0   _printf_percent.o
         4          0          0          0          0          0   _printf_percent_end.o
        10          0          0          0          0          0   _printf_s.o
        82          0          0          0          0         72   _printf_str.o
        22          0          0          0          0         92   _rserrno.o
        10          0          0          0          0         60   _sputc.o
      1006          4          0          0          0        184   aeabi_sdivfast.o
       216          6        148          0          0         80   bigflt0.o
      1456         30          0          0          0        336   btod.o
        16          0          0          0          0         68   exit.o
         6          0          0          0          0        136   heapauxi.o
         0          0          0          0          0          0   indicate_semi.o
        44         10         28          0          0         76   lc_numeric_c.o
         2          0          0          0          0          0   libinit.o
        18          0          0          0          0          0   libinit2.o
         2          0          0          0          0          0   libshutdown.o
         2          0          0          0          0          0   libshutdown2.o
         8          4          0          0         96         68   libspace.o
       122          0          0          0          0         72   lludiv10.o
        40          4          0          0          0         84   noretval__2sprintf.o
         8          4          0          0          0         68   rt_errno_addr_intlibspace.o
         8          4          0          0          0         68   rt_locale_intlibspace.o
         2          0          0          0          0          0   rtexit.o
        10          0          0          0          0          0   rtexit2.o
        40          0          0          0          0         60   rtudiv10.o
       176          4          0          0          0         80   strcmpv6m.o
        12          4          0          0          0         60   sys_exit.o
        62          0          0          0          0         80   sys_stackheap_outer.o
         2          0          0          0          0         68   use_no_semi.o
        46          0          0          0          0         60   cmpret.o
       124          4          0          0          0         72   d2f.o
       856         20          0          0          0        208   daddsub.o
       160          6          0          0          0         76   dcmpin.o
      1096         26        128          0          0        112   ddiv.o
       100          4          0          0          0         92   deqf.o
       108         10          0          0          0         72   dfixi.o
        88          0          0          0          0         92   dflti.o
       584         26          0          0          0         84   dmul.o
        20          6          0          0          0         68   dnan2.o
        96         12          0          0          0         72   dscalbn.o
        84          4          0          0          0         60   f2d.o
        22          0          0          0          0         68   fcmp.o
       100          4          0          0          0         68   fcmpin.o
       352         10         64          0          0         92   fdiv.o
        76          0          0          0          0         68   ffixi.o
        94          0          0          0          0         92   fflti.o
        84          4          0          0          0         76   flef.o
        16          6          0          0          0         68   fnan2.o
        16          4          0          0          0         76   printf1.o
        94          0          0          0          0         68   retnan.o
         0          0          0          0          0          0   usenofp.o
       244         20         48          0          0         92   cos_i.o
        66         10          0          0          0        272   dunder.o
        44          4          0          0          0         60   fpclassify.o
       112          0          0          0          0         72   ldexp.o
       172          0          0          0          0         76   poly.o
       924         86        204          0          0        120   rred.o
       156         10          0          0          0        104   sin.o
       236         14         40          0          0        100   sin_i.o

    ----------------------------------------------------------------------
     11660        424        664          0         96       5296   Library Totals
        22          0          4          0          0          0   (incl. Padding)

    ----------------------------------------------------------------------

      Code (inc. data)   RO Data    RW Data    ZI Data      Debug   Library Name

      5468        134        176          0         96       2656   c_p.l
      4216        146        192          0          0       1744   fz_ps.l
      1954        144        292          0          0        896   m_ps.l

    ----------------------------------------------------------------------
     11660        424        664          0         96       5296   Library Totals

    ----------------------------------------------------------------------

==============================================================================


      Code (inc. data)   RO Data    RW Data    ZI Data      Debug   

     15024        866       1012         68       2952      35553   Grand Totals
     15024        866       1012         68       2952      35553   ELF Image Totals
     15024        866       1012         68          0          0   ROM Totals

==============================================================================

    Total RO  Size (Code + RO Data)                16036 (  15.66kB)
    Total RW  Size (RW Data + ZI Data)              3020 (   2.95kB)
    Total ROM Size (Code + RO Data + RW Data)      16104 (  15.73kB)

==============================================================================

